171.33.4.50 - - [05/Sep/2023:02:17:25 +0000] "GET /wp-includes/js/thickbox/thickbox.js?ver=3.1-20121105 HTTP/1.1" 200 4366 "http://www.sipress.com/wp-admin/" "Mozilla/5.0 (X11; Linux x86_64; rv:102.0) Gecko/20100101 Firefox/102.0"
171.33.4.50 - - [05/Sep/2023:02:17:25 +0000] "GET /wp-admin/js/media-upload.min.js?ver=6.1.1 HTTP/1.1" 200 961 "http://www.sipress.com/wp-admin/" "Mozilla/5.0 (X11; Linux x86_64; rv:102.0) Gecko/20100101 Firefox/102.0"
171.33.4.50 - - [05/Sep/2023:02:17:25 +0000] "GET /wp-admin/js/svg-painter.js?ver=6.1.1 HTTP/1.1" 200 2476 "http://www.sipress.com/wp-admin/" "Mozilla/5.0 (X11; Linux x86_64; rv:102.0) Gecko/20100101 Firefox/102.0"
171.33.4.50 - - [05/Sep/2023:02:17:25 +0000] "GET /wp-includes/js/heartbeat.min.js?ver=6.1.1 HTTP/1.1" 200 2378 "http://www.sipress.com/wp-admin/" "Mozilla/5.0 (X11; Linux x86_64; rv:102.0) Gecko/20100101 Firefox/102.0"
171.33.4.50 - - [05/Sep/2023:02:17:25 +0000] "GET /wp-includes/js/wp-auth-check.min.js?ver=6.1.1 HTTP/1.1" 200 1122 "http://www.sipress.com/wp-admin/" "Mozilla/5.0 (X11; Linux x86_64; rv:102.0) Gecko/20100101 Firefox/102.0"
171.33.4.50 - - [05/Sep/2023:02:17:25 +0000] "GET /wp-includes/js/wplink.min.js?ver=6.1.1 HTTP/1.1" 200 4231 "http://www.sipress.com/wp-admin/" "Mozilla/5.0 (X11; Linux x86_64; rv:102.0) Gecko/20100101 Firefox/102.0"
171.33.4.50 - - [05/Sep/2023:02:17:25 +0000] "GET /wp-includes/js/jquery/ui/menu.min.js?ver=1.13.2 HTTP/1.1" 200 3375 "http://www.sipress.com/wp-admin/" "Mozilla/5.0 (X11; Linux x86_64; rv:102.0) Gecko/20100101 Firefox/102.0"
171.33.4.50 - - [05/Sep/2023:02:17:25 +0000] "GET /wp-includes/js/jquery/ui/autocomplete.min.js?ver=1.13.2 HTTP/1.1" 200 3228 "http://www.sipress.com/wp-admin/" "Mozilla/5.0 (X11; Linux x86_64; rv:102.0) Gecko/20100101 Firefox/102.0"
171.33.4.50 - - [05/Sep/2023:02:17:25 +0000] "GET /wp-admin/load-scripts.php?c=0&load%5Bchunk_0%5D=jquery-core,jquery-migrate,utils,jquery-ui-core,jquery-ui-mouse,jquery-ui-sortable&ver=6.1.1 HTTP/1.1" 200 48587 "http://www.sipress.com/wp-admin/" "Mozilla/5.0 (X11; Linux x86_64; rv:102.0) Gecko/20100101 Firefox/102.0"
171.33.4.50 - - [05/Sep/2023:02:17:25 +0000] "GET /wp-includes/js/shortcode.min.js?ver=6.1.1 HTTP/1.1" 200 1495 "http://www.sipress.com/wp-admin/" "Mozilla/5.0 (X11; Linux x86_64; rv:102.0) Gecko/20100101 Firefox/102.0"
171.33.4.50 - - [05/Sep/2023:02:17:25 +0000] "GET /wp-admin/load-styles.php?c=0&dir=ltr&load%5Bchunk_0%5D=dashicons,admin-bar,common,forms,admin-menu,dashboard,list-tables,edit,revisions,media,themes,about,nav-menus,wp-pointer,widgets&load%5Bchunk_1%5D=,site-icon,l10n,buttons,wp-auth-check&ver=6.1.1 HTTP/1.1" 200 99604 "http://www.sipress.com/wp-admin/" "Mozilla/5.0 (X11; Linux x86_64; rv:102.0) Gecko/20100101 Firefox/102.0"
171.33.4.50 - - [05/Sep/2023:02:17:25 +0000] "GET /wp-includes/js/dist/date.min.js?ver=ce7daf24092d87ff18be HTTP/1.1" 200 45148 "http://www.sipress.com/wp-admin/" "Mozilla/5.0 (X11; Linux x86_64; rv:102.0) Gecko/20100101 Firefox/102.0"
171.33.4.50 - - [05/Sep/2023:02:17:25 +0000] "GET /wp-includes/js/thickbox/loadingAnimation.gif HTTP/1.1" 200 15525 "http://www.sipress.com/wp-admin/" "Mozilla/5.0 (X11; Linux x86_64; rv:102.0) Gecko/20100101 Firefox/102.0"
171.33.4.50 - - [05/Sep/2023:02:17:25 +0000] "POST /wp-admin/admin-ajax.php HTTP/1.1" 200 836 "http://www.sipress.com/wp-admin/" "Mozilla/5.0 (X11; Linux x86_64; rv:102.0) Gecko/20100101 Firefox/102.0"
171.33.4.50 - - [05/Sep/2023:02:17:25 +0000] "GET /wp-admin/images/spinner.gif HTTP/1.1" 200 3941 "http://www.sipress.com/wp-admin/load-styles.php?c=0&dir=ltr&load%5Bchunk_0%5D=dashicons,admin-bar,common,forms,admin-menu,dashboard,list-tables,edit,revisions,media,themes,about,nav-menus,wp-pointer,widgets&load%5Bchunk_1%5D=,site-icon,l10n,buttons,wp-auth-check&ver=6.1.1" "Mozilla/5.0 (X11; Linux x86_64; rv:102.0) Gecko/20100101 Firefox/102.0"
171.33.4.50 - - [05/Sep/2023:02:17:30 +0000] "GET /wp-admin/edit-comments.php HTTP/1.1" 200 14197 "http://www.sipress.com/wp-admin/" "Mozilla/5.0 (X11; Linux x86_64; rv:102.0) Gecko/20100101 Firefox/102.0"
172.20.129.51 - - [05/Sep/2023:02:17:32 +0000] "POST /wp-admin/admin-ajax.php HTTP/1.1" 200 579 "http://www.sipress.com/wp-admin/index.php" "Mozilla/5.0 (X11; Ubuntu; Linux x86_64; rv:109.0) Gecko/20100101 Firefox/113.0"
171.33.4.50 - - [05/Sep/2023:02:17:32 +0000] "GET /wp-admin/edit.php?post_type=page HTTP/1.1" 200 12250 "http://www.sipress.com/wp-admin/edit-comments.php" "Mozilla/5.0 (X11; Linux x86_64; rv:102.0) Gecko/20100101 Firefox/102.0"
171.33.4.50 - - [05/Sep/2023:02:17:33 +0000] "GET / HTTP/1.1" 200 10298 "-" "Mozilla/5.0 (X11; Linux x86_64; rv:102.0) Gecko/20100101 Firefox/102.0"
171.33.4.50 - - [05/Sep/2023:02:17:35 +0000] "GET / HTTP/1.1" 200 10297 "-" "Mozilla/5.0 (X11; Linux x86_64; rv:102.0) Gecko/20100101 Firefox/102.0"
171.33.4.50 - - [05/Sep/2023:02:17:35 +0000] "GET / HTTP/1.1" 200 10297 "-" "Mozilla/5.0 (X11; Linux x86_64; rv:102.0) Gecko/20100101 Firefox/102.0"
171.33.4.50 - - [05/Sep/2023:02:17:35 +0000] "GET /wp-admin/edit-comments.php HTTP/1.1" 200 14204 "http://www.sipress.com/wp-admin/edit-comments.php" "Mozilla/5.0 (X11; Linux x86_64; rv:102.0) Gecko/20100101 Firefox/102.0"
::1 - - [05/Sep/2023:02:17:41 +0000] "OPTIONS * HTTP/1.0" 200 126 "-" "Apache/2.4.29 (Ubuntu) (internal dummy connection)"
47.53.122.78 - - [05/Sep/2023:02:17:45 +0000] "GET /wp-login.php HTTP/1.1" 200 2181 "-" "Mozilla/5.0 (X11; Linux x86_64; rv:91.0) Gecko/20100101 Firefox/91.0"
47.53.122.78 - - [05/Sep/2023:02:17:45 +0000] "GET /wp-includes/css/buttons.min.css?ver=6.1.1 HTTP/1.1" 200 1791 "http://www.sipress.com/wp-login.php" "Mozilla/5.0 (X11; Linux x86_64; rv:91.0) Gecko/20100101 Firefox/91.0"
47.53.122.78 - - [05/Sep/2023:02:17:45 +0000] "GET /wp-admin/css/forms.min.css?ver=6.1.1 HTTP/1.1" 200 6687 "http://www.sipress.com/wp-login.php" "Mozilla/5.0 (X11; Linux x86_64; rv:91.0) Gecko/20100101 Firefox/91.0"
47.53.122.78 - - [05/Sep/2023:02:17:45 +0000] "GET /wp-admin/css/l10n.min.css?ver=6.1.1 HTTP/1.1" 200 1022 "http://www.sipress.com/wp-login.php" "Mozilla/5.0 (X11; Linux x86_64; rv:91.0) Gecko/20100101 Firefox/91.0"
47.53.122.78 - - [05/Sep/2023:02:17:45 +0000] "GET /wp-admin/css/login.min.css?ver=6.1.1 HTTP/1.1" 200 2494 "http://www.sipress.com/wp-login.php" "Mozilla/5.0 (X11; Linux x86_64; rv:91.0) Gecko/20100101 Firefox/91.0"
47.53.122.78 - - [05/Sep/2023:02:17:45 +0000] "GET /wp-includes/css/dashicons.min.css?ver=6.1.1 HTTP/1.1" 200 36068 "http://www.sipress.com/wp-login.php" "Mozilla/5.0 (X11; Linux x86_64; rv:91.0) Gecko/20100101 Firefox/91.0"
47.53.122.78 - - [05/Sep/2023:02:17:45 +0000] "GET /wp-includes/js/zxcvbn-async.min.js?ver=1.0 HTTP/1.1" 200 605 "http://www.sipress.com/wp-login.php" "Mozilla/5.0 (X11; Linux x86_64; rv:91.0) Gecko/20100101 Firefox/91.0"
47.53.122.78 - - [05/Sep/2023:02:17:45 +0000] "GET /wp-includes/js/dist/vendor/regenerator-runtime.min.js?ver=0.13.9 HTTP/1.1" 200 2808 "http://www.sipress.com/wp-login.php" "Mozilla/5.0 (X11; Linux x86_64; rv:91.0) Gecko/20100101 Firefox/91.0"
47.53.122.78 - - [05/Sep/2023:02:17:45 +0000] "GET /wp-includes/js/dist/vendor/wp-polyfill.min.js?ver=3.15.0 HTTP/1.1" 200 6883 "http://www.sipress.com/wp-login.php" "Mozilla/5.0 (X11; Linux x86_64; rv:91.0) Gecko/20100101 Firefox/91.0"
47.53.122.78 - - [05/Sep/2023:02:17:45 +0000] "GET /wp-includes/js/dist/hooks.min.js?ver=4169d3cf8e8d95a3d6d5 HTTP/1.1" 200 2012 "http://www.sipress.com/wp-login.php" "Mozilla/5.0 (X11; Linux x86_64; rv:91.0) Gecko/20100101 Firefox/91.0"
47.53.122.78 - - [05/Sep/2023:02:17:45 +0000] "GET /wp-includes/js/dist/i18n.min.js?ver=9e794f35a71bb98672ae HTTP/1.1" 200 4217 "http://www.sipress.com/wp-login.php" "Mozilla/5.0 (X11; Linux x86_64; rv:91.0) Gecko/20100101 Firefox/91.0"
47.53.122.78 - - [05/Sep/2023:02:17:45 +0000] "GET /wp-admin/js/password-strength-meter.min.js?ver=6.1.1 HTTP/1.1" 200 970 "http://www.sipress.com/wp-login.php" "Mozilla/5.0 (X11; Linux x86_64; rv:91.0) Gecko/20100101 Firefox/91.0"
47.53.122.78 - - [05/Sep/2023:02:17:45 +0000] "GET /wp-includes/js/wp-util.min.js?ver=6.1.1 HTTP/1.1" 200 1105 "http://www.sipress.com/wp-login.php" "Mozilla/5.0 (X11; Linux x86_64; rv:91.0) Gecko/20100101 Firefox/91.0"
47.53.122.78 - - [05/Sep/2023:02:17:45 +0000] "GET /wp-includes/js/underscore.min.js?ver=1.13.4 HTTP/1.1" 200 7662 "http://www.sipress.com/wp-login.php" "Mozilla/5.0 (X11; Linux x86_64; rv:91.0) Gecko/20100101 Firefox/91.0"
47.53.122.78 - - [05/Sep/2023:02:17:45 +0000] "GET /wp-admin/js/user-profile.min.js?ver=6.1.1 HTTP/1.1" 200 2676 "http://www.sipress.com/wp-login.php" "Mozilla/5.0 (X11; Linux x86_64; rv:91.0) Gecko/20100101 Firefox/91.0"
47.53.122.78 - - [05/Sep/2023:02:17:45 +0000] "GET /wp-admin/images/wordpress-logo.svg?ver=20131107 HTTP/1.1" 200 1810 "http://www.sipress.com/wp-admin/css/login.min.css?ver=6.1.1" "Mozilla/5.0 (X11; Linux x86_64; rv:91.0) Gecko/20100101 Firefox/91.0"
47.53.122.78 - - [05/Sep/2023:02:17:45 +0000] "GET /wp-includes/js/zxcvbn.min.js HTTP/1.1" 200 400400 "http://www.sipress.com/wp-login.php" "Mozilla/5.0 (X11; Linux x86_64; rv:91.0) Gecko/20100101 Firefox/91.0"
47.53.122.78 - - [05/Sep/2023:02:17:56 +0000] "POST /wp-login.php HTTP/1.1" 302 1120 "http://www.sipress.com/wp-login.php" "Mozilla/5.0 (X11; Linux x86_64; rv:91.0) Gecko/20100101 Firefox/91.0"
47.53.122.78 - - [05/Sep/2023:02:17:56 +0000] "GET /wp-admin/ HTTP/1.1" 200 15121 "http://www.sipress.com/wp-login.php" "Mozilla/5.0 (X11; Linux x86_64; rv:91.0) Gecko/20100101 Firefox/91.0"
47.53.122.78 - - [05/Sep/2023:02:17:56 +0000] "GET /wp-includes/js/thickbox/thickbox.css?ver=6.1.1 HTTP/1.1" 200 1275 "http://www.sipress.com/wp-admin/" "Mozilla/5.0 (X11; Linux x86_64; rv:91.0) Gecko/20100101 Firefox/91.0"
47.53.122.78 - - [05/Sep/2023:02:17:56 +0000] "GET /wp-content/plugins/paid-memberships-pro/css/admin.css?ver=2.9.7 HTTP/1.1" 200 14064 "http://www.sipress.com/wp-admin/" "Mozilla/5.0 (X11; Linux x86_64; rv:91.0) Gecko/20100101 Firefox/91.0"
47.53.122.78 - - [05/Sep/2023:02:17:56 +0000] "GET /wp-content/plugins/paid-memberships-pro/includes/lib/SendWP/installer.js?ver=6.1.1 HTTP/1.1" 200 1260 "http://www.sipress.com/wp-admin/" "Mozilla/5.0 (X11; Linux x86_64; rv:91.0) Gecko/20100101 Firefox/91.0"
47.53.122.78 - - [05/Sep/2023:02:17:56 +0000] "GET /wp-admin/load-scripts.php?c=0&load%5Bchunk_0%5D=hoverIntent,regenerator-runtime,wp-polyfill,wp-hooks&ver=6.1.1 HTTP/1.1" 200 11115 "http://www.sipress.com/wp-admin/" "Mozilla/5.0 (X11; Linux x86_64; rv:91.0) Gecko/20100101 Firefox/91.0"
47.53.122.78 - - [05/Sep/2023:02:17:56 +0000] "GET /wp-includes/css/editor.min.css?ver=6.1.1 HTTP/1.1" 200 6211 "http://www.sipress.com/wp-admin/" "Mozilla/5.0 (X11; Linux x86_64; rv:91.0) Gecko/20100101 Firefox/91.0"
47.53.122.78 - - [05/Sep/2023:02:17:56 +0000] "GET /wp-content/plugins/paid-memberships-pro/js/pmpro-admin.js?ver=2.9.7 HTTP/1.1" 200 7107 "http://www.sipress.com/wp-admin/" "Mozilla/5.0 (X11; Linux x86_64; rv:91.0) Gecko/20100101 Firefox/91.0"
47.53.122.78 - - [05/Sep/2023:02:17:56 +0000] "GET /wp-admin/js/common.min.js?ver=6.1.1 HTTP/1.1" 200 6891 "http://www.sipress.com/wp-admin/" "Mozilla/5.0 (X11; Linux x86_64; rv:91.0) Gecko/20100101 Firefox/91.0"
47.53.122.78 - - [05/Sep/2023:02:17:56 +0000] "GET /wp-includes/js/hoverintent-js.min.js?ver=2.2.1 HTTP/1.1" 200 1067 "http://www.sipress.com/wp-admin/" "Mozilla/5.0 (X11; Linux x86_64; rv:91.0) Gecko/20100101 Firefox/91.0"
47.53.122.78 - - [05/Sep/2023:02:17:56 +0000] "GET /wp-includes/js/admin-bar.min.js?ver=6.1.1 HTTP/1.1" 200 1742 "http://www.sipress.com/wp-admin/" "Mozilla/5.0 (X11; Linux x86_64; rv:91.0) Gecko/20100101 Firefox/91.0"
47.53.122.78 - - [05/Sep/2023:02:17:56 +0000] "GET /wp-includes/js/dist/dom-ready.min.js?ver=392bdd43726760d1f3ca HTTP/1.1" 200 680 "http://www.sipress.com/wp-admin/" "Mozilla/5.0 (X11; Linux x86_64; rv:91.0) Gecko/20100101 Firefox/91.0"
47.53.122.78 - - [05/Sep/2023:02:17:56 +0000] "GET /wp-includes/js/dist/a11y.min.js?ver=ecce20f002eda4c19664 HTTP/1.1" 200 1338 "http://www.sipress.com/wp-admin/" "Mozilla/5.0 (X11; Linux x86_64; rv:91.0) Gecko/20100101 Firefox/91.0"
47.53.122.78 - - [05/Sep/2023:02:17:56 +0000] "GET /wp-includes/js/wp-ajax-response.min.js?ver=6.1.1 HTTP/1.1" 200 1429 "http://www.sipress.com/wp-admin/" "Mozilla/5.0 (X11; Linux x86_64; rv:91.0) Gecko/20100101 Firefox/91.0"
47.53.122.78 - - [05/Sep/2023:02:17:56 +0000] "GET /wp-includes/js/jquery/jquery.color.min.js?ver=2.2.0 HTTP/1.1" 200 3255 "http://www.sipress.com/wp-admin/" "Mozilla/5.0 (X11; Linux x86_64; rv:91.0) Gecko/20100101 Firefox/91.0"
47.53.122.78 - - [05/Sep/2023:02:17:56 +0000] "GET /wp-includes/js/wp-lists.min.js?ver=6.1.1 HTTP/1.1" 200 2887 "http://www.sipress.com/wp-admin/" "Mozilla/5.0 (X11; Linux x86_64; rv:91.0) Gecko/20100101 Firefox/91.0"
47.53.122.78 - - [05/Sep/2023:02:17:56 +0000] "GET /wp-includes/js/quicktags.min.js?ver=6.1.1 HTTP/1.1" 200 3861 "http://www.sipress.com/wp-admin/" "Mozilla/5.0 (X11; Linux x86_64; rv:91.0) Gecko/20100101 Firefox/91.0"
47.53.122.78 - - [05/Sep/2023:02:17:56 +0000] "GET /wp-includes/js/jquery/jquery.query.js?ver=2.2.3 HTTP/1.1" 200 1977 "http://www.sipress.com/wp-admin/" "Mozilla/5.0 (X11; Linux x86_64; rv:91.0) Gecko/20100101 Firefox/91.0"
47.53.122.78 - - [05/Sep/2023:02:17:56 +0000] "GET /wp-admin/load-scripts.php?c=0&load%5Bchunk_0%5D=jquery-core,jquery-migrate,utils,jquery-ui-core,jquery-ui-mouse,jquery-ui-sortable&ver=6.1.1 HTTP/1.1" 200 48587 "http://www.sipress.com/wp-admin/" "Mozilla/5.0 (X11; Linux x86_64; rv:91.0) Gecko/20100101 Firefox/91.0"
47.53.122.78 - - [05/Sep/2023:02:17:56 +0000] "GET /wp-admin/js/edit-comments.min.js?ver=6.1.1 HTTP/1.1" 200 5461 "http://www.sipress.com/wp-admin/" "Mozilla/5.0 (X11; Linux x86_64; rv:91.0) Gecko/20100101 Firefox/91.0"
47.53.122.78 - - [05/Sep/2023:02:17:56 +0000] "GET /wp-includes/js/dist/deprecated.min.js?ver=6c963cb9494ba26b77eb HTTP/1.1" 200 862 "http://www.sipress.com/wp-admin/" "Mozilla/5.0 (X11; Linux x86_64; rv:91.0) Gecko/20100101 Firefox/91.0"
47.53.122.78 - - [05/Sep/2023:02:17:56 +0000] "GET /wp-includes/js/thickbox/thickbox.js?ver=3.1-20121105 HTTP/1.1" 200 4367 "http://www.sipress.com/wp-admin/" "Mozilla/5.0 (X11; Linux x86_64; rv:91.0) Gecko/20100101 Firefox/91.0"
47.53.122.78 - - [05/Sep/2023:02:17:56 +0000] "GET /wp-admin/js/dashboard.min.js?ver=6.1.1 HTTP/1.1" 200 3413 "http://www.sipress.com/wp-admin/" "Mozilla/5.0 (X11; Linux x86_64; rv:91.0) Gecko/20100101 Firefox/91.0"
47.53.122.78 - - [05/Sep/2023:02:17:56 +0000] "GET /wp-admin/js/svg-painter.js?ver=6.1.1 HTTP/1.1" 200 2476 "http://www.sipress.com/wp-admin/" "Mozilla/5.0 (X11; Linux x86_64; rv:91.0) Gecko/20100101 Firefox/91.0"
47.53.122.78 - - [05/Sep/2023:02:17:56 +0000] "GET /wp-includes/js/dist/vendor/moment.min.js?ver=2.29.4 HTTP/1.1" 200 18901 "http://www.sipress.com/wp-admin/" "Mozilla/5.0 (X11; Linux x86_64; rv:91.0) Gecko/20100101 Firefox/91.0"
47.53.122.78 - - [05/Sep/2023:02:17:56 +0000] "GET /wp-includes/js/heartbeat.min.js?ver=6.1.1 HTTP/1.1" 200 2378 "http://www.sipress.com/wp-admin/" "Mozilla/5.0 (X11; Linux x86_64; rv:91.0) Gecko/20100101 Firefox/91.0"
47.53.122.78 - - [05/Sep/2023:02:17:56 +0000] "GET /wp-includes/js/wp-auth-check.min.js?ver=6.1.1 HTTP/1.1" 200 1122 "http://www.sipress.com/wp-admin/" "Mozilla/5.0 (X11; Linux x86_64; rv:91.0) Gecko/20100101 Firefox/91.0"
47.53.122.78 - - [05/Sep/2023:02:17:56 +0000] "GET /wp-includes/js/jquery/ui/menu.min.js?ver=1.13.2 HTTP/1.1" 200 3375 "http://www.sipress.com/wp-admin/" "Mozilla/5.0 (X11; Linux x86_64; rv:91.0) Gecko/20100101 Firefox/91.0"
47.53.122.78 - - [05/Sep/2023:02:17:56 +0000] "GET /wp-includes/js/jquery/ui/autocomplete.min.js?ver=1.13.2 HTTP/1.1" 200 3228 "http://www.sipress.com/wp-admin/" "Mozilla/5.0 (X11; Linux x86_64; rv:91.0) Gecko/20100101 Firefox/91.0"
47.53.122.78 - - [05/Sep/2023:02:17:56 +0000] "GET /wp-includes/js/wplink.min.js?ver=6.1.1 HTTP/1.1" 200 4231 "http://www.sipress.com/wp-admin/" "Mozilla/5.0 (X11; Linux x86_64; rv:91.0) Gecko/20100101 Firefox/91.0"
47.53.122.78 - - [05/Sep/2023:02:17:56 +0000] "GET /wp-admin/js/postbox.min.js?ver=6.1.1 HTTP/1.1" 200 2572 "http://www.sipress.com/wp-admin/" "Mozilla/5.0 (X11; Linux x86_64; rv:91.0) Gecko/20100101 Firefox/91.0"
47.53.122.78 - - [05/Sep/2023:02:17:56 +0000] "GET /wp-admin/load-styles.php?c=0&dir=ltr&load%5Bchunk_0%5D=dashicons,admin-bar,common,forms,admin-menu,dashboard,list-tables,edit,revisions,media,themes,about,nav-menus,wp-pointer,widgets&load%5Bchunk_1%5D=,site-icon,l10n,buttons,wp-auth-check&ver=6.1.1 HTTP/1.1" 200 99604 "http://www.sipress.com/wp-admin/" "Mozilla/5.0 (X11; Linux x86_64; rv:91.0) Gecko/20100101 Firefox/91.0"
47.53.122.78 - - [05/Sep/2023:02:17:56 +0000] "GET /wp-includes/js/dist/date.min.js?ver=ce7daf24092d87ff18be HTTP/1.1" 200 45148 "http://www.sipress.com/wp-admin/" "Mozilla/5.0 (X11; Linux x86_64; rv:91.0) Gecko/20100101 Firefox/91.0"
47.53.122.78 - - [05/Sep/2023:02:17:56 +0000] "GET /wp-includes/js/thickbox/loadingAnimation.gif HTTP/1.1" 200 15525 "http://www.sipress.com/wp-admin/" "Mozilla/5.0 (X11; Linux x86_64; rv:91.0) Gecko/20100101 Firefox/91.0"
47.53.122.78 - - [05/Sep/2023:02:17:56 +0000] "POST /wp-admin/admin-ajax.php HTTP/1.1" 200 836 "http://www.sipress.com/wp-admin/" "Mozilla/5.0 (X11; Linux x86_64; rv:91.0) Gecko/20100101 Firefox/91.0"
47.53.122.78 - - [05/Sep/2023:02:17:56 +0000] "GET /wp-admin/images/spinner.gif HTTP/1.1" 200 3941 "http://www.sipress.com/wp-admin/load-styles.php?c=0&dir=ltr&load%5Bchunk_0%5D=dashicons,admin-bar,common,forms,admin-menu,dashboard,list-tables,edit,revisions,media,themes,about,nav-menus,wp-pointer,widgets&load%5Bchunk_1%5D=,site-icon,l10n,buttons,wp-auth-check&ver=6.1.1" "Mozilla/5.0 (X11; Linux x86_64; rv:91.0) Gecko/20100101 Firefox/91.0"
::1 - - [05/Sep/2023:02:18:02 +0000] "OPTIONS * HTTP/1.0" 200 126 "-" "Apache/2.4.29 (Ubuntu) (internal dummy connection)"
10.112.25.200 - - [05/Sep/2023:02:18:18 +0000] "POST /wp-admin/admin-ajax.php HTTP/1.1" 200 579 "http://www.sipress.com/wp-admin/" "Mozilla/5.0 (X11; Ubuntu; Linux x86_64; rv:109.0) Gecko/20100101 Firefox/113.0"
172.20.129.51 - - [05/Sep/2023:02:18:32 +0000] "POST /wp-admin/admin-ajax.php HTTP/1.1" 200 579 "http://www.sipress.com/wp-admin/index.php" "Mozilla/5.0 (X11; Ubuntu; Linux x86_64; rv:109.0) Gecko/20100101 Firefox/113.0"
171.33.4.50 - - [05/Sep/2023:02:18:36 +0000] "POST /wp-admin/admin-ajax.php HTTP/1.1" 200 579 "http://www.sipress.com/wp-admin/edit-comments.php" "Mozilla/5.0 (X11; Linux x86_64; rv:102.0) Gecko/20100101 Firefox/102.0"
240.136.42.209 - - [05/Sep/2023:02:19:18 +0000] "POST /wp-login.php HTTP/1.1" 200 2301 "http://www.sipress.com/wp-login.php" "Mozilla/5.0 (X11; Ubuntu; Linux x86_64; rv:109.0) Gecko/20100101 Firefox/113.0"
10.112.25.200 - - [05/Sep/2023:02:19:18 +0000] "POST /wp-admin/admin-ajax.php HTTP/1.1" 200 579 "http://www.sipress.com/wp-admin/" "Mozilla/5.0 (X11; Ubuntu; Linux x86_64; rv:109.0) Gecko/20100101 Firefox/113.0"
240.136.42.209 - - [05/Sep/2023:02:19:23 +0000] "POST /wp-login.php HTTP/1.1" 200 2302 "http://www.sipress.com/wp-login.php" "Mozilla/5.0 (X11; Ubuntu; Linux x86_64; rv:109.0) Gecko/20100101 Firefox/113.0"
240.136.42.209 - - [05/Sep/2023:02:19:26 +0000] "POST /wp-login.php HTTP/1.1" 302 1110 "http://www.sipress.com/wp-login.php" "Mozilla/5.0 (X11; Ubuntu; Linux x86_64; rv:109.0) Gecko/20100101 Firefox/113.0"
240.136.42.209 - - [05/Sep/2023:02:19:26 +0000] "GET /wp-admin/ HTTP/1.1" 200 19330 "http://www.sipress.com/wp-login.php" "Mozilla/5.0 (X11; Ubuntu; Linux x86_64; rv:109.0) Gecko/20100101 Firefox/113.0"
240.136.42.209 - - [05/Sep/2023:02:19:26 +0000] "POST /wp-admin/admin-ajax.php HTTP/1.1" 200 836 "http://www.sipress.com/wp-admin/" "Mozilla/5.0 (X11; Ubuntu; Linux x86_64; rv:109.0) Gecko/20100101 Firefox/113.0"
172.20.129.51 - - [05/Sep/2023:02:19:32 +0000] "POST /wp-admin/admin-ajax.php HTTP/1.1" 200 579 "http://www.sipress.com/wp-admin/index.php" "Mozilla/5.0 (X11; Ubuntu; Linux x86_64; rv:109.0) Gecko/20100101 Firefox/113.0"
240.136.42.209 - - [05/Sep/2023:02:19:32 +0000] "GET /wp-admin/upload.php HTTP/1.1" 200 22341 "http://www.sipress.com/wp-admin/" "Mozilla/5.0 (X11; Ubuntu; Linux x86_64; rv:109.0) Gecko/20100101 Firefox/113.0"
240.136.42.209 - - [05/Sep/2023:02:19:32 +0000] "GET /wp-includes/js/backbone.min.js?ver=1.4.1 HTTP/1.1" 200 8228 "http://www.sipress.com/wp-admin/upload.php" "Mozilla/5.0 (X11; Ubuntu; Linux x86_64; rv:109.0) Gecko/20100101 Firefox/113.0"
240.136.42.209 - - [05/Sep/2023:02:19:32 +0000] "GET /wp-admin/load-scripts.php?c=0&load%5Bchunk_0%5D=jquery-core,jquery-migrate,utils,moxiejs,plupload,jquery-ui-core,jquery-ui-mouse,jquery-ui-sortable&ver=6.1.1 HTTP/1.1" 200 80577 "http://www.sipress.com/wp-admin/upload.php" "Mozilla/5.0 (X11; Ubuntu; Linux x86_64; rv:109.0) Gecko/20100101 Firefox/113.0"
240.136.42.209 - - [05/Sep/2023:02:19:32 +0000] "GET /wp-includes/js/mediaelement/wp-mediaelement.min.css?ver=6.1.1 HTTP/1.1" 200 1494 "http://www.sipress.com/wp-admin/upload.php" "Mozilla/5.0 (X11; Ubuntu; Linux x86_64; rv:109.0) Gecko/20100101 Firefox/113.0"
240.136.42.209 - - [05/Sep/2023:02:19:32 +0000] "GET /wp-includes/js/mediaelement/mediaelementplayer-legacy.min.css?ver=4.2.17 HTTP/1.1" 200 2930 "http://www.sipress.com/wp-admin/upload.php" "Mozilla/5.0 (X11; Ubuntu; Linux x86_64; rv:109.0) Gecko/20100101 Firefox/113.0"
240.136.42.209 - - [05/Sep/2023:02:19:32 +0000] "GET /wp-includes/js/media-models.min.js?ver=6.1.1 HTTP/1.1" 200 4468 "http://www.sipress.com/wp-admin/upload.php" "Mozilla/5.0 (X11; Ubuntu; Linux x86_64; rv:109.0) Gecko/20100101 Firefox/113.0"
240.136.42.209 - - [05/Sep/2023:02:19:32 +0000] "GET /wp-includes/js/wp-backbone.min.js?ver=6.1.1 HTTP/1.1" 200 1525 "http://www.sipress.com/wp-admin/upload.php" "Mozilla/5.0 (X11; Ubuntu; Linux x86_64; rv:109.0) Gecko/20100101 Firefox/113.0"
240.136.42.209 - - [05/Sep/2023:02:19:32 +0000] "GET /wp-includes/js/mediaelement/mediaelement-and-player.min.js?ver=4.2.17 HTTP/1.1" 200 39142 "http://www.sipress.com/wp-admin/upload.php" "Mozilla/5.0 (X11; Ubuntu; Linux x86_64; rv:109.0) Gecko/20100101 Firefox/113.0"
240.136.42.209 - - [05/Sep/2023:02:19:32 +0000] "GET /wp-includes/js/plupload/wp-plupload.min.js?ver=6.1.1 HTTP/1.1" 200 2672 "http://www.sipress.com/wp-admin/upload.php" "Mozilla/5.0 (X11; Ubuntu; Linux x86_64; rv:109.0) Gecko/20100101 Firefox/113.0"
240.136.42.209 - - [05/Sep/2023:02:19:32 +0000] "GET /wp-includes/js/mediaelement/wp-mediaelement.min.js?ver=6.1.1 HTTP/1.1" 200 824 "http://www.sipress.com/wp-admin/upload.php" "Mozilla/5.0 (X11; Ubuntu; Linux x86_64; rv:109.0) Gecko/20100101 Firefox/113.0"
240.136.42.209 - - [05/Sep/2023:02:19:32 +0000] "GET /wp-includes/js/imgareaselect/imgareaselect.css?ver=0.9.8 HTTP/1.1" 200 601 "http://www.sipress.com/wp-admin/upload.php" "Mozilla/5.0 (X11; Ubuntu; Linux x86_64; rv:109.0) Gecko/20100101 Firefox/113.0"
240.136.42.209 - - [05/Sep/2023:02:19:32 +0000] "GET /wp-includes/js/mce-view.min.js?ver=6.1.1 HTTP/1.1" 200 4112 "http://www.sipress.com/wp-admin/upload.php" "Mozilla/5.0 (X11; Ubuntu; Linux x86_64; rv:109.0) Gecko/20100101 Firefox/113.0"
240.136.42.209 - - [05/Sep/2023:02:19:32 +0000] "GET /wp-includes/js/mediaelement/mediaelement-migrate.min.js?ver=6.1.1 HTTP/1.1" 200 889 "http://www.sipress.com/wp-admin/upload.php" "Mozilla/5.0 (X11; Ubuntu; Linux x86_64; rv:109.0) Gecko/20100101 Firefox/113.0"
240.136.42.209 - - [05/Sep/2023:02:19:32 +0000] "GET /wp-includes/js/imgareaselect/jquery.imgareaselect.min.js?ver=6.1.1 HTTP/1.1" 200 4049 "http://www.sipress.com/wp-admin/upload.php" "Mozilla/5.0 (X11; Ubuntu; Linux x86_64; rv:109.0) Gecko/20100101 Firefox/113.0"
240.136.42.209 - - [05/Sep/2023:02:19:32 +0000] "GET /wp-includes/js/media-views.min.js?ver=6.1.1 HTTP/1.1" 200 26094 "http://www.sipress.com/wp-admin/upload.php" "Mozilla/5.0 (X11; Ubuntu; Linux x86_64; rv:109.0) Gecko/20100101 Firefox/113.0"
240.136.42.209 - - [05/Sep/2023:02:19:32 +0000] "GET /wp-admin/js/media.min.js?ver=6.1.1 HTTP/1.1" 200 1416 "http://www.sipress.com/wp-admin/upload.php" "Mozilla/5.0 (X11; Ubuntu; Linux x86_64; rv:109.0) Gecko/20100101 Firefox/113.0"
240.136.42.209 - - [05/Sep/2023:02:19:32 +0000] "GET /wp-includes/js/media-audiovideo.min.js?ver=6.1.1 HTTP/1.1" 200 3693 "http://www.sipress.com/wp-admin/upload.php" "Mozilla/5.0 (X11; Ubuntu; Linux x86_64; rv:109.0) Gecko/20100101 Firefox/113.0"
240.136.42.209 - - [05/Sep/2023:02:19:32 +0000] "GET /wp-includes/js/media-grid.min.js?ver=6.1.1 HTTP/1.1" 200 4189 "http://www.sipress.com/wp-admin/upload.php" "Mozilla/5.0 (X11; Ubuntu; Linux x86_64; rv:109.0) Gecko/20100101 Firefox/113.0"
240.136.42.209 - - [05/Sep/2023:02:19:32 +0000] "GET /wp-includes/js/media-editor.min.js?ver=6.1.1 HTTP/1.1" 200 3955 "http://www.sipress.com/wp-admin/upload.php" "Mozilla/5.0 (X11; Ubuntu; Linux x86_64; rv:109.0) Gecko/20100101 Firefox/113.0"
240.136.42.209 - - [05/Sep/2023:02:19:32 +0000] "GET /wp-admin/load-styles.php?c=0&dir=ltr&load%5Bchunk_0%5D=dashicons,admin-bar,buttons,media-views,common,forms,admin-menu,dashboard,list-tables,edit,revisions,media,themes,about,nav-menu&load%5Bchunk_1%5D=s,wp-pointer,widgets,site-icon,l10n,wp-auth-check&ver=6.1.1 HTTP/1.1" 200 107532 "http://www.sipress.com/wp-admin/upload.php" "Mozilla/5.0 (X11; Ubuntu; Linux x86_64; rv:109.0) Gecko/20100101 Firefox/113.0"
240.136.42.209 - - [05/Sep/2023:02:19:32 +0000] "GET /wp-admin/js/image-edit.min.js?ver=6.1.1 HTTP/1.1" 200 4121 "http://www.sipress.com/wp-admin/upload.php" "Mozilla/5.0 (X11; Ubuntu; Linux x86_64; rv:109.0) Gecko/20100101 Firefox/113.0"
240.136.42.209 - - [05/Sep/2023:02:19:33 +0000] "POST /wp-admin/admin-ajax.php HTTP/1.1" 200 592 "http://www.sipress.com/wp-admin/upload.php" "Mozilla/5.0 (X11; Ubuntu; Linux x86_64; rv:109.0) Gecko/20100101 Firefox/113.0"
240.136.42.209 - - [05/Sep/2023:02:19:33 +0000] "GET /wp-includes/images/spinner.gif HTTP/1.1" 200 3941 "http://www.sipress.com/wp-admin/load-styles.php?c=0&dir=ltr&load%5Bchunk_0%5D=dashicons,admin-bar,buttons,media-views,common,forms,admin-menu,dashboard,list-tables,edit,revisions,media,themes,about,nav-menu&load%5Bchunk_1%5D=s,wp-pointer,widgets,site-icon,l10n,wp-auth-check&ver=6.1.1" "Mozilla/5.0 (X11; Ubuntu; Linux x86_64; rv:109.0) Gecko/20100101 Firefox/113.0"
240.136.42.209 - - [05/Sep/2023:02:19:35 +0000] "GET / HTTP/1.1" 200 10298 "-" "Mozilla/5.0 (X11; Ubuntu; Linux x86_64; rv:109.0) Gecko/20100101 Firefox/113.0"
171.33.4.50 - - [05/Sep/2023:02:19:36 +0000] "POST /wp-admin/admin-ajax.php HTTP/1.1" 200 579 "http://www.sipress.com/wp-admin/edit-comments.php" "Mozilla/5.0 (X11; Linux x86_64; rv:102.0) Gecko/20100101 Firefox/102.0"
240.136.42.209 - - [05/Sep/2023:02:19:37 +0000] "GET /wp-admin/users.php HTTP/1.1" 200 12775 "http://www.sipress.com/wp-admin/upload.php" "Mozilla/5.0 (X11; Ubuntu; Linux x86_64; rv:109.0) Gecko/20100101 Firefox/113.0"
::1 - - [05/Sep/2023:02:19:38 +0000] "OPTIONS * HTTP/1.0" 200 126 "-" "Apache/2.4.29 (Ubuntu) (internal dummy connection)"
::1 - - [05/Sep/2023:02:19:39 +0000] "OPTIONS * HTTP/1.0" 200 126 "-" "Apache/2.4.29 (Ubuntu) (internal dummy connection)"
240.136.42.209 - - [05/Sep/2023:02:19:40 +0000] "GET / HTTP/1.1" 200 10297 "-" "Mozilla/5.0 (X11; Ubuntu; Linux x86_64; rv:109.0) Gecko/20100101 Firefox/113.0"
::1 - - [05/Sep/2023:02:19:41 +0000] "OPTIONS * HTTP/1.0" 200 126 "-" "Apache/2.4.29 (Ubuntu) (internal dummy connection)"
::1 - - [05/Sep/2023:02:19:42 +0000] "OPTIONS * HTTP/1.0" 200 126 "-" "Apache/2.4.29 (Ubuntu) (internal dummy connection)"
::1 - - [05/Sep/2023:02:19:45 +0000] "OPTIONS * HTTP/1.0" 200 126 "-" "Apache/2.4.29 (Ubuntu) (internal dummy connection)"
240.136.42.209 - - [05/Sep/2023:02:19:48 +0000] "GET / HTTP/1.1" 200 10298 "-" "Mozilla/5.0 (X11; Ubuntu; Linux x86_64; rv:109.0) Gecko/20100101 Firefox/113.0"
240.136.42.209 - - [05/Sep/2023:02:19:48 +0000] "GET /wp-admin/user-edit.php?user_id=6&wp_http_referer=%2Fwp-admin%2Fusers.php HTTP/1.1" 200 13143 "http://www.sipress.com/wp-admin/users.php" "Mozilla/5.0 (X11; Ubuntu; Linux x86_64; rv:109.0) Gecko/20100101 Firefox/113.0"
172.20.129.51 - - [05/Sep/2023:02:20:02 +0000] "GET /wp-admin/profile.php HTTP/1.1" 200 10930 "http://www.sipress.com/wp-admin/index.php" "Mozilla/5.0 (X11; Ubuntu; Linux x86_64; rv:109.0) Gecko/20100101 Firefox/113.0"
171.33.4.50 - - [05/Sep/2023:02:20:08 +0000] "GET /wp-admin/upload.php HTTP/1.1" 200 21374 "http://www.sipress.com/wp-admin/edit-comments.php" "Mozilla/5.0 (X11; Linux x86_64; rv:102.0) Gecko/20100101 Firefox/102.0"
171.33.4.50 - - [05/Sep/2023:02:20:08 +0000] "GET /wp-includes/js/mediaelement/wp-mediaelement.min.css?ver=6.1.1 HTTP/1.1" 200 1494 "http://www.sipress.com/wp-admin/upload.php" "Mozilla/5.0 (X11; Linux x86_64; rv:102.0) Gecko/20100101 Firefox/102.0"
171.33.4.50 - - [05/Sep/2023:02:20:08 +0000] "GET /wp-includes/js/imgareaselect/imgareaselect.css?ver=0.9.8 HTTP/1.1" 200 601 "http://www.sipress.com/wp-admin/upload.php" "Mozilla/5.0 (X11; Linux x86_64; rv:102.0) Gecko/20100101 Firefox/102.0"
171.33.4.50 - - [05/Sep/2023:02:20:08 +0000] "GET /wp-includes/js/mediaelement/mediaelementplayer-legacy.min.css?ver=4.2.17 HTTP/1.1" 200 2930 "http://www.sipress.com/wp-admin/upload.php" "Mozilla/5.0 (X11; Linux x86_64; rv:102.0) Gecko/20100101 Firefox/102.0"
171.33.4.50 - - [05/Sep/2023:02:20:08 +0000] "GET /wp-admin/load-styles.php?c=0&dir=ltr&load%5Bchunk_0%5D=dashicons,admin-bar,buttons,media-views,common,forms,admin-menu,dashboard,list-tables,edit,revisions,media,themes,about,nav-menu&load%5Bchunk_1%5D=s,wp-pointer,widgets,site-icon,l10n,wp-auth-check&ver=6.1.1 HTTP/1.1" 200 107532 "http://www.sipress.com/wp-admin/upload.php" "Mozilla/5.0 (X11; Linux x86_64; rv:102.0) Gecko/20100101 Firefox/102.0"
171.33.4.50 - - [05/Sep/2023:02:20:08 +0000] "GET /wp-includes/js/wp-backbone.min.js?ver=6.1.1 HTTP/1.1" 200 1525 "http://www.sipress.com/wp-admin/upload.php" "Mozilla/5.0 (X11; Linux x86_64; rv:102.0) Gecko/20100101 Firefox/102.0"
171.33.4.50 - - [05/Sep/2023:02:20:08 +0000] "GET /wp-includes/js/backbone.min.js?ver=1.4.1 HTTP/1.1" 200 8227 "http://www.sipress.com/wp-admin/upload.php" "Mozilla/5.0 (X11; Linux x86_64; rv:102.0) Gecko/20100101 Firefox/102.0"
171.33.4.50 - - [05/Sep/2023:02:20:08 +0000] "GET /wp-includes/js/mediaelement/mediaelement-migrate.min.js?ver=6.1.1 HTTP/1.1" 200 889 "http://www.sipress.com/wp-admin/upload.php" "Mozilla/5.0 (X11; Linux x86_64; rv:102.0) Gecko/20100101 Firefox/102.0"
171.33.4.50 - - [05/Sep/2023:02:20:08 +0000] "GET /wp-includes/js/media-models.min.js?ver=6.1.1 HTTP/1.1" 200 4469 "http://www.sipress.com/wp-admin/upload.php" "Mozilla/5.0 (X11; Linux x86_64; rv:102.0) Gecko/20100101 Firefox/102.0"
171.33.4.50 - - [05/Sep/2023:02:20:08 +0000] "GET /wp-includes/js/mediaelement/wp-mediaelement.min.js?ver=6.1.1 HTTP/1.1" 200 825 "http://www.sipress.com/wp-admin/upload.php" "Mozilla/5.0 (X11; Linux x86_64; rv:102.0) Gecko/20100101 Firefox/102.0"
171.33.4.50 - - [05/Sep/2023:02:20:08 +0000] "GET /wp-includes/js/api-request.min.js?ver=6.1.1 HTTP/1.1" 200 939 "http://www.sipress.com/wp-admin/upload.php" "Mozilla/5.0 (X11; Linux x86_64; rv:102.0) Gecko/20100101 Firefox/102.0"
171.33.4.50 - - [05/Sep/2023:02:20:08 +0000] "GET /wp-includes/js/mediaelement/mediaelement-and-player.min.js?ver=4.2.17 HTTP/1.1" 200 39142 "http://www.sipress.com/wp-admin/upload.php" "Mozilla/5.0 (X11; Linux x86_64; rv:102.0) Gecko/20100101 Firefox/102.0"
171.33.4.50 - - [05/Sep/2023:02:20:08 +0000] "GET /wp-includes/js/plupload/wp-plupload.min.js?ver=6.1.1 HTTP/1.1" 200 2672 "http://www.sipress.com/wp-admin/upload.php" "Mozilla/5.0 (X11; Linux x86_64; rv:102.0) Gecko/20100101 Firefox/102.0"
171.33.4.50 - - [05/Sep/2023:02:20:08 +0000] "GET /wp-includes/js/clipboard.min.js?ver=2.0.11 HTTP/1.1" 200 3501 "http://www.sipress.com/wp-admin/upload.php" "Mozilla/5.0 (X11; Linux x86_64; rv:102.0) Gecko/20100101 Firefox/102.0"
171.33.4.50 - - [05/Sep/2023:02:20:08 +0000] "GET /wp-includes/js/media-editor.min.js?ver=6.1.1 HTTP/1.1" 200 3955 "http://www.sipress.com/wp-admin/upload.php" "Mozilla/5.0 (X11; Linux x86_64; rv:102.0) Gecko/20100101 Firefox/102.0"
171.33.4.50 - - [05/Sep/2023:02:20:08 +0000] "GET /wp-includes/js/media-audiovideo.min.js?ver=6.1.1 HTTP/1.1" 200 3693 "http://www.sipress.com/wp-admin/upload.php" "Mozilla/5.0 (X11; Linux x86_64; rv:102.0) Gecko/20100101 Firefox/102.0"
171.33.4.50 - - [05/Sep/2023:02:20:08 +0000] "GET /wp-includes/js/imgareaselect/jquery.imgareaselect.min.js?ver=6.1.1 HTTP/1.1" 200 4049 "http://www.sipress.com/wp-admin/upload.php" "Mozilla/5.0 (X11; Linux x86_64; rv:102.0) Gecko/20100101 Firefox/102.0"
171.33.4.50 - - [05/Sep/2023:02:20:08 +0000] "GET /wp-admin/load-scripts.php?c=0&load%5Bchunk_0%5D=jquery-core,jquery-migrate,utils,moxiejs,plupload,jquery-ui-core,jquery-ui-mouse,jquery-ui-sortable&ver=6.1.1 HTTP/1.1" 200 80576 "http://www.sipress.com/wp-admin/upload.php" "Mozilla/5.0 (X11; Linux x86_64; rv:102.0) Gecko/20100101 Firefox/102.0"
171.33.4.50 - - [05/Sep/2023:02:20:08 +0000] "GET /wp-includes/js/mce-view.min.js?ver=6.1.1 HTTP/1.1" 200 4112 "http://www.sipress.com/wp-admin/upload.php" "Mozilla/5.0 (X11; Linux x86_64; rv:102.0) Gecko/20100101 Firefox/102.0"
171.33.4.50 - - [05/Sep/2023:02:20:08 +0000] "GET /wp-includes/js/media-views.min.js?ver=6.1.1 HTTP/1.1" 200 26094 "http://www.sipress.com/wp-admin/upload.php" "Mozilla/5.0 (X11; Linux x86_64; rv:102.0) Gecko/20100101 Firefox/102.0"
171.33.4.50 - - [05/Sep/2023:02:20:08 +0000] "GET /wp-admin/js/image-edit.min.js?ver=6.1.1 HTTP/1.1" 200 4121 "http://www.sipress.com/wp-admin/upload.php" "Mozilla/5.0 (X11; Linux x86_64; rv:102.0) Gecko/20100101 Firefox/102.0"
171.33.4.50 - - [05/Sep/2023:02:20:08 +0000] "GET /wp-includes/js/media-grid.min.js?ver=6.1.1 HTTP/1.1" 200 4189 "http://www.sipress.com/wp-admin/upload.php" "Mozilla/5.0 (X11; Linux x86_64; rv:102.0) Gecko/20100101 Firefox/102.0"
171.33.4.50 - - [05/Sep/2023:02:20:08 +0000] "GET /wp-admin/js/media.min.js?ver=6.1.1 HTTP/1.1" 200 1416 "http://www.sipress.com/wp-admin/upload.php" "Mozilla/5.0 (X11; Linux x86_64; rv:102.0) Gecko/20100101 Firefox/102.0"
171.33.4.50 - - [05/Sep/2023:02:20:08 +0000] "GET /wp-includes/images/spinner.gif HTTP/1.1" 200 3941 "http://www.sipress.com/wp-admin/load-styles.php?c=0&dir=ltr&load%5Bchunk_0%5D=dashicons,admin-bar,buttons,media-views,common,forms,admin-menu,dashboard,list-tables,edit,revisions,media,themes,about,nav-menu&load%5Bchunk_1%5D=s,wp-pointer,widgets,site-icon,l10n,wp-auth-check&ver=6.1.1" "Mozilla/5.0 (X11; Linux x86_64; rv:102.0) Gecko/20100101 Firefox/102.0"
171.33.4.50 - - [05/Sep/2023:02:20:08 +0000] "POST /wp-admin/admin-ajax.php HTTP/1.1" 200 592 "http://www.sipress.com/wp-admin/upload.php" "Mozilla/5.0 (X11; Linux x86_64; rv:102.0) Gecko/20100101 Firefox/102.0"
171.33.4.50 - - [05/Sep/2023:02:20:09 +0000] "GET /wp-admin/upload.php HTTP/1.1" 200 21373 "http://www.sipress.com/wp-admin/upload.php" "Mozilla/5.0 (X11; Linux x86_64; rv:102.0) Gecko/20100101 Firefox/102.0"
171.33.4.50 - - [05/Sep/2023:02:20:10 +0000] "POST /wp-admin/admin-ajax.php HTTP/1.1" 200 592 "http://www.sipress.com/wp-admin/upload.php" "Mozilla/5.0 (X11; Linux x86_64; rv:102.0) Gecko/20100101 Firefox/102.0"
10.112.25.200 - - [05/Sep/2023:02:20:13 +0000] "GET /wp-admin/profile.php HTTP/1.1" 200 11705 "http://www.sipress.com/wp-admin/" "Mozilla/5.0 (X11; Ubuntu; Linux x86_64; rv:109.0) Gecko/20100101 Firefox/113.0"
10.112.25.200 - - [05/Sep/2023:02:20:13 +0000] "GET /wp-admin/load-scripts.php?c=0&load%5Bchunk_0%5D=jquery-core,jquery-migrate,utils,zxcvbn-async,jquery-ui-core,jquery-ui-mouse,jquery-ui-sortable&ver=6.1.1 HTTP/1.1" 200 48694 "http://www.sipress.com/wp-admin/profile.php" "Mozilla/5.0 (X11; Ubuntu; Linux x86_64; rv:109.0) Gecko/20100101 Firefox/113.0"
10.112.25.200 - - [05/Sep/2023:02:20:14 +0000] "GET /wp-admin/upload.php HTTP/1.1" 200 21242 "http://www.sipress.com/wp-admin/profile.php" "Mozilla/5.0 (X11; Ubuntu; Linux x86_64; rv:109.0) Gecko/20100101 Firefox/113.0"
10.112.25.200 - - [05/Sep/2023:02:20:14 +0000] "GET /wp-includes/js/mediaelement/mediaelementplayer-legacy.min.css?ver=4.2.17 HTTP/1.1" 200 2930 "http://www.sipress.com/wp-admin/upload.php" "Mozilla/5.0 (X11; Ubuntu; Linux x86_64; rv:109.0) Gecko/20100101 Firefox/113.0"
10.112.25.200 - - [05/Sep/2023:02:20:14 +0000] "GET /wp-includes/js/mediaelement/wp-mediaelement.min.css?ver=6.1.1 HTTP/1.1" 200 1494 "http://www.sipress.com/wp-admin/upload.php" "Mozilla/5.0 (X11; Ubuntu; Linux x86_64; rv:109.0) Gecko/20100101 Firefox/113.0"
10.112.25.200 - - [05/Sep/2023:02:20:14 +0000] "GET /wp-includes/js/imgareaselect/imgareaselect.css?ver=0.9.8 HTTP/1.1" 200 600 "http://www.sipress.com/wp-admin/upload.php" "Mozilla/5.0 (X11; Ubuntu; Linux x86_64; rv:109.0) Gecko/20100101 Firefox/113.0"
10.112.25.200 - - [05/Sep/2023:02:20:14 +0000] "GET /wp-admin/load-scripts.php?c=0&load%5Bchunk_0%5D=jquery-core,jquery-migrate,utils,moxiejs,plupload,jquery-ui-core,jquery-ui-mouse,jquery-ui-sortable&ver=6.1.1 HTTP/1.1" 200 80576 "http://www.sipress.com/wp-admin/upload.php" "Mozilla/5.0 (X11; Ubuntu; Linux x86_64; rv:109.0) Gecko/20100101 Firefox/113.0"
10.112.25.200 - - [05/Sep/2023:02:20:14 +0000] "GET /wp-includes/js/backbone.min.js?ver=1.4.1 HTTP/1.1" 200 8227 "http://www.sipress.com/wp-admin/upload.php" "Mozilla/5.0 (X11; Ubuntu; Linux x86_64; rv:109.0) Gecko/20100101 Firefox/113.0"
10.112.25.200 - - [05/Sep/2023:02:20:14 +0000] "GET /wp-includes/js/wp-backbone.min.js?ver=6.1.1 HTTP/1.1" 200 1525 "http://www.sipress.com/wp-admin/upload.php" "Mozilla/5.0 (X11; Ubuntu; Linux x86_64; rv:109.0) Gecko/20100101 Firefox/113.0"
10.112.25.200 - - [05/Sep/2023:02:20:14 +0000] "GET /wp-includes/js/media-models.min.js?ver=6.1.1 HTTP/1.1" 200 4469 "http://www.sipress.com/wp-admin/upload.php" "Mozilla/5.0 (X11; Ubuntu; Linux x86_64; rv:109.0) Gecko/20100101 Firefox/113.0"
10.112.25.200 - - [05/Sep/2023:02:20:14 +0000] "GET /wp-includes/js/plupload/wp-plupload.min.js?ver=6.1.1 HTTP/1.1" 200 2672 "http://www.sipress.com/wp-admin/upload.php" "Mozilla/5.0 (X11; Ubuntu; Linux x86_64; rv:109.0) Gecko/20100101 Firefox/113.0"
10.112.25.200 - - [05/Sep/2023:02:20:14 +0000] "GET /wp-admin/load-styles.php?c=0&dir=ltr&load%5Bchunk_0%5D=dashicons,admin-bar,buttons,media-views,common,forms,admin-menu,dashboard,list-tables,edit,revisions,media,themes,about,nav-menu&load%5Bchunk_1%5D=s,wp-pointer,widgets,site-icon,l10n,wp-auth-check&ver=6.1.1 HTTP/1.1" 200 107532 "http://www.sipress.com/wp-admin/upload.php" "Mozilla/5.0 (X11; Ubuntu; Linux x86_64; rv:109.0) Gecko/20100101 Firefox/113.0"
10.112.25.200 - - [05/Sep/2023:02:20:14 +0000] "GET /wp-includes/js/mediaelement/mediaelement-and-player.min.js?ver=4.2.17 HTTP/1.1" 200 39142 "http://www.sipress.com/wp-admin/upload.php" "Mozilla/5.0 (X11; Ubuntu; Linux x86_64; rv:109.0) Gecko/20100101 Firefox/113.0"
10.112.25.200 - - [05/Sep/2023:02:20:14 +0000] "GET /wp-includes/js/mediaelement/wp-mediaelement.min.js?ver=6.1.1 HTTP/1.1" 200 824 "http://www.sipress.com/wp-admin/upload.php" "Mozilla/5.0 (X11; Ubuntu; Linux x86_64; rv:109.0) Gecko/20100101 Firefox/113.0"
10.112.25.200 - - [05/Sep/2023:02:20:14 +0000] "GET /wp-includes/js/media-editor.min.js?ver=6.1.1 HTTP/1.1" 200 3955 "http://www.sipress.com/wp-admin/upload.php" "Mozilla/5.0 (X11; Ubuntu; Linux x86_64; rv:109.0) Gecko/20100101 Firefox/113.0"
10.112.25.200 - - [05/Sep/2023:02:20:14 +0000] "GET /wp-includes/js/mce-view.min.js?ver=6.1.1 HTTP/1.1" 200 4112 "http://www.sipress.com/wp-admin/upload.php" "Mozilla/5.0 (X11; Ubuntu; Linux x86_64; rv:109.0) Gecko/20100101 Firefox/113.0"
10.112.25.200 - - [05/Sep/2023:02:20:14 +0000] "GET /wp-includes/js/imgareaselect/jquery.imgareaselect.min.js?ver=6.1.1 HTTP/1.1" 200 4049 "http://www.sipress.com/wp-admin/upload.php" "Mozilla/5.0 (X11; Ubuntu; Linux x86_64; rv:109.0) Gecko/20100101 Firefox/113.0"
10.112.25.200 - - [05/Sep/2023:02:20:14 +0000] "GET /wp-includes/js/media-audiovideo.min.js?ver=6.1.1 HTTP/1.1" 200 3693 "http://www.sipress.com/wp-admin/upload.php" "Mozilla/5.0 (X11; Ubuntu; Linux x86_64; rv:109.0) Gecko/20100101 Firefox/113.0"
10.112.25.200 - - [05/Sep/2023:02:20:14 +0000] "GET /wp-includes/js/mediaelement/mediaelement-migrate.min.js?ver=6.1.1 HTTP/1.1" 200 889 "http://www.sipress.com/wp-admin/upload.php" "Mozilla/5.0 (X11; Ubuntu; Linux x86_64; rv:109.0) Gecko/20100101 Firefox/113.0"
10.112.25.200 - - [05/Sep/2023:02:20:14 +0000] "GET /wp-includes/js/api-request.min.js?ver=6.1.1 HTTP/1.1" 200 940 "http://www.sipress.com/wp-admin/upload.php" "Mozilla/5.0 (X11; Ubuntu; Linux x86_64; rv:109.0) Gecko/20100101 Firefox/113.0"
10.112.25.200 - - [05/Sep/2023:02:20:14 +0000] "GET /wp-admin/js/image-edit.min.js?ver=6.1.1 HTTP/1.1" 200 4121 "http://www.sipress.com/wp-admin/upload.php" "Mozilla/5.0 (X11; Ubuntu; Linux x86_64; rv:109.0) Gecko/20100101 Firefox/113.0"
10.112.25.200 - - [05/Sep/2023:02:20:14 +0000] "GET /wp-includes/js/media-views.min.js?ver=6.1.1 HTTP/1.1" 200 26095 "http://www.sipress.com/wp-admin/upload.php" "Mozilla/5.0 (X11; Ubuntu; Linux x86_64; rv:109.0) Gecko/20100101 Firefox/113.0"
10.112.25.200 - - [05/Sep/2023:02:20:14 +0000] "GET /wp-includes/js/media-grid.min.js?ver=6.1.1 HTTP/1.1" 200 4189 "http://www.sipress.com/wp-admin/upload.php" "Mozilla/5.0 (X11; Ubuntu; Linux x86_64; rv:109.0) Gecko/20100101 Firefox/113.0"
10.112.25.200 - - [05/Sep/2023:02:20:14 +0000] "GET /wp-includes/js/clipboard.min.js?ver=2.0.11 HTTP/1.1" 200 3501 "http://www.sipress.com/wp-admin/upload.php" "Mozilla/5.0 (X11; Ubuntu; Linux x86_64; rv:109.0) Gecko/20100101 Firefox/113.0"
10.112.25.200 - - [05/Sep/2023:02:20:14 +0000] "GET /wp-admin/js/media.min.js?ver=6.1.1 HTTP/1.1" 200 1416 "http://www.sipress.com/wp-admin/upload.php" "Mozilla/5.0 (X11; Ubuntu; Linux x86_64; rv:109.0) Gecko/20100101 Firefox/113.0"
10.112.25.200 - - [05/Sep/2023:02:20:15 +0000] "GET /wp-includes/images/spinner.gif HTTP/1.1" 200 3941 "http://www.sipress.com/wp-admin/load-styles.php?c=0&dir=ltr&load%5Bchunk_0%5D=dashicons,admin-bar,buttons,media-views,common,forms,admin-menu,dashboard,list-tables,edit,revisions,media,themes,about,nav-menu&load%5Bchunk_1%5D=s,wp-pointer,widgets,site-icon,l10n,wp-auth-check&ver=6.1.1" "Mozilla/5.0 (X11; Ubuntu; Linux x86_64; rv:109.0) Gecko/20100101 Firefox/113.0"
10.112.25.200 - - [05/Sep/2023:02:20:15 +0000] "POST /wp-admin/admin-ajax.php HTTP/1.1" 200 592 "http://www.sipress.com/wp-admin/upload.php" "Mozilla/5.0 (X11; Ubuntu; Linux x86_64; rv:109.0) Gecko/20100101 Firefox/113.0"
10.112.25.200 - - [05/Sep/2023:02:20:15 +0000] "GET /wp-admin/edit.php HTTP/1.1" 200 12452 "http://www.sipress.com/wp-admin/upload.php" "Mozilla/5.0 (X11; Ubuntu; Linux x86_64; rv:109.0) Gecko/20100101 Firefox/113.0"
10.112.25.200 - - [05/Sep/2023:02:20:15 +0000] "GET /wp-admin/js/tags-suggest.min.js?ver=6.1.1 HTTP/1.1" 200 1423 "http://www.sipress.com/wp-admin/edit.php" "Mozilla/5.0 (X11; Ubuntu; Linux x86_64; rv:109.0) Gecko/20100101 Firefox/113.0"
10.112.25.200 - - [05/Sep/2023:02:20:15 +0000] "GET /wp-admin/js/inline-edit-post.min.js?ver=6.1.1 HTTP/1.1" 200 3288 "http://www.sipress.com/wp-admin/edit.php" "Mozilla/5.0 (X11; Ubuntu; Linux x86_64; rv:109.0) Gecko/20100101 Firefox/113.0"
10.112.25.200 - - [05/Sep/2023:02:20:15 +0000] "POST /wp-admin/admin-ajax.php HTTP/1.1" 200 578 "http://www.sipress.com/wp-admin/edit.php" "Mozilla/5.0 (X11; Ubuntu; Linux x86_64; rv:109.0) Gecko/20100101 Firefox/113.0"
171.33.4.50 - - [05/Sep/2023:02:20:16 +0000] "GET / HTTP/1.1" 200 10298 "-" "Mozilla/5.0 (X11; Linux x86_64; rv:102.0) Gecko/20100101 Firefox/102.0"
171.33.4.50 - - [05/Sep/2023:02:20:16 +0000] "GET / HTTP/1.1" 200 10298 "-" "Mozilla/5.0 (X11; Linux x86_64; rv:102.0) Gecko/20100101 Firefox/102.0"
10.112.25.200 - - [05/Sep/2023:02:20:18 +0000] "GET /index.php/2023/08/30/hello-world/ HTTP/1.1" 200 13622 "http://www.sipress.com/wp-admin/edit.php" "Mozilla/5.0 (X11; Ubuntu; Linux x86_64; rv:109.0) Gecko/20100101 Firefox/113.0"
10.112.25.200 - - [05/Sep/2023:02:20:18 +0000] "GET /wp-includes/css/admin-bar.min.css?ver=6.1.1 HTTP/1.1" 200 4169 "http://www.sipress.com/index.php/2023/08/30/hello-world/" "Mozilla/5.0 (X11; Ubuntu; Linux x86_64; rv:109.0) Gecko/20100101 Firefox/113.0"
10.112.25.200 - - [05/Sep/2023:02:20:18 +0000] "GET /wp-includes/js/comment-reply.min.js?ver=6.1.1 HTTP/1.1" 200 1701 "http://www.sipress.com/index.php/2023/08/30/hello-world/" "Mozilla/5.0 (X11; Ubuntu; Linux x86_64; rv:109.0) Gecko/20100101 Firefox/113.0"
10.112.25.200 - - [05/Sep/2023:02:20:20 +0000] "GET /wp-admin/about.php HTTP/1.1" 200 14691 "http://www.sipress.com/index.php/2023/08/30/hello-world/" "Mozilla/5.0 (X11; Ubuntu; Linux x86_64; rv:109.0) Gecko/20100101 Firefox/113.0"
10.112.25.200 - - [05/Sep/2023:02:20:20 +0000] "GET /wp-admin/images/about-header-about.svg?ver=6.1 HTTP/1.1" 200 4334 "http://www.sipress.com/wp-admin/load-styles.php?c=0&dir=ltr&load%5Bchunk_0%5D=dashicons,admin-bar,common,forms,admin-menu,dashboard,list-tables,edit,revisions,media,themes,about,nav-menus,wp-pointer,widgets&load%5Bchunk_1%5D=,site-icon,l10n,buttons,wp-auth-check&ver=6.1.1" "Mozilla/5.0 (X11; Ubuntu; Linux x86_64; rv:109.0) Gecko/20100101 Firefox/113.0"
::1 - - [05/Sep/2023:02:20:22 +0000] "OPTIONS * HTTP/1.0" 200 126 "-" "Apache/2.4.29 (Ubuntu) (internal dummy connection)"
::1 - - [05/Sep/2023:02:20:25 +0000] "OPTIONS * HTTP/1.0" 200 126 "-" "Apache/2.4.29 (Ubuntu) (internal dummy connection)"
::1 - - [05/Sep/2023:02:20:26 +0000] "OPTIONS * HTTP/1.0" 200 126 "-" "Apache/2.4.29 (Ubuntu) (internal dummy connection)"
::1 - - [05/Sep/2023:02:20:31 +0000] "OPTIONS * HTTP/1.0" 200 126 "-" "Apache/2.4.29 (Ubuntu) (internal dummy connection)"
240.136.42.209 - - [05/Sep/2023:02:20:54 +0000] "POST /wp-admin/admin-ajax.php HTTP/1.1" 200 579 "http://www.sipress.com/wp-admin/users.php" "Mozilla/5.0 (X11; Ubuntu; Linux x86_64; rv:109.0) Gecko/20100101 Firefox/113.0"
47.53.122.78 - - [05/Sep/2023:02:20:56 +0000] "POST /wp-admin/admin-ajax.php HTTP/1.1" 200 579 "http://www.sipress.com/wp-admin/" "Mozilla/5.0 (X11; Linux x86_64; rv:91.0) Gecko/20100101 Firefox/91.0"
172.20.129.51 - - [05/Sep/2023:02:21:06 +0000] "POST /wp-admin/admin-ajax.php HTTP/1.1" 200 579 "http://www.sipress.com/wp-admin/profile.php" "Mozilla/5.0 (X11; Ubuntu; Linux x86_64; rv:109.0) Gecko/20100101 Firefox/113.0"
171.33.4.50 - - [05/Sep/2023:02:21:10 +0000] "POST /wp-admin/admin-ajax.php HTTP/1.1" 200 579 "http://www.sipress.com/wp-admin/upload.php" "Mozilla/5.0 (X11; Linux x86_64; rv:102.0) Gecko/20100101 Firefox/102.0"
10.112.25.200 - - [05/Sep/2023:02:21:20 +0000] "POST /wp-admin/admin-ajax.php HTTP/1.1" 200 579 "http://www.sipress.com/wp-admin/about.php" "Mozilla/5.0 (X11; Ubuntu; Linux x86_64; rv:109.0) Gecko/20100101 Firefox/113.0"
47.53.122.78 - - [05/Sep/2023:02:26:56 +0000] "POST /wp-admin/admin-ajax.php HTTP/1.1" 200 579 "http://www.sipress.com/wp-admin/" "Mozilla/5.0 (X11; Linux x86_64; rv:91.0) Gecko/20100101 Firefox/91.0"
172.20.129.51 - - [05/Sep/2023:02:27:04 +0000] "POST /wp-admin/admin-ajax.php HTTP/1.1" 200 579 "http://www.sipress.com/wp-admin/profile.php" "Mozilla/5.0 (X11; Ubuntu; Linux x86_64; rv:109.0) Gecko/20100101 Firefox/113.0"
240.136.42.209 - - [05/Sep/2023:02:27:04 +0000] "POST /wp-admin/admin-ajax.php HTTP/1.1" 200 579 "http://www.sipress.com/wp-admin/users.php" "Mozilla/5.0 (X11; Ubuntu; Linux x86_64; rv:109.0) Gecko/20100101 Firefox/113.0"
171.33.4.50 - - [05/Sep/2023:02:27:10 +0000] "POST /wp-admin/admin-ajax.php HTTP/1.1" 200 579 "http://www.sipress.com/wp-admin/upload.php" "Mozilla/5.0 (X11; Linux x86_64; rv:102.0) Gecko/20100101 Firefox/102.0"
10.112.25.200 - - [05/Sep/2023:02:27:30 +0000] "POST /wp-admin/admin-ajax.php HTTP/1.1" 200 579 "http://www.sipress.com/wp-admin/about.php" "Mozilla/5.0 (X11; Ubuntu; Linux x86_64; rv:109.0) Gecko/20100101 Firefox/113.0"
240.136.42.209 - - [05/Sep/2023:02:27:54 +0000] "POST /wp-admin/admin-ajax.php HTTP/1.1" 200 579 "http://www.sipress.com/wp-admin/users.php" "Mozilla/5.0 (X11; Ubuntu; Linux x86_64; rv:109.0) Gecko/20100101 Firefox/113.0"
172.20.129.51 - - [05/Sep/2023:02:28:03 +0000] "POST /wp-admin/admin-ajax.php HTTP/1.1" 200 579 "http://www.sipress.com/wp-admin/profile.php" "Mozilla/5.0 (X11; Ubuntu; Linux x86_64; rv:109.0) Gecko/20100101 Firefox/113.0"
171.33.4.50 - - [05/Sep/2023:02:28:10 +0000] "POST /wp-admin/admin-ajax.php HTTP/1.1" 200 579 "http://www.sipress.com/wp-admin/upload.php" "Mozilla/5.0 (X11; Linux x86_64; rv:102.0) Gecko/20100101 Firefox/102.0"
10.112.25.200 - - [05/Sep/2023:02:28:20 +0000] "POST /wp-admin/admin-ajax.php HTTP/1.1" 200 579 "http://www.sipress.com/wp-admin/about.php" "Mozilla/5.0 (X11; Ubuntu; Linux x86_64; rv:109.0) Gecko/20100101 Firefox/113.0"
47.53.122.78 - - [05/Sep/2023:02:28:56 +0000] "POST /wp-admin/admin-ajax.php HTTP/1.1" 200 579 "http://www.sipress.com/wp-admin/" "Mozilla/5.0 (X11; Linux x86_64; rv:91.0) Gecko/20100101 Firefox/91.0"
240.136.42.209 - - [05/Sep/2023:02:28:59 +0000] "POST /wp-admin/admin-ajax.php HTTP/1.1" 200 579 "http://www.sipress.com/wp-admin/users.php" "Mozilla/5.0 (X11; Ubuntu; Linux x86_64; rv:109.0) Gecko/20100101 Firefox/113.0"
172.20.129.51 - - [05/Sep/2023:02:29:04 +0000] "POST /wp-admin/admin-ajax.php HTTP/1.1" 200 579 "http://www.sipress.com/wp-admin/profile.php" "Mozilla/5.0 (X11; Ubuntu; Linux x86_64; rv:109.0) Gecko/20100101 Firefox/113.0"
171.33.4.50 - - [05/Sep/2023:02:29:10 +0000] "POST /wp-admin/admin-ajax.php HTTP/1.1" 200 579 "http://www.sipress.com/wp-admin/upload.php" "Mozilla/5.0 (X11; Linux x86_64; rv:102.0) Gecko/20100101 Firefox/102.0"
10.112.25.200 - - [05/Sep/2023:02:29:20 +0000] "POST /wp-admin/admin-ajax.php HTTP/1.1" 200 579 "http://www.sipress.com/wp-admin/about.php" "Mozilla/5.0 (X11; Ubuntu; Linux x86_64; rv:109.0) Gecko/20100101 Firefox/113.0"
47.53.122.78 - - [05/Sep/2023:02:29:34 +0000] "GET / HTTP/1.1" 200 10298 "-" "python-requests/2.24.0"
240.136.42.209 - - [05/Sep/2023:02:29:36 +0000] "GET / HTTP/1.1" 200 10298 "-" "Mozilla/5.0 (X11; Ubuntu; Linux x86_64; rv:109.0) Gecko/20100101 Firefox/113.0"
